******************************************************************************
                  TI ARM Linker PC v16.9.0                     
******************************************************************************
>> Linked Sat Jan 14 21:57:01 2017

OUTPUT FILE NAME:   <host_test_cc2650em_app.out>
ENTRY POINT SYMBOL: "ResetISR"  address: 000051e9


MEMORY CONFIGURATION

         name            origin    length      used     unused   attr    fill
----------------------  --------  ---------  --------  --------  ----  --------
  FLASH                 00000000   00008000  0000711e  00000ee2  R  X
  FLASH_LAST_PAGE       0001f000   00001000  00000058  00000fa8  R  X
  SRAM                  20000000   00004368  00002113  00002255  RW X


SEGMENT ALLOCATION MAP

run origin  load origin   length   init length attrs members
----------  ----------- ---------- ----------- ----- -------
00000000    00000000    00007128   00007128    r-x
  00000000    00000000    0000003c   0000003c    r-- .resetVecs
  0000003c    0000003c    000000c4   000000c4    r-x .text.1
  00000100    00000100    0000003c   0000003c    r-- .const:ti_sysbios_knl_Task_Object__PARAMS__C
  0000013c    0000013c    00000034   00000034    r-- .const:ti_sysbios_knl_Mailbox_Object__PARAMS__C
  00000170    00000170    00000030   00000030    r-- .const:ti_sysbios_family_arm_m3_Hwi_Object__PARAMS__C
  000001a0    000001a0    0000002c   0000002c    r-- .const:ti_sysbios_hal_Hwi_Object__PARAMS__C
  000001cc    000001cc    00000028   00000028    r-- .const:ti_sysbios_heaps_HeapMem_Module__FXNS__C
  000001f4    000001f4    00000028   00000028    r-- .const:ti_sysbios_knl_Swi_Object__PARAMS__C
  0000021c    0000021c    00000024   00000024    r-- .const:ti_sysbios_gates_GateHwi_Module__FXNS__C
  00000240    00000240    00000024   00000024    r-- .const:ti_sysbios_gates_GateMutex_Module__FXNS__C
  00000264    00000264    00000024   00000024    r-- .const:ti_sysbios_heaps_HeapMem_Object__PARAMS__C
  00000288    00000288    00000024   00000024    r-- .const:ti_sysbios_knl_Clock_Object__PARAMS__C
  000002ac    000002ac    00000024   00000024    r-- .const:ti_sysbios_knl_Semaphore_Object__PARAMS__C
  000002d0    000002d0    00000020   00000020    r-- .const:ti_sysbios_family_arm_m3_Hwi_Object__DESC__C
  000002f0    000002f0    00000020   00000020    r-- .const:ti_sysbios_gates_GateHwi_Object__DESC__C
  00000310    00000310    00000020   00000020    r-- .const:ti_sysbios_gates_GateMutex_Object__DESC__C
  00000330    00000330    00000020   00000020    r-- .const:ti_sysbios_hal_Hwi_Object__DESC__C
  00000350    00000350    00000020   00000020    r-- .const:ti_sysbios_heaps_HeapMem_Object__DESC__C
  00000370    00000370    00000020   00000020    r-- .const:ti_sysbios_knl_Clock_Object__DESC__C
  00000390    00000390    00000020   00000020    r-- .const:ti_sysbios_knl_Mailbox_Object__DESC__C
  000003b0    000003b0    00000020   00000020    r-- .const:ti_sysbios_knl_Queue_Object__DESC__C
  000003d0    000003d0    00000020   00000020    r-- .const:ti_sysbios_knl_Semaphore_Object__DESC__C
  000003f0    000003f0    00000020   00000020    r-- .const:ti_sysbios_knl_Swi_Object__DESC__C
  00000410    00000410    00000020   00000020    r-- .const:ti_sysbios_knl_Task_Object__DESC__C
  00000430    00000430    00000018   00000018    r-- .const:ti_sysbios_gates_GateHwi_Object__PARAMS__C
  00000448    00000448    00000018   00000018    r-- .const:ti_sysbios_gates_GateMutex_Object__PARAMS__C
  00000460    00000460    00000018   00000018    r-- .const:ti_sysbios_knl_Queue_Object__PARAMS__C
  00000478    00000478    00000008   00000008    r-- .const:ti_sysbios_knl_Idle_funcList__C
  00000480    00000480    00000004   00000004    r-x .text.2
  00000484    00000484    00000004   00000004    r-- .const:ti_sysbios_family_arm_cc26xx_Timer_startupNeeded__C
  00000488    00000488    00000004   00000004    r-- .const:ti_sysbios_family_arm_m3_Hwi_E_alreadyDefined__C
  0000048c    0000048c    00000004   00000004    r-- .const:ti_sysbios_family_arm_m3_Hwi_E_hwiLimitExceeded__C
  00000490    00000490    00000004   00000004    r-- .const:ti_sysbios_family_arm_m3_Hwi_NUM_INTERRUPTS__C
  00000494    00000494    00000004   00000004    r-- .const:ti_sysbios_family_arm_m3_Hwi_Object__count__C
  00000498    00000498    00000004   00000004    r-- .const:ti_sysbios_family_arm_m3_Hwi_Object__table__C
  0000049c    0000049c    00000004   00000004    r-- .const:ti_sysbios_family_arm_m3_Hwi_ccr__C
  000004a0    000004a0    00000004   00000004    r-- .const:ti_sysbios_family_arm_m3_Hwi_excHandlerFunc__C
  000004a4    000004a4    00000004   00000004    r-- .const:ti_sysbios_family_arm_m3_Hwi_nullIsrFunc__C
  000004a8    000004a8    00000004   00000004    r-- .const:ti_sysbios_family_arm_m3_Hwi_numSparseInterrupts__C
  000004ac    000004ac    00000004   00000004    r-- .const:ti_sysbios_family_arm_m3_Hwi_priGroup__C
  000004b0    000004b0    00000004   00000004    r-- .const:ti_sysbios_family_arm_m3_TaskSupport_stackAlignment__C
  000004b4    000004b4    00000004   00000004    r-- .const:ti_sysbios_heaps_HeapMem_E_memory__C
  000004b8    000004b8    00000004   00000004    r-- .const:ti_sysbios_heaps_HeapMem_Module__gateObj__C
  000004bc    000004bc    00000004   00000004    r-- .const:ti_sysbios_heaps_HeapMem_Object__count__C
  000004c0    000004c0    00000004   00000004    r-- .const:ti_sysbios_heaps_HeapMem_Object__table__C
  000004c4    000004c4    00000004   00000004    r-- .const:ti_sysbios_heaps_HeapMem_reqAlign__C
  000004c8    000004c8    00000004   00000004    r-- .const:ti_sysbios_knl_Clock_serviceMargin__C
  000004cc    000004cc    00000004   00000004    r-- .const:ti_sysbios_knl_Mailbox_Object__count__C
  000004d0    000004d0    00000004   00000004    r-- .const:ti_sysbios_knl_Mailbox_Object__table__C
  000004d4    000004d4    00000004   00000004    r-- .const:ti_sysbios_knl_Queue_Object__count__C
  000004d8    000004d8    00000004   00000004    r-- .const:ti_sysbios_knl_Queue_Object__table__C
  000004dc    000004dc    00000004   00000004    r-- .const:ti_sysbios_knl_Swi_Object__count__C
  000004e0    000004e0    00000004   00000004    r-- .const:ti_sysbios_knl_Swi_Object__table__C
  000004e4    000004e4    00000004   00000004    r-- .const:ti_sysbios_knl_Swi_numPriorities__C
  000004e8    000004e8    00000004   00000004    r-- .const:ti_sysbios_knl_Task_Object__count__C
  000004ec    000004ec    00000004   00000004    r-- .const:ti_sysbios_knl_Task_Object__table__C
  000004f0    000004f0    00000004   00000004    r-- .const:ti_sysbios_knl_Task_allBlockedFunc__C
  000004f4    000004f4    00000004   00000004    r-- .const:ti_sysbios_knl_Task_defaultStackHeap__C
  000004f8    000004f8    00000004   00000004    r-- .const:ti_sysbios_knl_Task_defaultStackSize__C
  000004fc    000004fc    00000004   00000004    r-- .const:ti_sysbios_knl_Task_numConstructedTasks__C
  00000500    00000500    00000002   00000002    r-x .text.3
  00000502    00000502    00000002   00000002    r-- .const:ti_sysbios_family_arm_cc26xx_Timer_Module__id__C
  00000504    00000504    00000002   00000002    r-- .const:ti_sysbios_family_arm_cc26xx_TimestampProvider_useClockTimer__C
  00000506    00000506    00000002   00000002    r-- .const:ti_sysbios_family_arm_m3_Hwi_Module__id__C
  00000508    00000508    00000002   00000002    r-- .const:ti_sysbios_gates_GateHwi_Module__id__C
  0000050a    0000050a    00000002   00000002    r-- .const:ti_sysbios_gates_GateMutex_Module__id__C
  0000050c    0000050c    00000002   00000002    r-- .const:ti_sysbios_heaps_HeapMem_Module__id__C
  0000050e    0000050e    00000002   00000002    r-- .const:ti_sysbios_knl_Task_initStackFlag__C
  00000510    00000510    00000001   00000001    r-- .const:ti_sysbios_knl_Clock_tickMode__C
  00000514    00000514    00000008   00000008    r-- .const:xdc_runtime_Startup_firstFxns__C
  0000051c    0000051c    00000008   00000008    r-- .const:xdc_runtime_Startup_lastFxns__C
  00000524    00000524    00000004   00000004    r-- .const:xdc_runtime_Assert_E_assertFailed__C
  00000528    00000528    00000004   00000004    r-- .const:xdc_runtime_Error_E_memory__C
  0000052c    0000052c    00000004   00000004    r-- .const:xdc_runtime_Error_policyFxn__C
  00000530    00000530    00000004   00000004    r-- .const:xdc_runtime_IGateProvider_Interface__BASE__C
  00000534    00000534    00000004   00000004    r-- .const:xdc_runtime_IHeap_Interface__BASE__C
  00000538    00000538    00000004   00000004    r-- .const:xdc_runtime_IModule_Interface__BASE__C
  0000053c    0000053c    00000004   00000004    r-- .const:xdc_runtime_Main_Module__diagsEnabled__C
  00000540    00000540    00000004   00000004    r-- .const:xdc_runtime_Main_Module__diagsIncluded__C
  00000544    00000544    00000004   00000004    r-- .const:xdc_runtime_Main_Module__diagsMask__C
  00000548    00000548    00000004   00000004    r-- .const:xdc_runtime_Memory_defaultHeapInstance__C
  0000054c    0000054c    00000004   00000004    r-- .const:xdc_runtime_Startup_execImpl__C
  00000550    00000550    00000004   00000004    r-- .const:xdc_runtime_Startup_maxPasses__C
  00000554    00000554    00000004   00000004    r-- .const:xdc_runtime_Startup_sfxnRts__C
  00000558    00000558    00000004   00000004    r-- .const:xdc_runtime_Startup_sfxnTab__C
  0000055c    0000055c    00000004   00000004    r-- .const:xdc_runtime_Startup_startModsFxn__C
  00000560    00000560    00000004   00000004    r-- .const:xdc_runtime_SysCallback_abortFxn__C
  00000564    00000564    00000004   00000004    r-- .const:xdc_runtime_SysCallback_exitFxn__C
  00000568    00000568    00000004   00000004    r-- .const:xdc_runtime_System_abortFxn__C
  0000056c    0000056c    00000004   00000004    r-- .const:xdc_runtime_System_exitFxn__C
  00000570    00000570    00000004   00000004    r-- .const:xdc_runtime_System_maxAtexitHandlers__C
  00000574    00000574    00000004   00000004    r-- .const:xdc_runtime_Text_charTab__C
  00000578    00000578    00000004   00000004    r-- .const:xdc_runtime_Text_nameEmpty__C
  0000057c    0000057c    00000004   00000004    r-- .const:xdc_runtime_Text_nameStatic__C
  00000580    00000580    00000004   00000004    r-- .const:xdc_runtime_Text_nameUnknown__C
  00000584    00000584    00000002   00000002    r-- .const:xdc_runtime_Main_Module__id__C
  00000586    00000586    00000002   00000002    r-- .const:xdc_runtime_Memory_Module__id__C
  00000588    00000588    00000002   00000002    r-- .const:xdc_runtime_Text_charCnt__C
  0000058a    0000058a    00000002   00000002    r-- .const:xdc_runtime_Text_isLoaded__C
  0000058c    0000058c    00000001   00000001    r-- .const:xdc_runtime_Error_policy__C
  00000590    00000590    00000004   00000004    r-- .const:ti_sysbios_rom_ROM_AONRTCChannelEnable
  00000594    00000594    00000004   00000004    r-- .const:ti_sysbios_rom_ROM_AONRTCCompareValueSet
  00000598    00000598    00000004   00000004    r-- .const:ti_sysbios_rom_ROM_AONRTCCurrentCompareValueGet
  0000059c    0000059c    00000004   00000004    r-- .const:ti_sysbios_rom_ROM_AONRTCEventClear
  000005a0    000005a0    00000004   00000004    r-- .const:ti_sysbios_rom_ROM_ti_sysbios_family_arm_cc26xx_Timer_getCount64__E
  000005a4    000005a4    00000004   00000004    r-- .const:ti_sysbios_rom_ROM_ti_sysbios_family_arm_cc26xx_Timer_getCurrentTick__E
  000005a8    000005a8    00000004   00000004    r-- .const:ti_sysbios_rom_ROM_ti_sysbios_family_arm_cc26xx_Timer_getMaxTicks__E
  000005ac    000005ac    00000004   00000004    r-- .const:ti_sysbios_rom_ROM_ti_sysbios_family_arm_cc26xx_Timer_initDevice__I
  000005b0    000005b0    00000004   00000004    r-- .const:ti_sysbios_rom_ROM_ti_sysbios_family_arm_cc26xx_Timer_setNextTick__E
  000005b4    000005b4    00000004   00000004    r-- .const:ti_sysbios_rom_ROM_ti_sysbios_family_arm_cc26xx_Timer_setThreshold__I
  000005b8    000005b8    00000004   00000004    r-- .const:ti_sysbios_rom_ROM_ti_sysbios_family_arm_cc26xx_Timer_start__E
  000005bc    000005bc    00000004   00000004    r-- .const:ti_sysbios_rom_ROM_ti_sysbios_family_arm_cc26xx_TimestampProvider_get32__E
  000005c0    000005c0    00000004   00000004    r-- .const:ti_sysbios_rom_ROM_xdc_runtime_Startup_getState__I
  000005c4    000005c4    00000004   00000004    r-- .const:ti_sysbios_rom_ROM_xdc_runtime_System_SupportProxy_abort__E
  000005c8    000005c8    00000004   00000004    r-- .const:ti_sysbios_rom_ROM_xdc_runtime_System_SupportProxy_exit__E
  000005cc    000005cc    00000004   00000004    r-- .const:ti_sysbios_gates_GateMutex_Instance_State_sem__O
  000005d0    000005d0    00000004   00000004    r-- .const:ti_sysbios_knl_Clock_Module_State_clockQ__O
  000005d4    000005d4    00000004   00000004    r-- .const:ti_sysbios_knl_Mailbox_Instance_State_dataQue__O
  000005d8    000005d8    00000004   00000004    r-- .const:ti_sysbios_knl_Mailbox_Instance_State_dataSem__O
  000005dc    000005dc    00000004   00000004    r-- .const:ti_sysbios_knl_Mailbox_Instance_State_freeQue__O
  000005e0    000005e0    00000004   00000004    r-- .const:ti_sysbios_knl_Mailbox_Instance_State_freeSem__O
  000005e4    000005e4    00000004   00000004    r-- .const:ti_sysbios_knl_Semaphore_Instance_State_pendQ__O
  000005e8    000005e8    00000004   00000004    r-- .const:ti_sysbios_knl_Task_Module_State_inactiveQ__O
  000005ec    000005ec    000064d4   000064d4    r-x .text.4
  00006ac0    00006ac0    0000037c   0000037c    r-- .const
  00006e40    00006e40    000002e8   000002e8    r-- .cinit
0001ffa8    0001ffa8    00000058   00000058    r--
  0001ffa8    0001ffa8    00000058   00000058    r-- .ccfg
20000100    20000100    00001c4f   00000000    rw-
  20000100    20000100    00000044   00000000    rw- .data:ti_sysbios_knl_Task_Module__state__V
  20000144    20000144    00000034   00000000    rw- .data:ti_sysbios_family_arm_m3_Hwi_Module__state__V
  20000178    20000178    0000002c   00000000    rw- .data:ti_sysbios_knl_Clock_Module__state__V
  200001a4    200001a4    00000024   00000000    rw- .data:ti_sysbios_BIOS_Module__state__V
  200001c8    200001c8    0000001c   00000000    rw- .data:ti_sysbios_knl_Swi_Module__state__V
  200001e4    200001e4    00000008   00000000    rw- .data:ti_sysbios_family_arm_cc26xx_Timer_Module__state__V
  200001ec    200001ec    00000004   00000000    rw- .data:ti_sysbios_family_arm_cc26xx_TimestampProvider_Module__state__V
  200001f0    200001f0    00000008   00000000    rw- .data:xdc_runtime_Startup_Module__state__V
  200001f8    200001f8    00000008   00000000    rw- .data:xdc_runtime_System_Module__state__V
  20000200    20000200    00000004   00000000    rw- .data:xdc_runtime_Memory_Module__state__V
  20000208    20000208    00000fb0   00000000    rw- .data
  200011b8    200011b8    00000b97   00000000    rw- .bss
20003f68    20003f68    00000400   00000000    rw-
  20003f68    20003f68    00000400   00000000    rw- .stack


SECTION ALLOCATION MAP

 output                                  attributes/
section   page    origin      length       input sections
--------  ----  ----------  ----------   ----------------
.resetVecs 
*          0    00000000    0000003c     
                  00000000    0000003c     app_ble_pem3.oem3 (.resetVecs)

.text.1    0    0000003c    000000c4     
                  0000003c    000000bc     UARTCC26XX.obj (.text:UARTCC26XX_initHw$11)
                  000000f8    00000008     (.tramp.ti_sysbios_BIOS_getCpuFreq__E.1)

.const:ti_sysbios_knl_Task_Object__PARAMS__C 
*          0    00000100    0000003c     
                  00000100    0000003c     app_ble_pem3.oem3 (.const:ti_sysbios_knl_Task_Object__PARAMS__C)

.const:ti_sysbios_knl_Mailbox_Object__PARAMS__C 
*          0    0000013c    00000034     
                  0000013c    00000034     app_ble_pem3.oem3 (.const:ti_sysbios_knl_Mailbox_Object__PARAMS__C)

.const:ti_sysbios_family_arm_m3_Hwi_Object__PARAMS__C 
*          0    00000170    00000030     
                  00000170    00000030     app_ble_pem3.oem3 (.const:ti_sysbios_family_arm_m3_Hwi_Object__PARAMS__C)

.const:ti_sysbios_hal_Hwi_Object__PARAMS__C 
*          0    000001a0    0000002c     
                  000001a0    0000002c     app_ble_pem3.oem3 (.const:ti_sysbios_hal_Hwi_Object__PARAMS__C)

.const:ti_sysbios_heaps_HeapMem_Module__FXNS__C 
*          0    000001cc    00000028     
                  000001cc    00000028     app_ble_pem3.oem3 (.const:ti_sysbios_heaps_HeapMem_Module__FXNS__C)

.const:ti_sysbios_knl_Swi_Object__PARAMS__C 
*          0    000001f4    00000028     
                  000001f4    00000028     app_ble_pem3.oem3 (.const:ti_sysbios_knl_Swi_Object__PARAMS__C)

.const:ti_sysbios_gates_GateHwi_Module__FXNS__C 
*          0    0000021c    00000024     
                  0000021c    00000024     app_ble_pem3.oem3 (.const:ti_sysbios_gates_GateHwi_Module__FXNS__C)

.const:ti_sysbios_gates_GateMutex_Module__FXNS__C 
*          0    00000240    00000024     
                  00000240    00000024     app_ble_pem3.oem3 (.const:ti_sysbios_gates_GateMutex_Module__FXNS__C)

.const:ti_sysbios_heaps_HeapMem_Object__PARAMS__C 
*          0    00000264    00000024     
                  00000264    00000024     app_ble_pem3.oem3 (.const:ti_sysbios_heaps_HeapMem_Object__PARAMS__C)

.const:ti_sysbios_knl_Clock_Object__PARAMS__C 
*          0    00000288    00000024     
                  00000288    00000024     app_ble_pem3.oem3 (.const:ti_sysbios_knl_Clock_Object__PARAMS__C)

.const:ti_sysbios_knl_Semaphore_Object__PARAMS__C 
*          0    000002ac    00000024     
                  000002ac    00000024     app_ble_pem3.oem3 (.const:ti_sysbios_knl_Semaphore_Object__PARAMS__C)

.const:ti_sysbios_family_arm_m3_Hwi_Object__DESC__C 
*          0    000002d0    00000020     
                  000002d0    00000020     app_ble_pem3.oem3 (.const:ti_sysbios_family_arm_m3_Hwi_Object__DESC__C)

.const:ti_sysbios_gates_GateHwi_Object__DESC__C 
*          0    000002f0    00000020     
                  000002f0    00000020     app_ble_pem3.oem3 (.const:ti_sysbios_gates_GateHwi_Object__DESC__C)

.const:ti_sysbios_gates_GateMutex_Object__DESC__C 
*          0    00000310    00000020     
                  00000310    00000020     app_ble_pem3.oem3 (.const:ti_sysbios_gates_GateMutex_Object__DESC__C)

.const:ti_sysbios_hal_Hwi_Object__DESC__C 
*          0    00000330    00000020     
                  00000330    00000020     app_ble_pem3.oem3 (.const:ti_sysbios_hal_Hwi_Object__DESC__C)

.const:ti_sysbios_heaps_HeapMem_Object__DESC__C 
*          0    00000350    00000020     
                  00000350    00000020     app_ble_pem3.oem3 (.const:ti_sysbios_heaps_HeapMem_Object__DESC__C)

.const:ti_sysbios_knl_Clock_Object__DESC__C 
*          0    00000370    00000020     
                  00000370    00000020     app_ble_pem3.oem3 (.const:ti_sysbios_knl_Clock_Object__DESC__C)

.const:ti_sysbios_knl_Mailbox_Object__DESC__C 
*          0    00000390    00000020     
                  00000390    00000020     app_ble_pem3.oem3 (.const:ti_sysbios_knl_Mailbox_Object__DESC__C)

.const:ti_sysbios_knl_Queue_Object__DESC__C 
*          0    000003b0    00000020     
                  000003b0    00000020     app_ble_pem3.oem3 (.const:ti_sysbios_knl_Queue_Object__DESC__C)

.const:ti_sysbios_knl_Semaphore_Object__DESC__C 
*          0    000003d0    00000020     
                  000003d0    00000020     app_ble_pem3.oem3 (.const:ti_sysbios_knl_Semaphore_Object__DESC__C)

.const:ti_sysbios_knl_Swi_Object__DESC__C 
*          0    000003f0    00000020     
                  000003f0    00000020     app_ble_pem3.oem3 (.const:ti_sysbios_knl_Swi_Object__DESC__C)

.const:ti_sysbios_knl_Task_Object__DESC__C 
*          0    00000410    00000020     
                  00000410    00000020     app_ble_pem3.oem3 (.const:ti_sysbios_knl_Task_Object__DESC__C)

.const:ti_sysbios_gates_GateHwi_Object__PARAMS__C 
*          0    00000430    00000018     
                  00000430    00000018     app_ble_pem3.oem3 (.const:ti_sysbios_gates_GateHwi_Object__PARAMS__C)

.const:ti_sysbios_gates_GateMutex_Object__PARAMS__C 
*          0    00000448    00000018     
                  00000448    00000018     app_ble_pem3.oem3 (.const:ti_sysbios_gates_GateMutex_Object__PARAMS__C)

.const:ti_sysbios_knl_Queue_Object__PARAMS__C 
*          0    00000460    00000018     
                  00000460    00000018     app_ble_pem3.oem3 (.const:ti_sysbios_knl_Queue_Object__PARAMS__C)

.const:ti_sysbios_knl_Idle_funcList__C 
*          0    00000478    00000008     
                  00000478    00000008     app_ble_pem3.oem3 (.const:ti_sysbios_knl_Idle_funcList__C)

.text.2    0    00000480    00000004     
                  00000480    00000004     icall.obj (.text:ICall_primAbort$13)

.const:ti_sysbios_family_arm_cc26xx_Timer_startupNeeded__C 
*          0    00000484    00000004     
                  00000484    00000004     app_ble_pem3.oem3 (.const:ti_sysbios_family_arm_cc26xx_Timer_startupNeeded__C)

.const:ti_sysbios_family_arm_m3_Hwi_E_alreadyDefined__C 
*          0    00000488    00000004     
                  00000488    00000004     app_ble_pem3.oem3 (.const:ti_sysbios_family_arm_m3_Hwi_E_alreadyDefined__C)

.const:ti_sysbios_family_arm_m3_Hwi_E_hwiLimitExceeded__C 
*          0    0000048c    00000004     
                  0000048c    00000004     app_ble_pem3.oem3 (.const:ti_sysbios_family_arm_m3_Hwi_E_hwiLimitExceeded__C)

.const:ti_sysbios_family_arm_m3_Hwi_NUM_INTERRUPTS__C 
*          0    00000490    00000004     
                  00000490    00000004     app_ble_pem3.oem3 (.const:ti_sysbios_family_arm_m3_Hwi_NUM_INTERRUPTS__C)

.const:ti_sysbios_family_arm_m3_Hwi_Object__count__C 
*          0    00000494    00000004     
                  00000494    00000004     app_ble_pem3.oem3 (.const:ti_sysbios_family_arm_m3_Hwi_Object__count__C)

.const:ti_sysbios_family_arm_m3_Hwi_Object__table__C 
*          0    00000498    00000004     
                  00000498    00000004     app_ble_pem3.oem3 (.const:ti_sysbios_family_arm_m3_Hwi_Object__table__C)

.const:ti_sysbios_family_arm_m3_Hwi_ccr__C 
*          0    0000049c    00000004     
                  0000049c    00000004     app_ble_pem3.oem3 (.const:ti_sysbios_family_arm_m3_Hwi_ccr__C)

.const:ti_sysbios_family_arm_m3_Hwi_excHandlerFunc__C 
*          0    000004a0    00000004     
                  000004a0    00000004     app_ble_pem3.oem3 (.const:ti_sysbios_family_arm_m3_Hwi_excHandlerFunc__C)

.const:ti_sysbios_family_arm_m3_Hwi_nullIsrFunc__C 
*          0    000004a4    00000004     
                  000004a4    00000004     app_ble_pem3.oem3 (.const:ti_sysbios_family_arm_m3_Hwi_nullIsrFunc__C)

.const:ti_sysbios_family_arm_m3_Hwi_numSparseInterrupts__C 
*          0    000004a8    00000004     
                  000004a8    00000004     app_ble_pem3.oem3 (.const:ti_sysbios_family_arm_m3_Hwi_numSparseInterrupts__C)

.const:ti_sysbios_family_arm_m3_Hwi_priGroup__C 
*          0    000004ac    00000004     
                  000004ac    00000004     app_ble_pem3.oem3 (.const:ti_sysbios_family_arm_m3_Hwi_priGroup__C)

.const:ti_sysbios_family_arm_m3_TaskSupport_stackAlignment__C 
*          0    000004b0    00000004     
                  000004b0    00000004     app_ble_pem3.oem3 (.const:ti_sysbios_family_arm_m3_TaskSupport_stackAlignment__C)

.const:ti_sysbios_heaps_HeapMem_E_memory__C 
*          0    000004b4    00000004     
                  000004b4    00000004     app_ble_pem3.oem3 (.const:ti_sysbios_heaps_HeapMem_E_memory__C)

.const:ti_sysbios_heaps_HeapMem_Module__gateObj__C 
*          0    000004b8    00000004     
                  000004b8    00000004     app_ble_pem3.oem3 (.const:ti_sysbios_heaps_HeapMem_Module__gateObj__C)

.const:ti_sysbios_heaps_HeapMem_Object__count__C 
*          0    000004bc    00000004     
                  000004bc    00000004     app_ble_pem3.oem3 (.const:ti_sysbios_heaps_HeapMem_Object__count__C)

.const:ti_sysbios_heaps_HeapMem_Object__table__C 
*          0    000004c0    00000004     
                  000004c0    00000004     app_ble_pem3.oem3 (.const:ti_sysbios_heaps_HeapMem_Object__table__C)

.const:ti_sysbios_heaps_HeapMem_reqAlign__C 
*          0    000004c4    00000004     
                  000004c4    00000004     app_ble_pem3.oem3 (.const:ti_sysbios_heaps_HeapMem_reqAlign__C)

.const:ti_sysbios_knl_Clock_serviceMargin__C 
*          0    000004c8    00000004     
                  000004c8    00000004     app_ble_pem3.oem3 (.const:ti_sysbios_knl_Clock_serviceMargin__C)

.const:ti_sysbios_knl_Mailbox_Object__count__C 
*          0    000004cc    00000004     
                  000004cc    00000004     app_ble_pem3.oem3 (.const:ti_sysbios_knl_Mailbox_Object__count__C)

.const:ti_sysbios_knl_Mailbox_Object__table__C 
*          0    000004d0    00000004     
                  000004d0    00000004     app_ble_pem3.oem3 (.const:ti_sysbios_knl_Mailbox_Object__table__C)

.const:ti_sysbios_knl_Queue_Object__count__C 
*          0    000004d4    00000004     
                  000004d4    00000004     app_ble_pem3.oem3 (.const:ti_sysbios_knl_Queue_Object__count__C)

.const:ti_sysbios_knl_Queue_Object__table__C 
*          0    000004d8    00000004     
                  000004d8    00000004     app_ble_pem3.oem3 (.const:ti_sysbios_knl_Queue_Object__table__C)

.const:ti_sysbios_knl_Swi_Object__count__C 
*          0    000004dc    00000004     
                  000004dc    00000004     app_ble_pem3.oem3 (.const:ti_sysbios_knl_Swi_Object__count__C)

.const:ti_sysbios_knl_Swi_Object__table__C 
*          0    000004e0    00000004     
                  000004e0    00000004     app_ble_pem3.oem3 (.const:ti_sysbios_knl_Swi_Object__table__C)

.const:ti_sysbios_knl_Swi_numPriorities__C 
*          0    000004e4    00000004     
                  000004e4    00000004     app_ble_pem3.oem3 (.const:ti_sysbios_knl_Swi_numPriorities__C)

.const:ti_sysbios_knl_Task_Object__count__C 
*          0    000004e8    00000004     
                  000004e8    00000004     app_ble_pem3.oem3 (.const:ti_sysbios_knl_Task_Object__count__C)

.const:ti_sysbios_knl_Task_Object__table__C 
*          0    000004ec    00000004     
                  000004ec    00000004     app_ble_pem3.oem3 (.const:ti_sysbios_knl_Task_Object__table__C)

.const:ti_sysbios_knl_Task_allBlockedFunc__C 
*          0    000004f0    00000004     
                  000004f0    00000004     app_ble_pem3.oem3 (.const:ti_sysbios_knl_Task_allBlockedFunc__C)

.const:ti_sysbios_knl_Task_defaultStackHeap__C 
*          0    000004f4    00000004     
                  000004f4    00000004     app_ble_pem3.oem3 (.const:ti_sysbios_knl_Task_defaultStackHeap__C)

.const:ti_sysbios_knl_Task_defaultStackSize__C 
*          0    000004f8    00000004     
                  000004f8    00000004     app_ble_pem3.oem3 (.const:ti_sysbios_knl_Task_defaultStackSize__C)

.const:ti_sysbios_knl_Task_numConstructedTasks__C 
*          0    000004fc    00000004     
                  000004fc    00000004     app_ble_pem3.oem3 (.const:ti_sysbios_knl_Task_numConstructedTasks__C)

.text.3    0    00000500    00000002     
                  00000500    00000002     ble_user_config.obj (.text:DefaultAssertCback)

.const:ti_sysbios_family_arm_cc26xx_Timer_Module__id__C 
*          0    00000502    00000002     
                  00000502    00000002     app_ble_pem3.oem3 (.const:ti_sysbios_family_arm_cc26xx_Timer_Module__id__C)

.const:ti_sysbios_family_arm_cc26xx_TimestampProvider_useClockTimer__C 
*          0    00000504    00000002     
                  00000504    00000002     app_ble_pem3.oem3 (.const:ti_sysbios_family_arm_cc26xx_TimestampProvider_useClockTimer__C)

.const:ti_sysbios_family_arm_m3_Hwi_Module__id__C 
*          0    00000506    00000002     
                  00000506    00000002     app_ble_pem3.oem3 (.const:ti_sysbios_family_arm_m3_Hwi_Module__id__C)

.const:ti_sysbios_gates_GateHwi_Module__id__C 
*          0    00000508    00000002     
                  00000508    00000002     app_ble_pem3.oem3 (.const:ti_sysbios_gates_GateHwi_Module__id__C)

.const:ti_sysbios_gates_GateMutex_Module__id__C 
*          0    0000050a    00000002     
                  0000050a    00000002     app_ble_pem3.oem3 (.const:ti_sysbios_gates_GateMutex_Module__id__C)

.const:ti_sysbios_heaps_HeapMem_Module__id__C 
*          0    0000050c    00000002     
                  0000050c    00000002     app_ble_pem3.oem3 (.const:ti_sysbios_heaps_HeapMem_Module__id__C)

.const:ti_sysbios_knl_Task_initStackFlag__C 
*          0    0000050e    00000002     
                  0000050e    00000002     app_ble_pem3.oem3 (.const:ti_sysbios_knl_Task_initStackFlag__C)

.const:ti_sysbios_knl_Clock_tickMode__C 
*          0    00000510    00000001     
                  00000510    00000001     app_ble_pem3.oem3 (.const:ti_sysbios_knl_Clock_tickMode__C)

.const:xdc_runtime_Startup_firstFxns__C 
*          0    00000514    00000008     
                  00000514    00000008     app_ble_pem3.oem3 (.const:xdc_runtime_Startup_firstFxns__C)

.const:xdc_runtime_Startup_lastFxns__C 
*          0    0000051c    00000008     
                  0000051c    00000008     app_ble_pem3.oem3 (.const:xdc_runtime_Startup_lastFxns__C)

.const:xdc_runtime_Assert_E_assertFailed__C 
*          0    00000524    00000004     
                  00000524    00000004     app_ble_pem3.oem3 (.const:xdc_runtime_Assert_E_assertFailed__C)

.const:xdc_runtime_Error_E_memory__C 
*          0    00000528    00000004     
                  00000528    00000004     app_ble_pem3.oem3 (.const:xdc_runtime_Error_E_memory__C)

.const:xdc_runtime_Error_policyFxn__C 
*          0    0000052c    00000004     
                  0000052c    00000004     app_ble_pem3.oem3 (.const:xdc_runtime_Error_policyFxn__C)

.const:xdc_runtime_IGateProvider_Interface__BASE__C 
*          0    00000530    00000004     
                  00000530    00000004     app_ble_pem3.oem3 (.const:xdc_runtime_IGateProvider_Interface__BASE__C)

.const:xdc_runtime_IHeap_Interface__BASE__C 
*          0    00000534    00000004     
                  00000534    00000004     app_ble_pem3.oem3 (.const:xdc_runtime_IHeap_Interface__BASE__C)

.const:xdc_runtime_IModule_Interface__BASE__C 
*          0    00000538    00000004     
                  00000538    00000004     app_ble_pem3.oem3 (.const:xdc_runtime_IModule_Interface__BASE__C)

.const:xdc_runtime_Main_Module__diagsEnabled__C 
*          0    0000053c    00000004     
                  0000053c    00000004     app_ble_pem3.oem3 (.const:xdc_runtime_Main_Module__diagsEnabled__C)

.const:xdc_runtime_Main_Module__diagsIncluded__C 
*          0    00000540    00000004     
                  00000540    00000004     app_ble_pem3.oem3 (.const:xdc_runtime_Main_Module__diagsIncluded__C)

.const:xdc_runtime_Main_Module__diagsMask__C 
*          0    00000544    00000004     
                  00000544    00000004     app_ble_pem3.oem3 (.const:xdc_runtime_Main_Module__diagsMask__C)

.const:xdc_runtime_Memory_defaultHeapInstance__C 
*          0    00000548    00000004     
                  00000548    00000004     app_ble_pem3.oem3 (.const:xdc_runtime_Memory_defaultHeapInstance__C)

.const:xdc_runtime_Startup_execImpl__C 
*          0    0000054c    00000004     
                  0000054c    00000004     app_ble_pem3.oem3 (.const:xdc_runtime_Startup_execImpl__C)

.const:xdc_runtime_Startup_maxPasses__C 
*          0    00000550    00000004     
                  00000550    00000004     app_ble_pem3.oem3 (.const:xdc_runtime_Startup_maxPasses__C)

.const:xdc_runtime_Startup_sfxnRts__C 
*          0    00000554    00000004     
                  00000554    00000004     app_ble_pem3.oem3 (.const:xdc_runtime_Startup_sfxnRts__C)

.const:xdc_runtime_Startup_sfxnTab__C 
*          0    00000558    00000004     
                  00000558    00000004     app_ble_pem3.oem3 (.const:xdc_runtime_Startup_sfxnTab__C)

.const:xdc_runtime_Startup_startModsFxn__C 
*          0    0000055c    00000004     
                  0000055c    00000004     app_ble_pem3.oem3 (.const:xdc_runtime_Startup_startModsFxn__C)

.const:xdc_runtime_SysCallback_abortFxn__C 
*          0    00000560    00000004     
                  00000560    00000004     app_ble_pem3.oem3 (.const:xdc_runtime_SysCallback_abortFxn__C)

.const:xdc_runtime_SysCallback_exitFxn__C 
*          0    00000564    00000004     
                  00000564    00000004     app_ble_pem3.oem3 (.const:xdc_runtime_SysCallback_exitFxn__C)

.const:xdc_runtime_System_abortFxn__C 
*          0    00000568    00000004     
                  00000568    00000004     app_ble_pem3.oem3 (.const:xdc_runtime_System_abortFxn__C)

.const:xdc_runtime_System_exitFxn__C 
*          0    0000056c    00000004     
                  0000056c    00000004     app_ble_pem3.oem3 (.const:xdc_runtime_System_exitFxn__C)

.const:xdc_runtime_System_maxAtexitHandlers__C 
*          0    00000570    00000004     
                  00000570    00000004     app_ble_pem3.oem3 (.const:xdc_runtime_System_maxAtexitHandlers__C)

.const:xdc_runtime_Text_charTab__C 
*          0    00000574    00000004     
                  00000574    00000004     app_ble_pem3.oem3 (.const:xdc_runtime_Text_charTab__C)

.const:xdc_runtime_Text_nameEmpty__C 
*          0    00000578    00000004     
                  00000578    00000004     app_ble_pem3.oem3 (.const:xdc_runtime_Text_nameEmpty__C)

.const:xdc_runtime_Text_nameStatic__C 
*          0    0000057c    00000004     
                  0000057c    00000004     app_ble_pem3.oem3 (.const:xdc_runtime_Text_nameStatic__C)

.const:xdc_runtime_Text_nameUnknown__C 
*          0    00000580    00000004     
                  00000580    00000004     app_ble_pem3.oem3 (.const:xdc_runtime_Text_nameUnknown__C)

.const:xdc_runtime_Main_Module__id__C 
*          0    00000584    00000002     
                  00000584    00000002     app_ble_pem3.oem3 (.const:xdc_runtime_Main_Module__id__C)

.const:xdc_runtime_Memory_Module__id__C 
*          0    00000586    00000002     
                  00000586    00000002     app_ble_pem3.oem3 (.const:xdc_runtime_Memory_Module__id__C)

.const:xdc_runtime_Text_charCnt__C 
*          0    00000588    00000002     
                  00000588    00000002     app_ble_pem3.oem3 (.const:xdc_runtime_Text_charCnt__C)

.const:xdc_runtime_Text_isLoaded__C 
*          0    0000058a    00000002     
                  0000058a    00000002     app_ble_pem3.oem3 (.const:xdc_runtime_Text_isLoaded__C)

.const:xdc_runtime_Error_policy__C 
*          0    0000058c    00000001     
                  0000058c    00000001     app_ble_pem3.oem3 (.const:xdc_runtime_Error_policy__C)

.const:ti_sysbios_rom_ROM_AONRTCChannelEnable 
*          0    00000590    00000004     
                  00000590    00000004     app_ble_pem3.oem3 (.const:ti_sysbios_rom_ROM_AONRTCChannelEnable)

.const:ti_sysbios_rom_ROM_AONRTCCompareValueSet 
*          0    00000594    00000004     
                  00000594    00000004     app_ble_pem3.oem3 (.const:ti_sysbios_rom_ROM_AONRTCCompareValueSet)

.const:ti_sysbios_rom_ROM_AONRTCCurrentCompareValueGet 
*          0    00000598    00000004     
                  00000598    00000004     app_ble_pem3.oem3 (.const:ti_sysbios_rom_ROM_AONRTCCurrentCompareValueGet)

.const:ti_sysbios_rom_ROM_AONRTCEventClear 
*          0    0000059c    00000004     
                  0000059c    00000004     app_ble_pem3.oem3 (.const:ti_sysbios_rom_ROM_AONRTCEventClear)

.const:ti_sysbios_rom_ROM_ti_sysbios_family_arm_cc26xx_Timer_getCount64__E 
*          0    000005a0    00000004     
                  000005a0    00000004     app_ble_pem3.oem3 (.const:ti_sysbios_rom_ROM_ti_sysbios_family_arm_cc26xx_Timer_getCount64__E)

.const:ti_sysbios_rom_ROM_ti_sysbios_family_arm_cc26xx_Timer_getCurrentTick__E 
*          0    000005a4    00000004     
                  000005a4    00000004     app_ble_pem3.oem3 (.const:ti_sysbios_rom_ROM_ti_sysbios_family_arm_cc26xx_Timer_getCurrentTick__E)

.const:ti_sysbios_rom_ROM_ti_sysbios_family_arm_cc26xx_Timer_getMaxTicks__E 
*          0    000005a8    00000004     
                  000005a8    00000004     app_ble_pem3.oem3 (.const:ti_sysbios_rom_ROM_ti_sysbios_family_arm_cc26xx_Timer_getMaxTicks__E)

.const:ti_sysbios_rom_ROM_ti_sysbios_family_arm_cc26xx_Timer_initDevice__I 
*          0    000005ac    00000004     
                  000005ac    00000004     app_ble_pem3.oem3 (.const:ti_sysbios_rom_ROM_ti_sysbios_family_arm_cc26xx_Timer_initDevice__I)

.const:ti_sysbios_rom_ROM_ti_sysbios_family_arm_cc26xx_Timer_setNextTick__E 
*          0    000005b0    00000004     
                  000005b0    00000004     app_ble_pem3.oem3 (.const:ti_sysbios_rom_ROM_ti_sysbios_family_arm_cc26xx_Timer_setNextTick__E)

.const:ti_sysbios_rom_ROM_ti_sysbios_family_arm_cc26xx_Timer_setThreshold__I 
*          0    000005b4    00000004     
                  000005b4    00000004     app_ble_pem3.oem3 (.const:ti_sysbios_rom_ROM_ti_sysbios_family_arm_cc26xx_Timer_setThreshold__I)

.const:ti_sysbios_rom_ROM_ti_sysbios_family_arm_cc26xx_Timer_start__E 
*          0    000005b8    00000004     
                  000005b8    00000004     app_ble_pem3.oem3 (.const:ti_sysbios_rom_ROM_ti_sysbios_family_arm_cc26xx_Timer_start__E)

.const:ti_sysbios_rom_ROM_ti_sysbios_family_arm_cc26xx_TimestampProvider_get32__E 
*          0    000005bc    00000004     
                  000005bc    00000004     app_ble_pem3.oem3 (.const:ti_sysbios_rom_ROM_ti_sysbios_family_arm_cc26xx_TimestampProvider_get32__E)

.const:ti_sysbios_rom_ROM_xdc_runtime_Startup_getState__I 
*          0    000005c0    00000004     
                  000005c0    00000004     app_ble_pem3.oem3 (.const:ti_sysbios_rom_ROM_xdc_runtime_Startup_getState__I)

.const:ti_sysbios_rom_ROM_xdc_runtime_System_SupportProxy_abort__E 
*          0    000005c4    00000004     
                  000005c4    00000004     app_ble_pem3.oem3 (.const:ti_sysbios_rom_ROM_xdc_runtime_System_SupportProxy_abort__E)

.const:ti_sysbios_rom_ROM_xdc_runtime_System_SupportProxy_exit__E 
*          0    000005c8    00000004     
                  000005c8    00000004     app_ble_pem3.oem3 (.const:ti_sysbios_rom_ROM_xdc_runtime_System_SupportProxy_exit__E)

.const:ti_sysbios_gates_GateMutex_Instance_State_sem__O 
*          0    000005cc    00000004     
                  000005cc    00000004     app_ble_pem3.oem3 (.const:ti_sysbios_gates_GateMutex_Instance_State_sem__O)

.const:ti_sysbios_knl_Clock_Module_State_clockQ__O 
*          0    000005d0    00000004     
                  000005d0    00000004     app_ble_pem3.oem3 (.const:ti_sysbios_knl_Clock_Module_State_clockQ__O)

.const:ti_sysbios_knl_Mailbox_Instance_State_dataQue__O 
*          0    000005d4    00000004     
                  000005d4    00000004     app_ble_pem3.oem3 (.const:ti_sysbios_knl_Mailbox_Instance_State_dataQue__O)

.const:ti_sysbios_knl_Mailbox_Instance_State_dataSem__O 
*          0    000005d8    00000004     
                  000005d8    00000004     app_ble_pem3.oem3 (.const:ti_sysbios_knl_Mailbox_Instance_State_dataSem__O)

.const:ti_sysbios_knl_Mailbox_Instance_State_freeQue__O 
*          0    000005dc    00000004     
                  000005dc    00000004     app_ble_pem3.oem3 (.const:ti_sysbios_knl_Mailbox_Instance_State_freeQue__O)

.const:ti_sysbios_knl_Mailbox_Instance_State_freeSem__O 
*          0    000005e0    00000004     
                  000005e0    00000004     app_ble_pem3.oem3 (.const:ti_sysbios_knl_Mailbox_Instance_State_freeSem__O)

.const:ti_sysbios_knl_Semaphore_Instance_State_pendQ__O 
*          0    000005e4    00000004     
                  000005e4    00000004     app_ble_pem3.oem3 (.const:ti_sysbios_knl_Semaphore_Instance_State_pendQ__O)

.const:ti_sysbios_knl_Task_Module_State_inactiveQ__O 
*          0    000005e8    00000004     
                  000005e8    00000004     app_ble_pem3.oem3 (.const:ti_sysbios_knl_Task_Module_State_inactiveQ__O)

.text.4    0    000005ec    000064d4     
                  000005ec    00000450     npi_task.obj (.text:NPITask_process$22)
                  00000a3c    00000450     driverlib.lib : setup.obj (.text:TrimAfterColdResetWakeupFromShutDown$46)
                  00000e8c    00000318     RFCC26XX_singleMode.obj (.text:fsmActiveState$6)
                  000011a4    0000029c     host_test_app.obj (.text:HostTestApp_taskFxn$0)
                  00001440    00000228     drivers_cc26xxware.aem3 : PowerCC26XX.oem3 (.text:Power_sleep)
                  00001668    00000204     driverlib.lib : sys_ctrl.obj (.text:NOROM_SysCtrlSetRechargeBeforePowerDown)
                  0000186c    000001f4     rtsv7M3_T_le_eabi.lib : ull_div_t2.obj (.text)
                  00001a60    000001d0     drivers_cc26xxware.aem3 : PowerCC26XX_calibrateRCOSC.oem3 (.text:calibrateRcoscHf1)
                  00001c30    000001c8     PINCC26XX.obj (.text:PIN_init)
                  00001df8    000001a8     RFCC26XX_singleMode.obj (.text:abortCmd$6)
                  00001fa0    0000018c     UARTCC26XX.obj (.text:UARTCC26XX_open)
                  0000212c    00000184     drivers_cc26xxware.aem3 : PowerCC26XX_calibrateRCOSC.oem3 (.text:PowerCC26XX_doCalibrate)
                  000022b0    00000180     RFCC26XX_singleMode.obj (.text:RF_postCmd)
                  00002430    00000170     RFCC26XX_singleMode.obj (.text:fsmSetupState$6)
                  000025a0    00000148     driverlib.lib : setup.obj (.text:NOROM_SetupTrimDevice)
                  000026e8    0000011c     drivers_cc26xxware.aem3 : PowerCC26XX.oem3 (.text:Power_init)
                  00002804    0000010c     RFCC26XX_singleMode.obj (.text:hwiFxnCpe0Active$6)
                  00002910    00000106     icall.obj (.text:ICall_primWaitMatch$13)
                  00002a16    00000002     RFCC26XX_singleMode.obj (.text:defaultErrCb$6)
                  00002a18    000000fc     UARTCC26XX.obj (.text:UARTCC26XX_write)
                  00002b14    000000f8     main.obj (.text:main)
                  00002c0c    000000ec     RFCC26XX_singleMode.obj (.text:rf_init$6)
                  00002cf8    000000e6     UARTCC26XX.obj (.text:UARTCC26XX_hwiIntFxn)
                  00002dde    00000002     drivers_cc26xxware.aem3 : PowerCC26XX.oem3 (.text:emptyClockFunc)
                  00002de0    000000d4                             : PowerCC26XX.oem3 (.text:Power_releaseDependency)
                  00002eb4    000000d0                             : PowerCC26XX.oem3 (.text:Power_setDependency)
                  00002f84    000000cc     RFCC26XX_singleMode.obj (.text:RF_open)
                  00003050    000000bc     power_cc26xx_tirtos.aem3 : PowerCC26XX_tirtos.oem3 (.text:PowerCC26XX_standbyPolicy)
                  0000310c    000000bc     RFCC26XX_singleMode.obj (.text:fsmPowerUpState$6)
                  000031c8    000000b4     UARTCC26XX.obj (.text:UARTCC26XX_read)
                  0000327c    000000b4     RFCC26XX_singleMode.obj (.text:swiFxnHw$6)
                  00003330    000000b0     PINCC26XX.obj (.text:PINCC26XX_setIoCfg$5)
                  000033e0    000000a8     UARTCC26XX.obj (.text:writeTxFifoFlush$11)
                  00003488    000000a6     host_test_app.obj (.text:sendCommandCompleteEvent$0)
                  0000352e    00000002     rom_sysbios.aem3 : rom_sysbios.obj (.text:ti_sysbios_BIOS_linkedWithIncorrectBootLibrary__E)
                  00003530    000000a0     TRNGCC26XX.obj (.text:TRNGCC26XX_getNumber)
                  000035d0    000000a0     auto_init.aem3 : auto_init.oem3 (.text)
                  00003670    0000009c     rtsv7M3_T_le_eabi.lib : memcpy_t2.obj (.text)
                  0000370c    00000098     PINCC26XX.obj (.text:PIN_open)
                  000037a4    00000098     UARTCC26XX.obj (.text:UARTCC26XX_initIO$11)
                  0000383c    00000098     RFCC26XX_singleMode.obj (.text:fsmPowerDownState$6)
                  000038d4    00000098     rom_sysbios.aem3 : rom_sysbios.obj (.text:ti_sysbios_knl_Clock_workFuncDynamic__E)
                  0000396c    00000094     icall.obj (.text:ICall_primSetTimer$13)
                  00003a00    00000090     drivers_cc26xxware.aem3 : PowerCC26XX.oem3 (.text:switchXOSCHFclockFunc)
                  00003a90    00000090     UARTCC26XX.obj (.text:writeFinishedDoCallback$11)
                  00003b20    0000008c     npi_tl_uart.obj (.text:NPITLUART_initializeTransport)
                  00003bac    0000008c     UARTCC26XX.obj (.text:UARTCC26XX_writeCancel)
                  00003c38    00000088     driverlib.lib : osc.obj (.text:NOROM_OSCHF_GetStartupTime)
                  00003cc0    00000084     icall.obj (.text:ICall_heapMalloc)
                  00003d44    00000084     npi_tl.obj (.text:NPITL_writeTL)
                  00003dc8    0000007c     drivers_cc26xxware.aem3 : PowerCC26XX.oem3 (.text:disableLFClockQualifiers)
                  00003e44    0000007a     rtsv7M3_T_le_eabi.lib : memset_t2.obj (.text)
                  00003ebe    00000002     app_ble_pem3.oem3 (.text:ti_sysbios_BIOS_nullFunc__I)
                  00003ec0    00000078     RFCC26XX_singleMode.obj (.text:RF_pendCmd)
                  00003f38    00000074     icall_cc2650.obj (.text:ICallPlatform_pwrUpdActivityCounter)
                  00003fac    00000074     icall.obj (.text:ICall_primSend$13)
                  00004020    00000074     npi_task.obj (.text:NPITask_transportRXCallBack$22)
                  00004094    00000074     drivers_cc26xxware.aem3 : PowerCC26XX_calibrateRCOSC.oem3 (.text:PowerCC26XX_auxISR)
                  00004108    00000074     UARTCC26XX.obj (.text:UARTCC26XX_close)
                  0000417c    00000008     (.tramp.ti_sysbios_family_arm_m3_Hwi_destruct.1)
                  00004184    00000008     (.tramp.ti_sysbios_knl_Swi_destruct.1)
                  0000418c    00000008     (.tramp.ti_sysbios_knl_Semaphore_destruct.1)
                  00004194    00000008     (.tramp.ti_sysbios_knl_Clock_destruct.1)
                  0000419c    00000074     drivers_cc26xxware.aem3 : PowerCC26XX_calibrateRCOSC.oem3 (.text:calibrateRcoscHf2)
                  00004210    00000074     rom_sysbios.aem3 : rom_sysbios.obj (.text:ti_sysbios_family_arm_cc26xx_Timer_start__E)
                  00004284    0000006c     icall.obj (.text:ICall_createRemoteTasks)
                  000042f0    00000008     (.tramp.ti_sysbios_knl_Task_Params__init__S.1)
                  000042f8    00000008     (.tramp.ti_sysbios_knl_Task_create.1)
                  00004300    0000006c     npi_frame_hci.obj (.text:NPIFrame_frameMsg)
                  0000436c    0000006c     npi_tl_uart.obj (.text:NPITLUART_readCallBack$18)
                  000043d8    0000006c     npi_task.obj (.text:NPITask_task)
                  00004444    00000008     (.tramp.ti_sysbios_knl_Queue_create.1)
                  0000444c    0000006c     drivers_cc26xxware.aem3 : PowerCC26XX.oem3 (.text:PowerCC26XX_calibrate)
                  000044b8    0000006c     UARTCC26XX.obj (.text:UARTCC26XX_readCancel)
                  00004524    00000068     driverlib.lib : sys_ctrl.obj (.text:NOROM_SysCtrl_DCDC_VoltageConditionalControl)
                  0000458c    00000068     rtsv7M3_T_le_eabi.lib : copy_decompress_lzss.obj (.text:decompress:lzss)
                  000045f4    00000060     icall.obj (.text:ICall_primEnroll$13)
                  00004654    00000060     drivers_cc26xxware.aem3 : PowerCC26XX_calibrateRCOSC.oem3 (.text:PowerCC26XX_RCOSC_clockFunc)
                  000046b4    00000060                             : PowerCC26XX_calibrateRCOSC.oem3 (.text:updateSubSecInc)
                  00004714    0000005c     icall.obj (.text:ICall_primThreadServes$13)
                  00004770    0000005c     driverlib.lib : osc.obj (.text:NOROM_OSCHF_AttemptToSwitchToXosc)
                  000047cc    0000005c                   : sys_ctrl.obj (.text:NOROM_SysCtrlAdjustRechargeAfterPowerDown)
                  00004828    0000005c     RFCC26XX_singleMode.obj (.text:decActiveClientCnt$6)
                  00004884    0000005c     app_ble_pem3.oem3 (.text:xdc_runtime_Startup_getState__I)
                  000048e0    00000058     npi_task.obj (.text:NPITask_incomingFrameCB$22)
                  00004938    00000058     PINCC26XX.obj (.text:PIN_remove)
                  00004990    00000058     drivers_cc26xxware.aem3 : PowerCC26XX_calibrateRCOSC.oem3 (.text:PowerCC26XX_initiateCalibration)
                  000049e8    00000058     RFCC26XX_singleMode.obj (.text:RF_getCurrentTime)
                  00004a40    00000058     UARTCC26XX.obj (.text:UARTCC26XX_control)
                  00004a98    00000054     icall.obj (.text:ICall_primFetchMsg$13)
                  00004aec    00000054     drivers_cc26xxware.aem3 : PowerCC26XX.oem3 (.text:configureXOSCHF)
                  00004b40    00000054     RFCC26XX_singleMode.obj (.text:fsmXOSCState$6)
                  00004b94    00000054     RFCC26XX_singleMode.obj (.text:hwiFxnHw$6)
                  00004be8    00000054     RFCC26XX_singleMode.obj (.text:ratChanFree$6)
                  00004c3c    00000054     rtsv7M3_T_le_eabi.lib : exit.obj (.text)
                  00004c90    00000052     icall.obj (.text:ICall_primWait$13)
                  00004ce2    00000002     rom_sysbios.aem3 : rom_sysbios.obj (.text:ti_sysbios_knl_Clock_triggerFunc__I)
                  00004ce4    00000050     icall.obj (.text:ICall_primRegisterApp$13)
                  00004d34    00000050     npi_task.obj (.text:NPITask_createTask)
                  00004d84    00000008     (.tramp.ti_sysbios_knl_Task_construct.1)
                  00004d8c    00000050     RFCC26XX_singleMode.obj (.text:RF_getInfo)
                  00004ddc    00000050     RFCC26XX_singleMode.obj (.text:syncCb$6)
                  00004e2c    0000004c     icall.obj (.text:ICall_newTask$13)
                  00004e78    00000008     (.tramp.ti_sysbios_knl_Semaphore_create.1)
                  00004e80    0000004c     icall.obj (.text:ICall_primGetEntityId$13)
                  00004ecc    0000004c     driverlib.lib : osc.obj (.text:NOROM_OSCClockSourceSet)
                  00004f18    0000004c     RFCC26XX_singleMode.obj (.text:dispatchOpWhen$6)
                  00004f64    0000004c     rtsv7M3_T_le_eabi.lib : cpy_tbl.obj (.text)
                  00004fb0    0000004c     UARTCC26XX.obj (.text:startTxFifoEmptyClk$11)
                  00004ffc    00000048     driverlib.lib : chipinfo.obj (.text:NOROM_ChipInfo_GetChipFamily)
                  00005044    00000048                   : ddi.obj (.text:NOROM_DDI16BitfieldWrite)
                  0000508c    00000048     UARTCC26XX.obj (.text:UARTCC26XX_swiIntFxn)
                  000050d4    00000048     drivers_cc26xxware.aem3 : PowerCC26XX.oem3 (.text:notify)
                  0000511c    00000044     main.obj (.text:AssertHandler)
                  00005160    00000044     npi_task.obj (.text:NPITask_sendToHost)
                  000051a4    00000044     PINCC26XX.obj (.text:PIN_swi$5)
                  000051e8    00000044     boot.aem3 : boot.oem3 (.text)
                  0000522c    00000008     (.tramp.xdc_runtime_System_exit__E.1)
                  00005234    00000042     icall.obj (.text:ICall_primCreateTask$13)
                  00005276    00000002     app_ble_pem3.oem3 (.text:ti_sysbios_rom_cortexm_cc26xx_CC26xx_badRomRevision__E)
                  00005278    00000040     driverlib.lib : ddi.obj (.text:NOROM_DDI16BitfieldRead)
                  000052b8    00000040     RFCC26XX_singleMode.obj (.text:RF_getRssi)
                  000052f8    0000003c     host_test_app.obj (.text:HostTestApp_createTask)
                  00005334    0000003c     icall_cc2650.obj (.text:ICallPlatform_pwrConfigACAction)
                  00005370    0000003c     icall.obj (.text:ICall_primFetchServiceMsg$13)
                  000053ac    0000003c     driverlib.lib : osc.obj (.text:NOROM_OSC_HPOSCRelativeFrequencyOffsetGet)
                  000053e8    0000003c     npi_tl.obj (.text:NPITL_transmissionCallBack$19)
                  00005424    0000003c     npi_task.obj (.text:NPITask_sendBufToStack$22)
                  00005460    0000003c     RFCC26XX_singleMode.obj (.text:postDirImmCmd$6)
                  0000549c    0000003c     UARTCC26XX.obj (.text:readData$11)
                  000054d8    0000003c     icall_api.obj (.text:sendWaitMatchCS$16)
                  00005514    0000003a     icall_api.obj (.text:profileSetParameter$16)
                  0000554e    00000002     rom_sysbios.aem3 : rom_sysbios.obj (.text:xdc_runtime_SysCallback_defaultAbort)
                  00005550    00000038     icall.obj (.text:ICall_primGetMaxMSecs$13)
                  00005588    00000038     rom_sysbios.aem3 : rom_sysbios.obj (.text:ti_sysbios_family_arm_cc26xx_Timer_getCurrentTick__E)
                  000055c0    00000038     UARTCC26XX.obj (.text:writeData$11)
                  000055f8    00000036     icall_api.obj (.text:waitMatchCS$16)
                  0000562e    00000002     rom_sysbios.aem3 : rom_sysbios.obj (.text:xdc_runtime_SysCallback_defaultExit)
                  00005630    00000034     npi_task.obj (.text:ICall_enrollService$22)
                  00005664    00000034     icall.obj (.text:ICall_primEntityId2ServiceId$13)
                  00005698    00000034     icall.obj (.text:ICall_primRegisterISR$13)
                  000056cc    00000008     (.tramp.ti_sysbios_hal_Hwi_create.1)
                  000056d4    00000034     icall.obj (.text:ICall_primRegisterISR_Ext$13)
                  00005708    00000034     icall.obj (.text:ICall_searchServiceEntity)
                  0000573c    00000034     driverlib.lib : ddi.obj (.text:NOROM_DDI32RegWrite)
                  00005770    00000034                   : osc.obj (.text:NOROM_OSCHF_SwitchToRcOscTurnOffXosc)
                  000057a4    00000034     npi_rxbuf.obj (.text:NPIRxBuf_ReadFromRxBuf)
                  000057d8    00000034     npi_tl.obj (.text:NPITL_readTL)
                  0000580c    00000034     PINCC26XX.obj (.text:PIN_setOutputValue)
                  00005840    00000034     drivers_cc26xxware.aem3 : PowerCC26XX.oem3 (.text:PowerCC26XX_isStableXOSC_HF)
                  00005874    00000034     RFCC26XX_singleMode.obj (.text:Q_push$6)
                  000058a8    00000034     RFCC26XX_singleMode.obj (.text:RF_runCmd)
                  000058dc    00000034     icall_api.obj (.text:profileAddService$16)
                  00005910    00000034     rom_sysbios.aem3 : rom_sysbios.obj (.text:ti_sysbios_family_arm_cc26xx_Timer_initDevice__I)
                  00005944    00000032     icall_api.obj (.text:matchUtilNvCS$16)
                  00005976    00000032     rom_sysbios.aem3 : rom_sysbios.obj (.text:ti_sysbios_family_arm_cc26xx_Timer_setNextTick__E)
                  000059a8    00000030     icall_cc2650.obj (.text:ICallPlatform_pwrNotify$14)
                  000059d8    00000030     icall_cc2650.obj (.text:ICallPlatform_pwrRegisterNotify)
                  00005a08    00000030     icall.obj (.text:ICall_dispatch$13)
                  00005a38    00000030     icall.obj (.text:ICall_msecs2Ticks$13)
                  00005a68    00000030     icall.obj (.text:ICall_searchTask$13)
                  00005a98    00000030     driverlib.lib : setup.obj (.text:NOROM_SetupSetAonRtcSubSecInc)
                  00005ac8    00000030                   : trng.obj (.text:NOROM_TRNGConfigure)
                  00005af8    00000030     drivers_cc26xxware.aem3 : PowerCC26XX.oem3 (.text:Power_releaseConstraint)
                  00005b28    00000030                             : PowerCC26XX.oem3 (.text:Power_setConstraint)
                  00005b58    00000030     UART.obj (.text:UART_open)
                  00005b88    00000030     app_ble_pem3.oem3 (.text:ti_sysbios_BIOS_atExitFunc__I)
                  00005bb8    00000008     (.tramp.ti_sysbios_BIOS_setThreadType__E.1)
                  00005bc0    00000030     app_ble_pem3.oem3 (.text:ti_sysbios_BIOS_startFunc__I)
                  00005bf0    00000008     (.tramp.xdc_runtime_System_atexit__E.1)
                  00005bf8    00000008     (.tramp.ti_sysbios_family_arm_cc26xx_Timer_startup__E.1)
                  00005c00    00000008     (.tramp.ti_sysbios_hal_Hwi_startup__E.1)
                  00005c08    00000008     (.tramp.ti_sysbios_knl_Swi_startup__E.1)
                  00005c10    00000008     (.tramp.ti_sysbios_knl_Task_startup__E.1)
                  00005c18    00000030     rom_sysbios.aem3 : rom_sysbios.obj (.text:ti_sysbios_family_arm_cc26xx_Timer_setThreshold__I)
                  00005c48    0000002e     icall_cc2650.obj (.text:ICallPlatform_pwrDispenseImpl$14)
                  00005c76    0000002e     icall_cc2650.obj (.text:ICallPlatform_pwrRequireImpl$14)
                  00005ca4    0000002e     icall_api.obj (.text:registerTask$16)
                  00005cd2    00000002     --HOLE-- [fill = 0]
                  00005cd4    0000002c     icall.obj (.text:ICall_heapFree)
                  00005d00    0000002c     icall.obj (.text:ICall_msgEnqueue$13)
                  00005d2c    0000002c     icall.obj (.text:ICall_primAllocMsg$13)
                  00005d58    0000002c     icall_api.obj (.text:ICall_sendServiceMsg$16)
                  00005d84    0000002c     PINCC26XX.obj (.text:PINCC26XX_setMux)
                  00005db0    0000002c     PINCC26XX.obj (.text:PIN_setConfig)
                  00005ddc    0000002c     RFCC26XX_singleMode.obj (.text:getCmd$6)
                  00005e08    0000002c     icall_api.obj (.text:matchProfileAddServiceCS$16)
                  00005e34    0000002c     rom_sysbios.aem3 : rom_sysbios.obj (.text:ti_sysbios_knl_Clock_getTicksUntilInterrupt__E)
                  00005e60    0000002a     icall_api.obj (.text:ICall_waitMatch$16)
                  00005e8a    0000002a     icall_api.obj (.text:matchProfileCS$16)
                  00005eb4    00000028     driverlib.lib : aon_batmon.obj (.text:NOROM_AONBatMonTemperatureGetDegC)
                  00005edc    00000028                   : rfc.obj (.text:NOROM_RFCDoorbellSendTo)
                  00005f04    00000028     drivers_cc26xxware.aem3 : PowerCC26XX.oem3 (.text:PowerCC26XX_switchXOSC_HF)
                  00005f2c    00000028                             : PowerCC26XX.oem3 (.text:Power_registerNotify)
                  00005f54    00000028     driverlib.lib : adi.obj (.text:SafeHapiVoid)
                  00005f7c    00000028     TRNGCC26XX.obj (.text:TRNGCC26XX_init)
                  00005fa4    00000028     RFCC26XX_singleMode.obj (.text:clkPowerUpFxn$6)
                  00005fcc    00000026     drivers_cc26xxware.aem3 : List.oem3 (.text:List_put)
                  00005ff2    00000024     icall_api.obj (.text:ICall_getLocalMsgEntityId$16)
                  00006016    00000002     --HOLE-- [fill = 0]
                  00006018    00000024     npi_task.obj (.text:NPITask_transportTxDoneCallBack$22)
                  0000603c    00000024     drivers_cc26xxware.aem3 : PowerCC26XX_calibrateRCOSC.oem3 (.text:getTdcSemaphore)
                  00006060    00000024     RFCC26XX_singleMode.obj (.text:hwiFxnCpe0PowerFsm$6)
                  00006084    00000024     app_ble_pem3.oem3 (.text:ti_sysbios_BIOS_registerRTSLock__I)
                  000060a8    00000024     app_ble_pem3.oem3 (.text:ti_sysbios_BIOS_removeRTSLock__I)
                  000060cc    00000024     rom_sysbios.aem3 : rom_sysbios.obj (.text:ti_sysbios_family_arm_cc26xx_Timer_getMaxTicks__E)
                  000060f0    00000020     host_test_app.obj (.text:ICall_allocMsg$0)
                  00006110    00000020     icall_api.obj (.text:ICall_allocMsg$16)
                  00006130    00000020     npi_frame_hci.obj (.text:ICall_allocMsg$20)
                  00006150    00000020     icall_api.obj (.text:ICall_getEntityId$16)
                  00006170    00000020     npi_task.obj (.text:ICall_malloc$22)
                  00006190    00000020     icall.obj (.text:ICall_primService$13)
                  000061b0    00000020     npi_rxbuf.obj (.text:NPIRxBuf_GetRxBufCount)
                  000061d0    00000020     npi_tl_uart.obj (.text:NPITLUART_writeCallBack$18)
                  000061f0    00000020     npi_tl.obj (.text:NPITL_getRxBufLen)
                  00006210    00000020     drivers_cc26xxware.aem3 : PowerCC26XX.oem3 (.text:Power_unregisterNotify)
                  00006230    00000020     app_ble_pem3.oem3 (.text:ti_sysbios_BIOS_rtsLock__I)
                  00006250    00000008     (.tramp.ti_sysbios_BIOS_RtsGateProxy_enter__E.1)
                  00006258    00000020     rom_sysbios.aem3 : rom_sysbios.obj (.text:ti_sysbios_family_arm_cc26xx_Timer_dynamicStub__E)
                  00006278    00000020                      : rom_sysbios.obj (.text:ti_sysbios_knl_Clock_stop__E)
                  00006298    0000001e     icall.obj (.text:ICall_primSendServiceMsg$13)
                  000062b6    0000001e     PINCC26XX.obj (.text:PIN_close)
                  000062d4    0000001e     drivers_cc26xxware.aem3 : PowerCC26XX.oem3 (.text:Power_getTransitionLatency)
                  000062f2    00000002     --HOLE-- [fill = 0]
                  000062f4    0000001c     driverlib.lib : osc.obj (.text:NOROM_OSCClockSourceGet)
                  00006310    0000001c     PINCC26XX.obj (.text:PINCC26XX_setIoCfgMux$5)
                  0000632c    0000001c     PINCC26XX.obj (.text:PIN_hwi$5)
                  00006348    0000001c     RFCC26XX_singleMode.obj (.text:RF_runDirectCmd)
                  00006364    0000001c     RFCC26XX_singleMode.obj (.text:RF_runImmediateCmd)
                  00006380    0000001c     TRNGCC26XX.obj (.text:TRNGCC26XX_open)
                  0000639c    0000001c     icall_api.obj (.text:getStatusValueFromErrNo$16)
                  000063b8    0000001c     TRNGCC26XX.obj (.text:openTRNG)
                  000063d4    0000001a     icall.obj (.text:ICall_enterCSImpl)
                  000063ee    0000001a     icall.obj (.text:ICall_primSetTimerMSecs$13)
                  00006408    0000001a     drivers_cc26xxware.aem3 : List.oem3 (.text:List_remove)
                  00006422    00000018     icall_cc2650.obj (.text:ICallPlatform_pwrDispense)
                  0000643a    00000018     icall_cc2650.obj (.text:ICallPlatform_pwrRequire)
                  00006452    00000018     npi_task.obj (.text:ICall_free$22)
                  0000646a    00000018     icall_api.obj (.text:ICall_freeMsg$16)
                  00006482    00000018     npi_task.obj (.text:ICall_freeMsg$22)
                  0000649a    00000018     icall.obj (.text:ICall_primMalloc$13)
                  000064b2    00000002     --HOLE-- [fill = 0]
                  000064b4    00000018     driverlib.lib : aon_rtc.obj (.text:NOROM_AONRTCCurrentCompareValueGet)
                  000064cc    00000018                   : chipinfo.obj (.text:NOROM_ChipInfo_GetPackageType)
                  000064e4    00000018                   : osc.obj (.text:NOROM_OSCHF_TurnOnXosc)
                  000064fc    00000018                   : rfc.obj (.text:NOROM_RFCCpeIntGetAndClear)
                  00006514    00000018     drivers_cc26xxware.aem3 : PowerCC26XX.oem3 (.text:Power_idleFunc)
                  0000652c    00000018     RFCC26XX_singleMode.obj (.text:Q_pop$6)
                  00006544    00000018     UARTCC26XX.obj (.text:UARTCC26XX_init)
                  0000655c    00000018     UART.obj (.text:UART_Params_init)
                  00006574    00000018     drivers_cc26xxware.aem3 : PowerCC26XX.oem3 (.text:configureRFCoreClocks)
                  0000658c    00000018     rtsv7M3_T_le_eabi.lib : args_main.obj (.text)
                  000065a4    00000018                           : ll_mul_t2.obj (.text)
                  000065bc    00000018     RFCC26XX_singleMode.obj (.text:swiFxnFsm$6)
                  000065d4    00000018     app_ble_pem3.oem3 (.text:ti_sysbios_BIOS_rtsUnlock__I)
                  000065ec    00000008     (.tramp.ti_sysbios_BIOS_RtsGateProxy_leave__E.1)
                  000065f4    00000018     rom_sysbios.aem3 : rom_sysbios.obj (.text:ti_sysbios_knl_Swi_or__E)
                  0000660c    00000018     app_ble_pem3.oem3 (.text:ti_sysbios_rom_cortexm_cc26xx_CC26xx_checkRevision__E)
                  00006624    00000016     icall.obj (.text:ICall_leaveCSImpl)
                  0000663a    00000016     icall.obj (.text:ICall_primStopTimer$13)
                  00006650    00000016     ble_user_config.obj (.text:driverTable_fnSpinlock)
                  00006666    00000016     app_ble_pem3.oem3 (.text:ti_sysbios_BIOS_exitFunc__I)
                  0000667c    00000014     icall_api.obj (.text:GGS_SetParameter)
                  00006690    00000014     driverlib.lib : aon_rtc.obj (.text:NOROM_AONRTCCurrent64BitValueGet)
                  000066a4    00000014     UART.obj (.text:UART_read)
                  000066b8    00000014     rtsv7M3_T_le_eabi.lib : _lock.obj (.text)
                  000066cc    00000014                           : strlen.obj (.text)
                  000066e0    00000014     icall_api.obj (.text:setICallCmdEvtHdr$16)
                  000066f4    00000014     app_ble_pem3.oem3 (.text:ti_sysbios_knl_Clock_doTick__I)
                  00006708    00000008     (.tramp.ti_sysbios_knl_Clock_logTick__E.1)
                  00006710    00000012     RFCC26XX_singleMode.obj (.text:RF_getCmdOp)
                  00006722    00000012     app_ble_pem3.oem3 (.text:xdc_runtime_Startup_exec__I)
                  00006734    00000008     (.tramp.xdc_runtime_Startup_startMods__I.1)
                  0000673c    00000010     icall_cc2650.obj (.text:ICallPlatform_pwrGetXOSCStartupTime)
                  0000674c    00000010     icall.obj (.text:ICall_primGetTickPeriod$13)
                  0000675c    00000010     icall.obj (.text:ICall_taskEntry$13)
                  0000676c    00000010     rom_sysbios.aem3 : rom_sysbios.obj (.text:ti_sysbios_family_arm_m3_Hwi_post__E)
                  0000677c    00000010     UARTCC26XX.obj (.text:uartPostNotify$11)
                  0000678c    0000000e     icall_cc2650.obj (.text:ICallPlatform_pwrGetTransitionState)
                  0000679a    0000000e     icall_cc2650.obj (.text:ICallPlatform_pwrIsStableXOSCHF)
                  000067a8    0000000e     icall.obj (.text:ICall_primDisableMInt$13)
                  000067b6    0000000e     icall.obj (.text:ICall_primEnableMInt$13)
                  000067c4    00000008     (.tramp.ti_sysbios_family_arm_m3_Hwi_enableFxn__E.1)
                  000067cc    00000008     (.tramp.ti_sysbios_knl_Task_enable__E.1)
                  000067d4    0000000e     icall.obj (.text:ICall_primFreeMsg$13)
                  000067e2    0000000e     icall.obj (.text:ICall_primGetTicks$13)
                  000067f0    0000000e     driverlib.lib : setup.obj (.text:NOROM_SetupSignExtendVddrTrimValue)
                  000067fe    0000000e                   : vims.obj (.text:NOROM_VIMSModeGet)
                  0000680c    0000000e     rtsv7M3_T_le_eabi.lib : copy_decompress_none.obj (.text:decompress:none)
                  0000681a    0000000e     icall_api.obj (.text:matchGattInitClientCS$16)
                  00006828    0000000e     icall_api.obj (.text:setDispatchCmdEvtHdr$16)
                  00006836    0000000e     rom_sysbios.aem3 : rom_sysbios.obj (.text:ti_sysbios_family_arm_cc26xx_TimestampProvider_get32__E)
                  00006844    0000000c     RFCC26XX_singleMode.obj (.text:FsmNextState$6)
                  00006850    0000000c     icall.obj (.text:ICall_clockFunc$13)
                  0000685c    0000000c     icall.obj (.text:ICall_primDisableInt$13)
                  00006868    00000008     (.tramp.ti_sysbios_hal_Hwi_disableInterrupt__E.1)
                  00006870    0000000c     icall.obj (.text:ICall_primEnableInt$13)
                  0000687c    00000008     (.tramp.ti_sysbios_hal_Hwi_enableInterrupt__E.1)
                  00006884    0000000c     icall.obj (.text:ICall_primFree$13)
                  00006890    0000000c     icall.obj (.text:ICall_primSignal$13)
                  0000689c    0000000c     driverlib.lib : cpu.obj (.text:NOROM_CPUcpsid)
                  000068a8    0000000c                   : cpu.obj (.text:NOROM_CPUcpsie)
                  000068b4    0000000c     npi_tl.obj (.text:NPITL_checkNpiBusy)
                  000068c0    0000000c     drivers_cc26xxware.aem3 : PowerCC26XX.oem3 (.text:Power_getConstraintMask)
                  000068cc    0000000c                             : PowerCC26XX.oem3 (.text:Power_getDependencyCount)
                  000068d8    0000000c                             : PowerCC26XX.oem3 (.text:Power_getTransitionState)
                  000068e4    0000000c     rtsv7M3_T_le_eabi.lib : copy_zero_init.obj (.text:decompress:ZI)
                  000068f0    0000000c     icall_api.obj (.text:matchProfileSetParamCS$16)
                  000068fc    0000000c     rom_sysbios.aem3 : rom_sysbios.obj (.text:ti_sysbios_BIOS_getThreadType__E)
                  00006908    0000000c                      : rom_sysbios_config.obj (.text:ti_sysbios_hal_Hwi_Params__init__S)
                  00006914    00000008     (.tramp.xdc_runtime_Core_assignParams__I.1)
                  0000691c    0000000c                      : rom_sysbios.obj (.text:ti_sysbios_knl_Swi_getTrigger__E)
                  00006928    0000000c     app_ble_pem3.oem3 (.text:xdc_runtime_Startup_reset__I)
                  00006934    0000000c     rom_sysbios.aem3 : rom_sysbios.obj (.text:xdc_runtime_Startup_rtsDone__E)
                  00006940    0000000a     icall_cc2650.obj (.text:ICallPlatform_pwrSwitchXOSCHF)
                  0000694a    0000000a     icall.obj (.text:ICall_primE2S$13)
                  00006954    0000000a     drivers_cc26xxware.aem3 : List.oem3 (.text:List_empty)
                  0000695e    0000000a     UART.obj (.text:UART_write)
                  00006968    00000008     RFCC26XX_singleMode.obj (.text:RF_flushCmd)
                  00006970    00000008     UARTCC26XX.obj (.text:readSemCallback$11)
                  00006978    00000008     UARTCC26XX.obj (.text:writeSemCallback$11)
                  00006980    00000006     UARTCC26XX.obj (.text:UARTCC26XX_readPolling)
                  00006986    00000006     UARTCC26XX.obj (.text:UARTCC26XX_writePolling)
                  0000698c    00000006     RFCC26XX_singleMode.obj (.text:clkInactivityFxn$6)
                  00006992    00000006     icall_api.obj (.text:matchGGSSetParamCS$16)
                  00006998    00000006     icall_api.obj (.text:matchUtilBuildRevCS$16)
                  0000699e    00000006     rom_sysbios.aem3 : rom_sysbios.obj (.text:ti_sysbios_family_arm_m3_Hwi_setFunc__E)
                  000069a4    00000004     tirtosport.aem3 : HwiP_tirtos.oem3 (.text:HwiP_disable)
                  000069a8    00000004     drivers_cc26xxware.aem3 : List.oem3 (.text:List_head)
                  000069ac    00000004                             : List.oem3 (.text:List_next)
                  000069b0    00000004     npi_task.obj (.text:NPITask_Fxn)
                  000069b4    00000004     RFCC26XX_singleMode.obj (.text:Q_peek$6)
                  000069b8    00000004     drivers_cc26xxware.aem3 : PowerCC26XX.oem3 (.text:nopResourceHandler)
                  000069bc    00000004     rom_sysbios.aem3 : rom_sysbios.obj (.text:ti_sysbios_family_arm_cc26xx_Timer_getCount64__E)
                  000069c0    00000008     (.tramp.ti_sysbios_knl_Clock_create.1)
                  000069c8    00000008     (.tramp.ti_sysbios_knl_Clock_scheduleNextTick__E.1)
                  000069d0    00000008     (.tramp.ti_sysbios_knl_Clock_walkQueueDynamic__E.1)
                  000069d8    00000008     (.tramp.ti_sysbios_knl_Clock_TimerProxy_getCurrentTick__E.1)
                  000069e0    00000008     (.tramp.ti_sysbios_family_arm_m3_Hwi_enableInterrupt__E.1)
                  000069e8    00000008     (.tramp.ti_sysbios_knl_Swi_post__E.1)
                  000069f0    00000008     (.tramp.ti_sysbios_BIOS_start__E.1)
                  000069f8    00000008     (.tramp.ti_sysbios_knl_Clock_getTicks__E.1)
                  00006a00    00000008     (.tramp.ti_sysbios_knl_Task_self__E.1)
                  00006a08    00000008     (.tramp.xdc_runtime_System_abortSpin__E.1)
                  00006a10    00000008     (.tramp.ti_sysbios_knl_Clock_construct.1)
                  00006a18    00000008     (.tramp.ti_sysbios_knl_Clock_Params__init__S.1)
                  00006a20    00000008     (.tramp.ti_sysbios_knl_Swi_construct.1)
                  00006a28    00000008     (.tramp.ti_sysbios_knl_Swi_Params__init__S.1)
                  00006a30    00000008     (.tramp.ti_sysbios_family_arm_m3_Hwi_construct.1)
                  00006a38    00000008     (.tramp.ti_sysbios_family_arm_m3_Hwi_Params__init__S.1)
                  00006a40    00000008     (.tramp.ti_sysbios_knl_Semaphore_construct.1)
                  00006a48    00000008     (.tramp.ti_sysbios_knl_Semaphore_Params__init__S.1)
                  00006a50    00000008     (.tramp.ti_sysbios_knl_Task_restore__E.1)
                  00006a58    00000008     (.tramp.ti_sysbios_knl_Swi_restore__E.1)
                  00006a60    00000008     (.tramp.ti_sysbios_knl_Swi_disable__E.1)
                  00006a68    00000008     (.tramp.ti_sysbios_knl_Task_disable__E.1)
                  00006a70    00000008     (.tramp.ti_sysbios_knl_Clock_start__E.1)
                  00006a78    00000008     (.tramp.ti_sysbios_knl_Clock_setTimeout__E.1)
                  00006a80    00000008     (.tramp.ti_sysbios_family_arm_m3_Hwi_restoreFxn__E.1)
                  00006a88    00000008     (.tramp.ti_sysbios_family_arm_m3_Hwi_disableFxn__E.1)
                  00006a90    00000008     (.tramp.ti_sysbios_knl_Queue_get__E.1)
                  00006a98    00000008     (.tramp.ti_sysbios_knl_Queue_dequeue__E.1)
                  00006aa0    00000008     (.tramp.ti_sysbios_knl_Queue_empty__E.1)
                  00006aa8    00000008     (.tramp.ti_sysbios_knl_Semaphore_post__E.1)
                  00006ab0    00000008     (.tramp.ti_sysbios_knl_Queue_put__E.1)
                  00006ab8    00000008     (.tramp.ti_sysbios_knl_Semaphore_pend__E.1)

.const     0    00006ac0    0000037c     
                  00006ac0    000000cc     icall.obj (.const:$O8$$)
                  00006b8c    0000004c     board.obj (.const:BoardGpioInitTable)
                  00006bd8    0000004c     drivers_cc26xxware.aem3 : PowerCC26XX.oem3 (.const:resourceDB)
                  00006c24    0000004c     ble_user_config.obj (.const:rfDriverTable)
                  00006c70    00000048     app_ble_pem3.oem3 (.const:.string)
                  00006cb8    00000040     UARTCC26XX.obj (.const:$O6$$)
                  00006cf8    00000028     UARTCC26XX.obj (.const:UARTCC26XX_fxnTable)
                  00006d20    00000027     ble_user_config.obj (.const:txPowerTable)
                  00006d47    00000001     app_ble_pem3.oem3 (.const:xdc_runtime_Text_charTab__A)
                  00006d48    00000024     UART.obj (.const:UART_defaultParams)
                  00006d6c    00000024     app_ble_pem3.oem3 (.const:xdc_runtime_Startup_sfxnTab__A)
                  00006d90    00000018     board.obj (.const:UART_config)
                  00006da8    00000018     board.obj (.const:uartCC26XXHWAttrs)
                  00006dc0    00000014     RFCC26XX_singleMode.obj (.const:RF_defaultParams$6)
                  00006dd4    00000012     app_ble_pem3.oem3 (.const:xdc_runtime_Startup_sfxnRts__A)
                  00006de6    00000002     --HOLE-- [fill = 0]
                  00006de8    00000010     board.obj (.const:PowerCC26XX_config)
                  00006df8    00000010     board.obj (.const:TRNGCC26XX_config)
                  00006e08    0000000c     ble_user_config.obj (.const:trngDriverTable)
                  00006e14    0000000c     app_ble_pem3.oem3 (.const:xdc_runtime_Startup_firstFxns__A)
                  00006e20    00000006     ble_user_config.obj (.const:txPwrTbl)
                  00006e26    00000002     --HOLE-- [fill = 0]
                  00006e28    00000004     board.obj (.const:TRNGCC26XXHWAttrs)
                  00006e2c    00000004     icall_cc2650.obj (.const:events$1$14)
                  00006e30    00000004     app_ble_pem3.oem3 (.const:ti_sysbios_knl_Clock_tickPeriod__C)
                  00006e34    00000004     app_ble_pem3.oem3 (.const:ti_sysbios_knl_Clock_triggerClock__C)
                  00006e38    00000004     app_ble_pem3.oem3 (.const:ti_sysbios_knl_Idle_funcList__A)

.cinit     0    00006e40    000002e8     
                  00006e40    000001ab     (.cinit..data.load) [load image, compression = lzss]
                  00006feb    00000029     (.cinit..data:ti_sysbios_family_arm_m3_Hwi_Module__state__V.load) [load image, compression = lzss]
                  00007014    00000021     (.cinit..data:ti_sysbios_knl_Task_Module__state__V.load) [load image, compression = lzss]
                  00007035    0000001f     (.cinit..data:ti_sysbios_BIOS_Module__state__V.load) [load image, compression = lzss]
                  00007054    0000001d     (.cinit..data:ti_sysbios_knl_Clock_Module__state__V.load) [load image, compression = lzss]
                  00007071    00000010     (.cinit..data:ti_sysbios_knl_Swi_Module__state__V.load) [load image, compression = lzss]
                  00007081    00000003     --HOLE-- [fill = 0]
                  00007084    0000000c     (__TI_handler_table)
                  00007090    0000000b     (.cinit..data:ti_sysbios_family_arm_cc26xx_Timer_Module__state__V.load) [load image, compression = lzss]
                  0000709b    00000005     --HOLE-- [fill = 0]
                  000070a0    00000008     (.cinit..bss.load) [load image, compression = zero_init]
                  000070a8    00000008     (.cinit..data:xdc_runtime_Memory_Module__state__V.load) [load image, compression = lzss]
                  000070b0    00000007     (.cinit..data:ti_sysbios_family_arm_cc26xx_TimestampProvider_Module__state__V.load) [load image, compression = lzss]
                  000070b7    00000007     (.cinit..data:xdc_runtime_Startup_Module__state__V.load) [load image, compression = lzss]
                  000070be    00000007     (.cinit..data:xdc_runtime_System_Module__state__V.load) [load image, compression = lzss]
                  000070c5    00000003     --HOLE-- [fill = 0]
                  000070c8    00000060     (__TI_cinit_table)

.init_array 
*          0    00000000    00000000     UNINITIALIZED

.ccfg      0    0001ffa8    00000058     
                  0001ffa8    00000058     ccfg_app_ble.obj (.ccfg:retain)

.vecs      0    20000000    000000c8     NOLOAD SECTION
                  20000000    000000c8     app_ble_pem3.oem3 (.vecs)

.data:ti_sysbios_knl_Task_Module__state__V 
*          0    20000100    00000044     UNINITIALIZED
                  20000100    00000044     app_ble_pem3.oem3 (.data:ti_sysbios_knl_Task_Module__state__V)

.data:ti_sysbios_family_arm_m3_Hwi_Module__state__V 
*          0    20000144    00000034     UNINITIALIZED
                  20000144    00000034     app_ble_pem3.oem3 (.data:ti_sysbios_family_arm_m3_Hwi_Module__state__V)

.data:ti_sysbios_knl_Clock_Module__state__V 
*          0    20000178    0000002c     UNINITIALIZED
                  20000178    0000002c     app_ble_pem3.oem3 (.data:ti_sysbios_knl_Clock_Module__state__V)

.data:ti_sysbios_BIOS_Module__state__V 
*          0    200001a4    00000024     UNINITIALIZED
[...]
1001c2ad  ti_sysbios_knl_Clock_TimerProxy_getExpiredTicks__E                        
1001c2b1  ti_sysbios_knl_Clock_TimerProxy_getPeriod__E                              
1001c2b5  ti_sysbios_knl_Clock_delete                                               
1001c2b9  ti_sysbios_knl_Clock_destruct                                             
1001c2bd  ti_sysbios_knl_Clock_removeI__E                                           
1001c2c1  ti_sysbios_knl_Clock_setTimeout__E                                        
1001c2c5  ti_sysbios_knl_Mailbox_delete                                             
1001c2c9  ti_sysbios_knl_Mailbox_destruct                                           
1001c2cd  ti_sysbios_knl_Queue_delete                                               
1001c2d1  ti_sysbios_knl_Queue_destruct                                             
1001c2d5  ti_sysbios_knl_Queue_head__E                                              
1001c2d9  ti_sysbios_knl_Queue_next__E                                              
1001c2dd  ti_sysbios_knl_Semaphore_delete                                           
1001c2e1  ti_sysbios_knl_Semaphore_destruct                                         
1001c2e5  ti_sysbios_knl_Swi_delete                                                 
1001c2e9  ti_sysbios_knl_Swi_destruct                                               
1001c2ed  ti_sysbios_knl_Swi_postInit__I                                            
1001c2f1  ti_sysbios_knl_Task_SupportProxy_Module__startupDone__S                   
1001c2f5  ti_sysbios_knl_Task_SupportProxy_getStackAlignment__E                     
1001c2f9  ti_sysbios_knl_Task_SupportProxy_start__E                                 
1001c2fd  ti_sysbios_knl_Task_SupportProxy_swap__E                                  
1001c301  ti_sysbios_knl_Task_delete                                                
1001c305  ti_sysbios_knl_Task_destruct                                              
1001c309  ti_sysbios_knl_Task_startup__E                                            
1001c30d  xdc_runtime_Startup_startMods__I                                          
1001c405  xdc_runtime_Core_createObject__I                                          
1001c487  xdc_runtime_Error_policySpin__E                                           
1001c489  xdc_runtime_Memory_alloc__E                                               
1001c4f9  xdc_runtime_Core_deleteObject__I                                          
1001c559  xdc_runtime_Startup_exec__E                                               
1001c5a9  xdc_runtime_Assert_raise__I                                               
1001c5f1  xdc_runtime_Core_assignParams__I                                          
1001c639  xdc_runtime_Core_constructObject__I                                       
1001c681  xdc_runtime_System_atexit__E                                              
1001c6b9  xdc_runtime_System_processAtExit__E                                       
1001c6ed  xdc_runtime_Core_assignLabel__I                                           
1001c71d  xdc_runtime_Text_cordText__E                                              
1001c749  xdc_runtime_System_abort__E                                               
1001c769  xdc_runtime_Error_raiseX__E                                               
1001c785  xdc_runtime_Memory_valloc__E                                              
1001c7a1  xdc_runtime_Core_destructObject__I                                        
1001c7b9  xdc_runtime_Error_check__E                                                
1001c7d1  xdc_runtime_System_exit__E                                                
1001c7e9  xdc_runtime_Text_ropeText__E                                              
1001c801  xdc_runtime_Memory_free__E                                                
1001c811  xdc_runtime_SysCallback_abort__E                                          
1001c821  xdc_runtime_SysCallback_exit__E                                           
1001c831  xdc_runtime_Timestamp_SupportProxy_get32__E                               
1001c831  xdc_runtime_Timestamp_get32__E                                            
1001c841  xdc_runtime_Error_init__E                                                 
1001c84d  xdc_runtime_Memory_calloc__E                                              
1001c859  xdc_runtime_Memory_getMaxDefaultTypeAlign__E                              
1001c879  xdc_runtime_Gate_leaveSystem__E                                           
1001c87f  xdc_runtime_System_Module_startup__E                                      
1001c885  xdc_runtime_Gate_enterSystem__E                                           
1001c889  xdc_runtime_Memory_HeapProxy_alloc__E                                     
1001c88d  xdc_runtime_Memory_HeapProxy_free__E                                      
1001c891  xdc_runtime_System_Module_GateProxy_enter__E                              
1001c895  xdc_runtime_System_Module_GateProxy_leave__E                              
1001c899  xdc_runtime_System_abortSpin__E                                           
1001c89b  xdc_runtime_System_exitSpin__E                                            
1001c89d  ti_sysbios_family_arm_m3_Hwi_dispatch__I                                  
1001c96d  ti_sysbios_family_arm_m3_TaskSupport_buildTaskStack                       
1001c9b9  ti_sysbios_family_arm_m3_Hwi_initStacks__E                                
1001ca01  ti_sysbios_family_arm_m3_Hwi_excHandlerAsm__I                             
1001ca21  ti_sysbios_family_xxx_Hwi_switchAndRunFunc                                
1001ca3f  ti_sysbios_family_arm_m3_Hwi_pendSV__I                                    
1001ca57  ti_sysbios_family_arm_m3_Hwi_return                                       
1001ca59  ti_sysbios_family_arm_m3_TaskSupport_glue                                 
1001ca69  ti_sysbios_family_arm_m3_TaskSupport_swap__E                              
1001ca71  ti_sysbios_knl_Task_swapReturn                                            
1001ca9b  ti_sysbios_rom_cortexm_cc26xx_CC26xx_getRevision__E                       
20000000  ti_sysbios_family_arm_m3_Hwi_ramVectors                                   
20000100  ti_sysbios_knl_Task_Module__state__V                                      
20000144  ti_sysbios_family_arm_m3_Hwi_Module__state__V                             
20000178  ti_sysbios_knl_Clock_Module__state__V                                     
200001a4  ti_sysbios_BIOS_Module__state__V                                          
200001c8  ti_sysbios_knl_Swi_Module__state__V                                       
200001e4  ti_sysbios_family_arm_cc26xx_Timer_Module__state__V                       
200001ec  ti_sysbios_family_arm_cc26xx_TimestampProvider_Module__state__V           
200001f0  xdc_runtime_Startup_Module__state__V                                      
200001f8  xdc_runtime_System_Module__state__V                                       
20000200  xdc_runtime_Memory_Module__state__V                                       
2000020c  dispHandle                                                                
20000214  buildRev                                                                  
20000238  htaTask                                                                   
20000288  htaTaskStack                                                              
2000050c  npiAppEntityID                                                            
20000584  npiTaskStack                                                              
20000cfc  PowerCC26XX_module                                                        
20000e0c  ICall_dispatcher                                                          
20000e14  ICall_enterCriticalSection                                                
20000e18  ICall_leaveCriticalSection                                                
20000e30  HEAPMGR_SIZE                                                              
20000ea0  rfRegTbl                                                                  
20000ef0  ti_sysbios_knl_Task_Object__table__V                                      
20000f40  ti_sysbios_family_arm_cc26xx_Timer_Object__table__V                       
20000f88  ti_sysbios_gates_GateMutex_Object__table__V                               
20000ff4  ti_sysbios_knl_Swi_Module_State_0_readyQ__A                               
20001024  ti_sysbios_knl_Swi_Object__table__V                                       
20001054  ti_sysbios_knl_Task_Module_State_0_readyQ__A                              
20001084  user0Cfg                                                                  
200010b4  ti_sysbios_knl_Clock_Object__table__V                                     
200010e0  incomingFrameCBFunc                                                       
200010f0  ti_sysbios_family_arm_m3_Hwi_Object__table__V                             
20001108  ti_sysbios_heaps_HeapMem_Object__table__V                                 
20001120  __TI_cleanup_ptr                                                          
20001124  __TI_dtors_ptr                                                            
20001128  __TI_enable_exit_profile_output                                           
2000112c  lastAppOpcodeSent                                                         
20001130  pfnBMAlloc                                                                
20001134  pfnBMFree                                                                 
20001138  _lock                                                                     
2000113c  _unlock                                                                   
20001148  ti_sysbios_family_arm_m3_Hwi_Module__root__V                              
20001150  ti_sysbios_gates_GateHwi_Module__root__V                                  
20001158  ti_sysbios_gates_GateMutex_Module__root__V                                
20001160  ti_sysbios_hal_Hwi_Module__root__V                                        
20001168  ti_sysbios_heaps_HeapMem_Module__root__V                                  
20001170  ti_sysbios_knl_Clock_Module__root__V                                      
20001178  ti_sysbios_knl_Mailbox_Module__root__V                                    
20001180  ti_sysbios_knl_Queue_Module__root__V                                      
20001188  ti_sysbios_knl_Semaphore_Module__root__V                                  
20001190  ti_sysbios_knl_Swi_Module__root__V                                        
20001198  ti_sysbios_knl_Task_Module__root__V                                       
200011a0  appAssertCback                                                            
200011a4  main_func_sp                                                              
200011a8  ti_sysbios_family_arm_m3_Hwi_Module_State_0_excContext__A                 
200011ac  ti_sysbios_family_arm_m3_Hwi_Module_State_0_excStack__A                   
200011b0  ti_sysbios_knl_Task_Module_State_0_idleTask__A                            
200011b4  ti_sysbios_family_arm_m3_Hwi_Module_State_0_excActive__A                  
200011b8  ti_sysbios_heaps_HeapMem_Instance_State_0_buf__A                          
20001838  ti_sysbios_knl_Task_Instance_State_0_stack__A                             
20001a38  uartCC26XXObjects                                                         
20001b4c  PIN_NumPins                                                               
20001be0  PIN_HandleTable                                                           
20001c5c  ti_sysbios_family_arm_m3_Hwi_dispatchTable                                
20001d48  trngCC26XXObjects                                                         
20001d4e  driverlib_release_0_46593                                                 
20001d4f  heapStart                                                                 
20003f68  __stack                                                                   
20003f68  heapEnd                                                                   
20004368  __STACK_END                                                               
20004368  __STACK_TOP                                                               
20004f2c  A4_rw                                                                     
20004f2c  COMMON_RAM_BASE_ADDR                                                      
20004f40  P2_rw                                                                     
20004f40  P2_s0                                                                     
20004f40  eccRom_windowSize                                                         
20004f44  eccRom_workzone                                                           
20004f48  eccRom_param_p                                                            
20004f4c  eccRom_param_r                                                            
20004f50  eccRom_param_a                                                            
20004f54  inScalar                                                                  
20004f58  inPointX                                                                  
20004f5c  inPointY                                                                  
20004f60  outPointX                                                                 
20004f64  outPointY                                                                 
20004f68  SCAL                                                                      
20004f6c  EXPX                                                                      
20004f70  EXPY                                                                      
20004f74  EXPZ                                                                      
20004f78  EXPW                                                                      
20004f7c  ACCX                                                                      
20004f80  ACCY                                                                      
20004f84  ACCZ                                                                      
20004f88  TMP1                                                                      
20004f8c  TMP2                                                                      
20004f90  TMP3                                                                      
20004f94  TMP4                                                                      
20004f98  TMP5                                                                      
20004f9c  TMP6                                                                      
20004fa0  eccRom_param_Gx                                                           
20004fa4  eccRom_param_Gy                                                           
20004fa8  eccRom_param_b                                                            
20004fac  P2_zi                                                                     
20004fac  ratChanInfo                                                               
20004fcc  fwInfoCmd                                                                 
20004fd8  MSBMOD                                                                    
20004fdc  aux64                                                                     
20004fe4  MOD                                                                       
20004fe8  LEN                                                                       
20004ffc  pSspAesEncrypt_Sw                                                         
e000e000  ti_sysbios_family_arm_m3_Hwi_nvic                                         
ffffffff  __TI_pprof_out_hndl                                                       
ffffffff  __TI_prof_data_size                                                       
ffffffff  __TI_prof_data_start                                                      
ffffffff  __binit__                                                                 
ffffffff  __c_args__                                                                
ffffffff  binit                                                                     
UNDEFED   HwiP_restore                                                              
UNDEFED   SHT$$INIT_ARRAY$$Base                                                     
UNDEFED   SHT$$INIT_ARRAY$$Limit                                                    
UNDEFED   ti_sysbios_BIOS_RtsGateProxy_Handle__label__S__mangled__                  
UNDEFED   ti_sysbios_BIOS_RtsGateProxy_Object__delete__S__mangled__                 
UNDEFED   ti_sysbios_BIOS_RtsGateProxy_Params__init__S__mangled__                   
UNDEFED   ti_sysbios_BIOS_RtsGateProxy_query__E__mangled__                          
UNDEFED   ti_sysbios_hal_Hwi_HwiProxy_Module__startupDone__S__mangled__             
UNDEFED   ti_sysbios_hal_Hwi_HwiProxy_Object__delete__S__mangled__                  
UNDEFED   ti_sysbios_hal_Hwi_HwiProxy_Params__init__S__mangled__                    
UNDEFED   ti_sysbios_hal_Hwi_HwiProxy_disableInterrupt__E__mangled__                
UNDEFED   ti_sysbios_hal_Hwi_HwiProxy_enableInterrupt__E__mangled__                 
UNDEFED   ti_sysbios_hal_Hwi_HwiProxy_getStackInfo__E__mangled__                    
UNDEFED   ti_sysbios_hal_Hwi_HwiProxy_startup__E__mangled__                         
UNDEFED   ti_sysbios_hal_Hwi_HwiProxy_switchFromBootStack__E__mangled__             
UNDEFED   ti_sysbios_hal_Hwi_disableInterrupt__E                                    
UNDEFED   ti_sysbios_hal_Hwi_enableInterrupt__E                                     
UNDEFED   ti_sysbios_hal_Hwi_getStackInfo__E                                        
UNDEFED   ti_sysbios_hal_Hwi_startup__E                                             
UNDEFED   ti_sysbios_hal_Hwi_switchFromBootStack__E                                 
UNDEFED   ti_sysbios_heaps_HeapMem_Module_GateProxy_Handle__label__S__mangled__     
UNDEFED   ti_sysbios_heaps_HeapMem_Module_GateProxy_Object__delete__S__mangled__    
UNDEFED   ti_sysbios_heaps_HeapMem_Module_GateProxy_Params__init__S__mangled__      
UNDEFED   ti_sysbios_heaps_HeapMem_Module_GateProxy_query__E__mangled__             
UNDEFED   ti_sysbios_knl_Clock_TimerProxy_Module__startupDone__S__mangled__         
UNDEFED   ti_sysbios_knl_Clock_TimerProxy_startup__E__mangled__                     
UNDEFED   ti_sysbios_knl_Task_SupportProxy_Module__startupDone__S__mangled__        
UNDEFED   ti_sysbios_knl_Task_SupportProxy_getStackAlignment__E__mangled__          
UNDEFED   ti_sysbios_knl_Task_SupportProxy_start__E__mangled__                      
UNDEFED   ti_sysbios_knl_Task_SupportProxy_swap__E__mangled__                       
UNDEFED   xdc_runtime_Main_Module_GateProxy_Handle__label__S                        
UNDEFED   xdc_runtime_Main_Module_GateProxy_Object__delete__S                       
UNDEFED   xdc_runtime_Main_Module_GateProxy_query__E                                
UNDEFED   xdc_runtime_Memory_HeapProxy_Handle__label__S__mangled__                  
UNDEFED   xdc_runtime_Memory_HeapProxy_Object__delete__S__mangled__                 
UNDEFED   xdc_runtime_System_Module_GateProxy_Handle__label__S__mangled__           
UNDEFED   xdc_runtime_System_Module_GateProxy_Object__delete__S__mangled__          
UNDEFED   xdc_runtime_System_Module_GateProxy_query__E__mangled__                   
UNDEFED   xdc_runtime_System_SupportProxy_abort__E                                  
UNDEFED   xdc_runtime_System_SupportProxy_exit__E                                   
UNDEFED   xdc_runtime_Timestamp_SupportProxy_get64__E__mangled__                    
UNDEFED   xdc_runtime_Timestamp_SupportProxy_getFreq__E__mangled__                  
UNDEFED   xdc_runtime_Timestamp_get32__E                                            
UNDEFED   xdc_runtime_Timestamp_get64__E                                            
UNDEFED   xdc_runtime_Timestamp_getFreq__E                                          

[956 symbols]
