******************************************************************************
                  TI ARM Linker PC v16.9.0                     
******************************************************************************
>> Linked Mon Jan 16 11:22:28 2017

OUTPUT FILE NAME:   <tirtos_lab1_cc2650launchxl.out>
ENTRY POINT SYMBOL: "ResetISR"  address: 00004c29


MEMORY CONFIGURATION

         name            origin    length      used     unused   attr    fill
----------------------  --------  ---------  --------  --------  ----  --------
  FLASH                 00000000   00020000  0000700e  00018ff2  R  X
  GPRAM                 11000000   00002000  00000000  00002000  RW X
  SRAM                  20000000   00005000  00002ec2  0000213e  RW X


SEGMENT ALLOCATION MAP

run origin  load origin   length   init length attrs members
----------  ----------- ---------- ----------- ----- -------
00000000    00000000    00006fb8   00006fb8    r-x
  00000000    00000000    0000003c   0000003c    r-- .resetVecs
  0000003c    0000003c    00006658   00006658    r-x .text
  00006694    00006694    0000071a   0000071a    r-- .const
  00006db0    00006db0    00000208   00000208    r-- .cinit
0001ffa8    0001ffa8    00000058   00000058    r--
  0001ffa8    0001ffa8    00000058   00000058    r-- .ccfg
20000100    20000100    00002afa   00000000    rw-
  20000100    20000100    00002530   00000000    rw- .bss
  20002630    20002630    000005ca   00000000    rw- .data
20004d00    20004d00    00000300   00000000    rw-
  20004d00    20004d00    00000300   00000000    rw- .stack


SECTION ALLOCATION MAP

 output                                  attributes/
section   page    origin      length       input sections
--------  ----  ----------  ----------   ----------------
.text      0    0000003c    00006658     
                  0000003c    00000324     rtsv7M3_T_le_eabi.lib : trgdrv.obj (.text)
                  00000360    00000228     drivers_cc26xxware.aem3 : PowerCC26XX.oem3 (.text:Power_sleep)
                  00000588    00000204     driverlib.lib : sys_ctrl.obj (.text:NOROM_SysCtrlSetRechargeBeforePowerDown)
                  0000078c    000001f4     rtsv7M3_T_le_eabi.lib : ull_div_t2.obj (.text)
                  00000980    000001d0     drivers_cc26xxware.aem3 : PowerCC26XX_calibrateRCOSC.oem3 (.text:calibrateRcoscHf1)
                  00000b50    000001c4                             : PINCC26XX.oem3 (.text:PIN_init)
                  00000d14    00000184                             : PowerCC26XX_calibrateRCOSC.oem3 (.text:PowerCC26XX_doCalibrate)
                  00000e98    00000160     sysbios.aem3 : BIOS.obj (.text:ti_sysbios_family_arm_m3_Hwi_dispatchC__I)
                  00000ff8    00000160                  : BIOS.obj (.text:ti_sysbios_knl_Swi_run__I)
                  00001158    00000154                  : BIOS.obj (.text:ti_sysbios_utils_Load_logLoads__I)
                  000012ac    00000138     flash_debug_pem3.oem3 (.text:ti_uia_loggers_LoggerStopMode_writeMemoryRange__E)
                  000013e4    00000130     driverlib.lib : setup.obj (.text:NOROM_SetupAfterColdResetWakeupFromShutDownCfg3)
                  00001514    0000012c     sysbios.aem3 : BIOS.obj (.text:ti_sysbios_knl_Semaphore_pend__E)
                  00001640    0000011c     drivers_cc26xxware.aem3 : PowerCC26XX.oem3 (.text:Power_init)
                  0000175c    0000010c     flash_debug_pem3.oem3 (.text:ti_uia_loggers_LoggerStopMode_write8__E)
                  00001868    00000100     sysbios.aem3 : BIOS.obj (.text:ti_sysbios_knl_Task_schedule__I)
                  00001968    000000f8                  : BIOS.obj (.text:xdc_runtime_Startup_startMods__I)
                  00001a60    000000f4                  : BIOS.obj (.text:ti_sysbios_knl_Task_Instance_init__E)
                  00001b54    000000f4     flash_debug_pem3.oem3 (.text:ti_uia_loggers_LoggerStopMode_write4__E)
                  00001c48    000000ec     sysbios.aem3 : BIOS.obj (.text:ti_sysbios_knl_Task_startCore__E)
                  00001d34    000000e8     flash_debug_pem3.oem3 (.text:ti_uia_loggers_LoggerStopMode_write1__E)
                  00001e1c    000000e8     flash_debug_pem3.oem3 (.text:ti_uia_loggers_LoggerStopMode_write2__E)
                  00001f04    000000e4     driverlib.lib : setup.obj (.text:NOROM_SetupAfterColdResetWakeupFromShutDownCfg2)
                  00001fe8    000000d8     sysbios.aem3 : BIOS.obj (.text:ti_sysbios_knl_Clock_walkQueueDynamic__E)
                  000020c0    000000d8                  : BIOS.obj (.text:ti_sysbios_knl_Task_Instance_finalize__E)
                  00002198    000000d8     flash_debug_pem3.oem3 (.text:ti_uia_loggers_LoggerStopMode_write0__E)
                  00002270    000000d4     drivers_cc26xxware.aem3 : PowerCC26XX.oem3 (.text:Power_releaseDependency)
                  00002344    000000d4     lab1-main.obj (.text:main)
                  00002418    000000d0     drivers_cc26xxware.aem3 : PowerCC26XX.oem3 (.text:Power_setDependency)
                  000024e8    000000d0     sysbios.aem3 : BIOS.obj (.text:ti_sysbios_utils_Load_updateThreadContexts__E)
                  000025b8    000000cc     driverlib.lib : setup.obj (.text:TrimAfterColdResetWakeupFromShutDown)
                  00002684    000000cc     sysbios.aem3 : BIOS.obj (.text:ti_sysbios_knl_Swi_post__E)
                  00002750    000000cc                  : BIOS.obj (.text:ti_sysbios_knl_Task_postInit__I)
                  0000281c    000000c8                  : BIOS.obj (.text:ti_sysbios_family_arm_m3_Hwi_Instance_init__E)
                  000028e4    000000c8                  : m3_Hwi_asm.obj (.text:ti_sysbios_family_arm_m3_Hwi_dispatch__I)
                  000029ac    000000bc     power_cc26xx_tirtos.aem3 : PowerCC26XX_tirtos.oem3 (.text:PowerCC26XX_standbyPolicy)
                  00002a68    000000bc     sysbios.aem3 : BIOS.obj (.text:ti_sysbios_knl_Semaphore_post__E)
                  00002b24    000000b8     drivers_cc26xxware.aem3 : PINCC26XX.oem3 (.text:PINCC26XX_setIoCfg)
                  00002bdc    000000b8     sysbios.aem3 : BIOS.obj (.text:ti_sysbios_knl_Task_exit__E)
                  00002c94    000000b4                  : BIOS.obj (.text:ti_sysbios_knl_Task_unblockI__E)
                  00002d48    000000a8                  : BIOS.obj (.text:ti_sysbios_utils_Load_updateLoads__E)
                  00002df0    000000a4     driverlib.lib : setup.obj (.text:NOROM_SetupTrimDevice)
                  00002e94    000000a0     auto_init.aem3 : auto_init.oem3 (.text)
                  00002f34    000000a0     sysbios.aem3 : BIOS.obj (.text:ti_sysbios_family_arm_m3_Hwi_postInit__I)
                  00002fd4    0000009c     rtsv7M3_T_le_eabi.lib : memcpy_t2.obj (.text)
                  00003070    00000098     sysbios.aem3 : BIOS.obj (.text:ti_sysbios_knl_Clock_workFuncDynamic__E)
                  00003108    00000098                  : BIOS.obj (.text:ti_sysbios_knl_Task_blockI__E)
                  000031a0    00000094     drivers_cc26xxware.aem3 : PINCC26XX.oem3 (.text:PIN_open)
                  00003234    00000090                             : PowerCC26XX.oem3 (.text:switchXOSCHFclockFunc)
                  000032c4    00000090     ti.uia.loggers.aem3 : LoggerStopMode.oem3 (.text:ti_uia_loggers_LoggerStopMode_initQueueDescriptor__E)
                  00003354    00000084     sysbios.aem3 : BIOS.obj (.text:ti_sysbios_knl_Swi_Instance_init__E)
                  000033d8    00000084                  : BIOS.obj (.text:ti_sysbios_knl_Task_Module_startup__E)
                  0000345c    00000080                  : BIOS.obj (.text:ti_sysbios_family_arm_m3_Hwi_initNVIC__E)
                  000034dc    00000080                  : BIOS.obj (.text:xdc_runtime_Core_createObject__I)
                  0000355c    0000007c     drivers_cc26xxware.aem3 : PowerCC26XX.oem3 (.text:disableLFClockQualifiers)
                  000035d8    0000007c     sysbios.aem3 : BIOS.obj (.text:ti_sysbios_family_arm_m3_Hwi_Instance_finalize__E)
                  00003654    0000007a     rtsv7M3_T_le_eabi.lib : memset_t2.obj (.text)
                  000036ce    00000002     drivers_cc26xxware.aem3 : PowerCC26XX.oem3 (.text:emptyClockFunc)
                  000036d0    00000078     driverlib.lib : setup.obj (.text:NOROM_SetupAfterColdResetWakeupFromShutDownCfg1)
                  00003748    00000078     sysbios.aem3 : BIOS.obj (.text:ti_sysbios_knl_Swi_Module_startup__E)
                  000037c0    00000078                  : BIOS.obj (.text:ti_sysbios_utils_Load_updateCurrentThreadTime__E)
                  00003838    00000074     drivers_cc26xxware.aem3 : PowerCC26XX_calibrateRCOSC.oem3 (.text:PowerCC26XX_auxISR)
                  000038ac    00000074                             : PowerCC26XX_calibrateRCOSC.oem3 (.text:calibrateRcoscHf2)
                  00003920    00000074     sysbios.aem3 : BIOS.obj (.text:ti_sysbios_family_arm_cc26xx_Timer_start__E)
                  00003994    00000074                  : BIOS.obj (.text:ti_sysbios_heaps_HeapMem_allocUnprotected__E)
                  00003a08    00000074     ti.uia.runtime.aem3 : QueueDescriptor.oem3 (.text:ti_uia_runtime_QueueDescriptor_addToList__E)
                  00003a7c    00000070     driverlib.lib : chipinfo.obj (.text:NOROM_ChipInfo_GetHwRevision)
                  00003aec    00000070     sysbios.aem3 : BIOS.obj (.text:ti_sysbios_family_arm_m3_Hwi_Module_startup__E)
                  00003b5c    00000070                  : BIOS.obj (.text:ti_sysbios_utils_Load_taskCreateHook__E)
                  00003bcc    0000006c     driverlib.lib : setup.obj (.text:NOROM_SetupGetTrimForAmpcompCtrl)
                  00003c38    0000006c     drivers_cc26xxware.aem3 : PowerCC26XX.oem3 (.text:PowerCC26XX_calibrate)
                  00003ca4    0000006c     sysbios.aem3 : BIOS.obj (.text:xdc_runtime_Memory_alloc__E)
                  00003d10    00000068     driverlib.lib : setup.obj (.text:NOROM_SetupGetTrimForAnabypassValue1)
                  00003d78    00000068                   : sys_ctrl.obj (.text:NOROM_SysCtrl_DCDC_VoltageConditionalControl)
                  00003de0    00000068     rtsv7M3_T_le_eabi.lib : copy_decompress_lzss.obj (.text:decompress:lzss)
                  00003e48    00000068                           : trgmsg.obj (.text)
                  00003eb0    00000068     sysbios.aem3 : BIOS.obj (.text:ti_sysbios_knl_Clock_startI__E)
                  00003f18    00000068                  : BIOS.obj (.text:ti_sysbios_knl_Swi_restoreHwi__E)
                  00003f80    00000066     ti.uia.loggers.aem3 : LoggerStopMode.oem3 (.text:ti_uia_loggers_LoggerStopMode_flush__E)
                  00003fe6    00000066     sysbios.aem3 : BIOS.obj (.text:xdc_runtime_Core_deleteObject__I)
                  0000404c    00000064                  : BIOS.obj (.text:ti_sysbios_utils_Load_idleFxn__E)
                  000040b0    00000060     drivers_cc26xxware.aem3 : PowerCC26XX_calibrateRCOSC.oem3 (.text:PowerCC26XX_RCOSC_clockFunc)
                  00004110    00000060     sysbios.aem3 : BIOS.obj (.text:ti_sysbios_knl_Clock_logTick__E)
                  00004170    00000060     drivers_cc26xxware.aem3 : PowerCC26XX_calibrateRCOSC.oem3 (.text:updateSubSecInc)
                  000041d0    0000005c     driverlib.lib : osc.obj (.text:NOROM_OSCHF_AttemptToSwitchToXosc)
                  0000422c    0000005c                   : sys_ctrl.obj (.text:NOROM_SysCtrlAdjustRechargeAfterPowerDown)
                  00004288    0000005c     sysbios.aem3 : BIOS.obj (.text:ti_sysbios_utils_Load_logCPULoad__I)
                  000042e4    00000058     drivers_cc26xxware.aem3 : PowerCC26XX_calibrateRCOSC.oem3 (.text:PowerCC26XX_initiateCalibration)
                  0000433c    00000058     flash_debug_pem3.oem3 (.text:ti_sysbios_family_arm_m3_Hwi_construct)
                  00004394    00000058     sysbios.aem3 : BIOS.obj (.text:ti_sysbios_heaps_HeapMem_alloc__E)
                  000043ec    00000058                  : BIOS.obj (.text:ti_sysbios_heaps_HeapMem_freeUnprotected__E)
                  00004444    00000058                  : BIOS.obj (.text:ti_sysbios_utils_Load_taskSwitchHook__E)
                  0000449c    00000054     drivers_cc26xxware.aem3 : PowerCC26XX.oem3 (.text:configureXOSCHF)
                  000044f0    00000054     flash_debug_pem3.oem3 (.text:ti_sysbios_knl_Swi_construct)
                  00004544    00000054     sysbios.aem3 : BIOS.obj (.text:ti_sysbios_knl_Swi_schedule__I)
                  00004598    00000054     flash_debug_pem3.oem3 (.text:ti_sysbios_knl_Task_construct)
                  000045ec    00000054     sysbios.aem3 : BIOS.obj (.text:ti_sysbios_utils_Load_addTask__E)
                  00004640    00000054     flash_debug_pem3.oem3 (.text:ti_sysbios_utils_Load_hwiBeginHook__E)
                  00004694    00000050     driverlib.lib : setup.obj (.text:NOROM_SetupSetCacheModeAccordingToCcfgSetting)
                  000046e4    00000050     sysbios.aem3 : BIOS.obj (.text:ti_sysbios_knl_Swi_Instance_finalize__E)
                  00004734    00000050                  : BIOS.obj (.text:ti_sysbios_knl_Swi_postInit__I)
                  00004784    00000050                  : BIOS.obj (.text:ti_sysbios_knl_Swi_runLoop__I)
                  000047d4    00000050                  : BIOS.obj (.text:xdc_runtime_Startup_exec__E)
                  00004824    0000004c     driverlib.lib : osc.obj (.text:NOROM_OSCClockSourceSet)
                  00004870    0000004c     rtsv7M3_T_le_eabi.lib : cpy_tbl.obj (.text)
                  000048bc    0000004c     sysbios.aem3 : m3_TaskSupport_asm.obj (.text:ti_sysbios_family_arm_m3_TaskSupport_buildTaskStack)
                  00004908    0000004c                  : BIOS.obj (.text:ti_sysbios_utils_Load_taskDeleteHook__E)
                  00004954    0000004c     ti.uia.loggers.aem3 : LoggerStopMode.oem3 (.text:ti_uia_loggers_LoggerStopMode_Module_startup__E)
                  000049a0    00000048     driverlib.lib : chipinfo.obj (.text:NOROM_ChipInfo_GetChipFamily)
                  000049e8    00000048                   : ddi.obj (.text:NOROM_DDI16BitfieldWrite)
                  00004a30    00000048     drivers_cc26xxware.aem3 : PINCC26XX.oem3 (.text:PIN_swi)
                  00004a78    00000048                             : PowerCC26XX.oem3 (.text:notify)
                  00004ac0    00000048     sysbios.aem3 : m3_Hwi_asm_switch.obj (.text:ti_sysbios_family_arm_m3_Hwi_initStacks__E)
                  00004b08    00000048                  : BIOS.obj (.text:ti_sysbios_heaps_HeapMem_getStats__E)
                  00004b50    00000048                  : BIOS.obj (.text:xdc_runtime_Assert_raise__I)
                  00004b98    00000048                  : BIOS.obj (.text:xdc_runtime_Core_assignParams__I)
                  00004be0    00000048                  : BIOS.obj (.text:xdc_runtime_Core_constructObject__I)
                  00004c28    00000044     boot.aem3 : boot.oem3 (.text)
                  00004c6c    00000044     sysbios.aem3 : BIOS.obj (.text:ti_sysbios_family_arm_m3_Hwi_disableInterrupt__E)
                  00004cb0    00000044                  : BIOS.obj (.text:ti_sysbios_family_arm_m3_Hwi_enableInterrupt__E)
                  00004cf4    00000044                  : BIOS.obj (.text:ti_sysbios_knl_Task_allBlockedFunction__I)
                  00004d38    00000044                  : BIOS.obj (.text:ti_sysbios_utils_Load_swiBeginHook__E)
                  00004d7c    00000044     ti.uia.loggers.aem3 : LoggerStopMode.oem3 (.text:ti_uia_loggers_LoggerStopMode_initBuffer__I)
                  00004dc0    00000044     sysbios.aem3 : BIOS.obj (.text:xdc_runtime_SysMin_flush__E)
                  00004e04    00000040     driverlib.lib : ddi.obj (.text:NOROM_DDI16BitfieldRead)
                  00004e44    00000040     sysbios.aem3 : BIOS.obj (.text:ti_sysbios_family_arm_m3_Hwi_getStackInfo__E)
                  00004e84    0000003c     driverlib.lib : osc.obj (.text:NOROM_OSC_HPOSCRelativeFrequencyOffsetGet)
                  00004ec0    0000003c     drivers_cc26xxware.aem3 : PINCC26XX.oem3 (.text:PIN_setOutputValue)
                  00004efc    0000003c     sysbios.aem3 : BIOS.obj (.text:ti_sysbios_utils_Load_hwiEndHook__E)
                  00004f38    0000003c                  : BIOS.obj (.text:ti_sysbios_utils_Load_startup__E)
                  00004f74    00000038     drivers_cc26xxware.aem3 : PINCC26XX.oem3 (.text:PIN_setInterrupt)
                  00004fac    00000038     sysbios.aem3 : BIOS.obj (.text:ti_sysbios_family_arm_cc26xx_Timer_getCurrentTick__E)
                  00004fe4    00000038                  : BIOS.obj (.text:ti_sysbios_heaps_HeapMem_Instance_init__E)
                  0000501c    00000038                  : BIOS.obj (.text:ti_sysbios_knl_Clock_Instance_init__E)
                  00005054    00000038                  : BIOS.obj (.text:ti_sysbios_utils_Load_removeTask__E)
                  0000508c    00000038                  : BIOS.obj (.text:xdc_runtime_SysMin_putch__E)
                  000050c4    00000038                  : BIOS.obj (.text:xdc_runtime_System_atexit__E)
                  000050fc    00000034     driverlib.lib : osc.obj (.text:NOROM_OSCHF_SwitchToRcOscTurnOffXosc)
                  00005130    00000034     drivers_cc26xxware.aem3 : PINCC26XX.oem3 (.text:PIN_setConfig)
                  00005164    00000034     flash_debug_pem3.oem3 (.text:ti_sysbios_BIOS_startFunc__I)
                  00005198    00000034     sysbios.aem3 : BIOS.obj (.text:ti_sysbios_family_arm_cc26xx_Timer_initDevice__I)
                  000051cc    00000034                  : BIOS.obj (.text:ti_sysbios_heaps_HeapMem_init__I)
                  00005200    00000034     flash_debug_pem3.oem3 (.text:ti_sysbios_knl_Clock_construct)
                  00005234    00000034     sysbios.aem3 : BIOS.obj (.text:ti_sysbios_knl_Swi_restore__E)
                  00005268    00000034                  : BIOS.obj (.text:ti_sysbios_utils_Load_swiEndHook__E)
                  0000529c    00000034     ti.uia.loggers.aem3 : LoggerStopMode.oem3 (.text:ti_uia_loggers_LoggerStopMode_reset__E)
                  000052d0    00000034     sysbios.aem3 : BIOS.obj (.text:xdc_runtime_Core_assignLabel__I)
                  00005304    00000032                  : BIOS.obj (.text:ti_sysbios_family_arm_cc26xx_Timer_setNextTick__E)
                  00005336    00000002                  : BIOS.obj (.text:ti_sysbios_BIOS_linkedWithIncorrectBootLibrary__E)
                  00005338    00000030     driverlib.lib : setup.obj (.text:NOROM_SetupSetAonRtcSubSecInc)
                  00005368    00000030     drivers_cc26xxware.aem3 : PowerCC26XX.oem3 (.text:Power_releaseConstraint)
                  00005398    00000030                             : PowerCC26XX.oem3 (.text:Power_setConstraint)
                  000053c8    00000030     flash_debug_pem3.oem3 (.text:ti_sysbios_BIOS_atExitFunc__I)
                  000053f8    00000030     sysbios.aem3 : BIOS.obj (.text:ti_sysbios_family_arm_cc26xx_Timer_setThreshold__I)
                  00005428    00000030     flash_debug_pem3.oem3 (.text:ti_sysbios_gates_GateHwi_Object__create__S)
                  00005458    00000030     flash_debug_pem3.oem3 (.text:ti_sysbios_gates_GateMutex_Object__create__S)
                  00005488    00000030     sysbios.aem3 : BIOS.obj (.text:ti_sysbios_gates_GateMutex_enter__E)
                  000054b8    00000030     flash_debug_pem3.oem3 (.text:ti_sysbios_heaps_HeapMem_Object__create__S)
                  000054e8    00000030     sysbios.aem3 : BIOS.obj (.text:ti_sysbios_heaps_HeapMem_free__E)
                  00005518    00000030     flash_debug_pem3.oem3 (.text:ti_sysbios_knl_Semaphore_construct)
                  00005548    00000030     sysbios.aem3 : BIOS.obj (.text:ti_sysbios_knl_Task_processVitalTaskFlag__I)
                  00005578    00000030                  : BIOS.obj (.text:ti_sysbios_utils_Load_getTaskLoad__E)
                  000055a8    00000030     flash_debug_pem3.oem3 (.text:ti_uia_loggers_LoggerStopMode_Object__create__S)
                  000055d8    00000030     sysbios.aem3 : BIOS.obj (.text:xdc_runtime_SysMin_abort__E)
                  00005608    00000030                  : BIOS.obj (.text:xdc_runtime_System_processAtExit__E)
                  00005638    0000002e                  : BIOS.obj (.text:ti_sysbios_family_arm_m3_TaskSupport_start__E)
                  00005666    0000002e                  : BIOS.obj (.text:ti_sysbios_hal_Hwi_initStack)
                  00005694    0000002c     driverlib.lib : ddi.obj (.text:NOROM_DDI32RegWrite)
                  000056c0    0000002c                   : setup.obj (.text:NOROM_SetupGetTrimForRadcExtCfg)
                  000056ec    0000002c     lab1-main.obj (.text:doUrgentWork)
                  00005718    0000002c     lab1-main.obj (.text:doWork)
                  00005744    0000002c     sysbios.aem3 : BIOS.obj (.text:ti_sysbios_knl_Clock_getTicksUntilInterrupt__E)
                  00005770    0000002c     flash_debug_pem3.oem3 (.text:ti_sysbios_knl_Queue_construct)
                  0000579c    0000002c     sysbios.aem3 : BIOS.obj (.text:ti_sysbios_knl_Semaphore_pendTimeout__I)
                  000057c8    0000002c                  : BIOS.obj (.text:xdc_runtime_Text_cordText__E)
                  000057f4    00000028     driverlib.lib : aon_batmon.obj (.text:NOROM_AONBatMonTemperatureGetDegC)
                  0000581c    00000028                   : adi.obj (.text:SafeHapiVoid)
                  00005844    00000028     sysbios.aem3 : BIOS.obj (.text:ti_sysbios_knl_Clock_addI__E)
                  0000586c    00000028                  : BIOS.obj (.text:ti_sysbios_knl_Task_restore__E)
                  00005894    00000024     drivers_cc26xxware.aem3 : PINCC26XX.oem3 (.text:PINCC26XX_getPinCount)
                  000058b8    00000024                             : PowerCC26XX_calibrateRCOSC.oem3 (.text:getTdcSemaphore)
                  000058dc    00000024     flash_debug_pem3.oem3 (.text:ti_sysbios_BIOS_registerRTSLock__I)
                  00005900    00000024     flash_debug_pem3.oem3 (.text:ti_sysbios_BIOS_removeRTSLock__I)
                  00005924    00000024     sysbios.aem3 : BIOS.obj (.text:ti_sysbios_family_arm_cc26xx_Timer_Module_startup__E)
                  00005948    00000024                  : BIOS.obj (.text:ti_sysbios_family_arm_cc26xx_Timer_getMaxTicks__E)
                  0000596c    00000024                  : BIOS.obj (.text:ti_sysbios_family_arm_cc26xx_Timer_startup__E)
                  00005990    00000024     flash_debug_pem3.oem3 (.text:ti_sysbios_gates_GateMutex_Object__delete__S)
                  000059b4    00000024     sysbios.aem3 : BIOS.obj (.text:ti_sysbios_knl_Semaphore_Instance_init__E)
                  000059d8    00000022                  : BIOS.obj (.text:ti_sysbios_family_arm_cc26xx_Timer_postInit__I)
                  000059fa    00000022     flash_debug_pem3.oem3 (.text:xdc_runtime_SysMin_output__I)
                  00005a1c    00000020     driverlib.lib : setup.obj (.text:NOROM_SetupGetTrimForXoscHfCtl)
                  00005a3c    00000020     flash_debug_pem3.oem3 (.text:ti_sysbios_BIOS_rtsLock__I)
                  00005a5c    00000020     sysbios.aem3 : BIOS.obj (.text:ti_sysbios_family_arm_cc26xx_Timer_dynamicStub__E)
                  00005a7c    00000020                  : BIOS.obj (.text:ti_sysbios_family_arm_cc26xx_TimestampProvider_Module_startup__E)
                  00005a9c    00000020                  : m3_Hwi_asm.obj (.text:ti_sysbios_family_arm_m3_Hwi_excHandlerAsm__I)
                  00005abc    00000020                  : BIOS.obj (.text:ti_sysbios_family_arm_m3_Hwi_excHandler__I)
                  00005adc    00000020     flash_debug_pem3.oem3 (.text:ti_sysbios_gates_GateHwi_Object__delete__S)
                  00005afc    00000020     flash_debug_pem3.oem3 (.text:ti_sysbios_heaps_HeapMem_Object__delete__S)
                  00005b1c    00000020     sysbios.aem3 : BIOS.obj (.text:ti_sysbios_knl_Clock_Module_startup__E)
                  00005b3c    00000020                  : BIOS.obj (.text:ti_sysbios_knl_Clock_getTicks__E)
                  00005b5c    00000020                  : BIOS.obj (.text:ti_sysbios_knl_Clock_stop__E)
                  00005b7c    00000020                  : BIOS.obj (.text:ti_sysbios_knl_Idle_run__E)
                  00005b9c    00000020     flash_debug_pem3.oem3 (.text:ti_sysbios_knl_Semaphore_Object__destruct__S)
                  00005bbc    00000020     sysbios.aem3 : BIOS.obj (.text:ti_sysbios_knl_Task_restoreHwi__E)
                  00005bdc    00000020                  : BIOS.obj (.text:ti_sysbios_utils_Load_getGlobalHwiLoad__E)
                  00005bfc    00000020                  : BIOS.obj (.text:ti_sysbios_utils_Load_getGlobalSwiLoad__E)
                  00005c1c    00000020     flash_debug_pem3.oem3 (.text:ti_uia_loggers_LoggerStopMode_Object__delete__S)
                  00005c3c    00000020     sysbios.aem3 : BIOS.obj (.text:xdc_runtime_SysMin_Module_startup__E)
                  00005c5c    0000001e     drivers_cc26xxware.aem3 : PowerCC26XX.oem3 (.text:Power_getTransitionLatency)
                  00005c7a    0000001e     sysbios.aem3 : m3_Hwi_asm_switch.obj (.text:ti_sysbios_family_xxx_Hwi_switchAndRunFunc)
                  00005c98    0000001c     driverlib.lib : osc.obj (.text:NOROM_OSCClockSourceGet)
                  00005cb4    0000001c                   : setup.obj (.text:NOROM_SetupGetTrimForAmpcompTh2)
                  00005cd0    0000001c                   : setup.obj (.text:NOROM_SetupGetTrimForRcOscLfRtuneCtuneTrim)
                  00005cec    0000001c     drivers_cc26xxware.aem3 : PINCC26XX.oem3 (.text:PINCC26XX_setIoCfgMux)
                  00005d08    0000001c                             : PINCC26XX.oem3 (.text:PIN_hwi)
                  00005d24    0000001c     sysbios.aem3 : BIOS.obj (.text:ti_sysbios_family_arm_m3_Hwi_setPriority__E)
                  00005d40    0000001c                  : BIOS.obj (.text:ti_sysbios_gates_GateMutex_Instance_init__E)
                  00005d5c    0000001c                  : BIOS.obj (.text:ti_sysbios_knl_Clock_scheduleNextTick__E)
                  00005d78    0000001c     flash_debug_pem3.oem3 (.text:ti_sysbios_knl_Queue_Object__destruct__S)
                  00005d94    0000001c     sysbios.aem3 : BIOS.obj (.text:ti_sysbios_knl_Queue_put__E)
                  00005db0    0000001c                  : BIOS.obj (.text:ti_sysbios_knl_Task_enter__I)
                  00005dcc    0000001c     ti.uia.loggers.aem3 : LoggerStopMode.oem3 (.text:ti_uia_loggers_LoggerStopMode_Instance_init__E)
                  00005de8    0000001c     lab1-main.obj (.text:urgentWorkTaskFunc)
                  00005e04    0000001c     sysbios.aem3 : BIOS.obj (.text:xdc_runtime_Error_check__E)
                  00005e20    0000001c                  : BIOS.obj (.text:xdc_runtime_Error_raiseX__E)
                  00005e3c    0000001c                  : BIOS.obj (.text:xdc_runtime_Memory_valloc__E)
                  00005e58    0000001c                  : BIOS.obj (.text:xdc_runtime_SysMin_exit__E)
                  00005e74    0000001c                  : BIOS.obj (.text:xdc_runtime_System_abort__E)
                  00005e90    0000001a                  : m3_Hwi_asm.obj (.text:ti_sysbios_family_arm_m3_Hwi_pendSV__I)
                  00005eaa    00000002     flash_debug_pem3.oem3 (.text:ti_sysbios_BIOS_nullFunc__I)
                  00005eac    00000018     driverlib.lib : aon_rtc.obj (.text:NOROM_AONRTCCurrentCompareValueGet)
                  00005ec4    00000018                   : chipinfo.obj (.text:NOROM_ChipInfo_GetPackageType)
                  00005edc    00000018                   : osc.obj (.text:NOROM_OSCHF_TurnOnXosc)
                  00005ef4    00000018                   : setup.obj (.text:NOROM_SetupGetTrimForAdcShModeEn)
                  00005f0c    00000018                   : setup.obj (.text:NOROM_SetupGetTrimForAdcShVbufEn)
                  00005f24    00000018                   : setup.obj (.text:NOROM_SetupGetTrimForAmpcompTh1)
                  00005f3c    00000018                   : setup.obj (.text:NOROM_SetupGetTrimForDblrLoopFilterResetVoltage)
                  00005f54    00000018                   : setup.obj (.text:NOROM_SetupGetTrimForRcOscLfIBiasTrim)
                  00005f6c    00000018                   : setup.obj (.text:NOROM_SetupGetTrimForXoscLfRegulatorAndCmirrwrRatio)
                  00005f84    00000018     drivers_cc26xxware.aem3 : PowerCC26XX.oem3 (.text:Power_idleFunc)
                  00005f9c    00000018                             : PowerCC26XX.oem3 (.text:configureRFCoreClocks)
                  00005fb4    00000018     lab1-main.obj (.text:pinInterruptHandler)
                  00005fcc    00000018     rtsv7M3_T_le_eabi.lib : args_main.obj (.text)
                  00005fe4    00000018                           : ll_mul_t2.obj (.text)
                  00005ffc    00000018     flash_debug_pem3.oem3 (.text:ti_sysbios_BIOS_rtsUnlock__I)
                  00006014    00000018     flash_debug_pem3.oem3 (.text:ti_sysbios_family_arm_cc26xx_Timer_Module__startupDone__F)
                  0000602c    00000018     sysbios.aem3 : BIOS.obj (.text:ti_sysbios_family_arm_cc26xx_TimestampProvider_get64__E)
                  00006044    00000018     flash_debug_pem3.oem3 (.text:ti_sysbios_family_arm_m3_Hwi_Module__startupDone__F)
                  0000605c    00000018     sysbios.aem3 : BIOS.obj (.text:ti_sysbios_family_arm_m3_Hwi_plug__E)
                  00006074    00000018     flash_debug_pem3.oem3 (.text:ti_sysbios_gates_GateHwi_Handle__label__S)
                  0000608c    00000018     flash_debug_pem3.oem3 (.text:ti_sysbios_gates_GateMutex_Handle__label__S)
                  000060a4    00000018     sysbios.aem3 : BIOS.obj (.text:ti_sysbios_gates_GateMutex_leave__E)
                  000060bc    00000018     flash_debug_pem3.oem3 (.text:ti_sysbios_heaps_HeapMem_Handle__label__S)
                  000060d4    00000018     sysbios.aem3 : BIOS.obj (.text:ti_sysbios_knl_Swi_or__E)
                  000060ec    00000018                  : BIOS.obj (.text:ti_sysbios_knl_Task_unblock__E)
                  00006104    00000018     flash_debug_pem3.oem3 (.text:ti_uia_loggers_LoggerStopMode_Handle__label__S)
                  0000611c    00000018     lab1-main.obj (.text:workTaskFunc)
                  00006134    00000018     sysbios.aem3 : BIOS.obj (.text:xdc_runtime_System_exit__E)
                  0000614c    00000018                  : BIOS.obj (.text:xdc_runtime_Text_ropeText__E)
                  00006164    00000016     rtsv7M3_T_le_eabi.lib : strcpy.obj (.text)
                  0000617a    00000016     flash_debug_pem3.oem3 (.text:ti_sysbios_BIOS_exitFunc__I)
                  00006190    00000016     sysbios.aem3 : BIOS.obj (.text:ti_sysbios_knl_Clock_start__E)
                  000061a6    00000016     lab1-main.obj (.text:ti_sysbios_knl_Task_Params_init)
                  000061bc    00000016     ti.uia.loggers.aem3 : LoggerStopMode.oem3 (.text:ti_uia_loggers_LoggerStopMode_disable__E)
                  000061d2    00000016                         : LoggerStopMode.oem3 (.text:ti_uia_loggers_LoggerStopMode_enable__E)
                  000061e8    00000014     driverlib.lib : aon_rtc.obj (.text:NOROM_AONRTCCurrent64BitValueGet)
                  000061fc    00000014                   : chipinfo.obj (.text:NOROM_ThisCodeIsBuiltForCC26xxHwRev22AndLater_HaltIfViolated)
                  00006210    00000014     rtsv7M3_T_le_eabi.lib : _lock.obj (.text)
                  00006224    00000014                           : strlen.obj (.text)
                  00006238    00000014     flash_debug_pem3.oem3 (.text:ti_sysbios_family_arm_m3_Hwi_Object__get__S)
                  0000624c    00000014     sysbios.aem3 : BIOS.obj (.text:ti_sysbios_family_arm_m3_Hwi_switchFromBootStack__E)
                  00006260    00000014     flash_debug_pem3.oem3 (.text:ti_sysbios_heaps_HeapMem_Object__get__S)
                  00006274    00000014     flash_debug_pem3.oem3 (.text:ti_sysbios_knl_Clock_doTick__I)
                  00006288    00000014     flash_debug_pem3.oem3 (.text:ti_sysbios_knl_Swi_Object__get__S)
                  0000629c    00000014     flash_debug_pem3.oem3 (.text:ti_sysbios_knl_Task_Object__get__S)
                  000062b0    00000012     sysbios.aem3 : BIOS.obj (.text:ti_sysbios_hal_Hwi_Module_startup__E)
                  000062c2    00000012     flash_debug_pem3.oem3 (.text:xdc_runtime_Startup_exec__I)
                  000062d4    00000010     driverlib.lib : setup.obj (.text:NOROM_SetupGetTrimForXoscHfFastStart)
                  000062e4    00000010                   : setup.obj (.text:NOROM_SetupGetTrimForXoscHfIbiastherm)
                  000062f4    00000010     sysbios.aem3 : BIOS.obj (.text:ti_sysbios_BIOS_exit__E)
                  00006304    00000010                  : BIOS.obj (.text:ti_sysbios_BIOS_setThreadType__E)
                  00006314    00000010                  : BIOS.obj (.text:ti_sysbios_BIOS_start__E)
                  00006324    00000010                  : m3_TaskSupport_asm.obj (.text:ti_sysbios_family_arm_m3_TaskSupport_glue)
                  00006334    00000010                  : m3_TaskSupport_asm.obj (.text:ti_sysbios_family_arm_m3_TaskSupport_swap__E)
                  00006344    00000010                  : BIOS.obj (.text:ti_sysbios_gates_GateMutex_Instance_finalize__E)
                  00006354    00000010                  : BIOS.obj (.text:ti_sysbios_knl_Semaphore_Instance_finalize__E)
                  00006364    00000010                  : BIOS.obj (.text:ti_sysbios_knl_Swi_disable__E)
                  00006374    00000010                  : BIOS.obj (.text:ti_sysbios_knl_Swi_enabled__E)
                  00006384    00000010                  : BIOS.obj (.text:ti_sysbios_knl_Task_disable__E)
                  00006394    00000010     flash_debug_pem3.oem3 (.text:ti_uia_loggers_LoggerStopMode_Object__get__S)
                  000063a4    00000010     ti.uia.loggers.aem3 : LoggerStopMode.oem3 (.text:ti_uia_loggers_LoggerStopMode_isEmpty__E)
                  000063b4    00000010     sysbios.aem3 : BIOS.obj (.text:xdc_runtime_Gate_leaveSystem__E)
                  000063c4    00000010                  : BIOS.obj (.text:xdc_runtime_Memory_free__E)
                  000063d4    0000000e     driverlib.lib : setup.obj (.text:NOROM_SetupSignExtendVddrTrimValue)
                  000063e2    0000000e                   : vims.obj (.text:NOROM_VIMSModeGet)
                  000063f0    0000000e     rtsv7M3_T_le_eabi.lib : copy_decompress_none.obj (.text:decompress:none)
                  000063fe    0000000e     sysbios.aem3 : BIOS.obj (.text:ti_sysbios_family_arm_cc26xx_TimestampProvider_get32__E)
                  0000640c    0000000e                  : BIOS.obj (.text:ti_sysbios_heaps_HeapMem_restore__E)
                  0000641a    0000000e                  : BIOS.obj (.text:ti_sysbios_knl_Queue_empty__E)
                  00006428    0000000e                  : BIOS.obj (.text:ti_sysbios_knl_Queue_remove__E)
                  00006436    0000000c     driverlib.lib : cpu.obj (.text:NOROM_CPUcpsid)
                  00006442    0000000c                   : cpu.obj (.text:NOROM_CPUcpsie)
                  0000644e    0000000c     drivers_cc26xxware.aem3 : PINCC26XX.oem3 (.text:PIN_registerIntCb)
                  0000645a    00000002     sysbios.aem3 : BIOS.obj (.text:ti_sysbios_gates_GateHwi_Instance_init__E)
                  0000645c    0000000c     drivers_cc26xxware.aem3 : PowerCC26XX.oem3 (.text:Power_getConstraintMask)
                  00006468    0000000c                             : PowerCC26XX.oem3 (.text:Power_getDependencyCount)
                  00006474    0000000c     rtsv7M3_T_le_eabi.lib : copy_zero_init.obj (.text:decompress:ZI)
                  00006480    0000000c     sysbios.aem3 : BIOS.obj (.text:ti_sysbios_BIOS_getThreadType__E)
                  0000648c    0000000c                  : BIOS.obj (.text:ti_sysbios_family_arm_cc26xx_TimestampProvider_getFreq__E)
                  00006498    0000000c     flash_debug_pem3.oem3 (.text:ti_sysbios_family_arm_m3_Hwi_Params__init__S)
                  000064a4    0000000c     sysbios.aem3 : BIOS.obj (.text:ti_sysbios_family_arm_m3_Hwi_disableFxn__E)
                  000064b0    0000000c                  : BIOS.obj (.text:ti_sysbios_family_arm_m3_TaskSupport_getStackAlignment__E)
                  000064bc    0000000c                  : BIOS.obj (.text:ti_sysbios_gates_GateHwi_enter__E)
                  000064c8    0000000c     flash_debug_pem3.oem3 (.text:ti_sysbios_knl_Clock_Params__init__S)
                  000064d4    0000000c     sysbios.aem3 : BIOS.obj (.text:ti_sysbios_knl_Clock_getTimerHandle__E)
                  000064e0    0000000c     flash_debug_pem3.oem3 (.text:ti_sysbios_knl_Queue_Object__get__S)
                  000064ec    0000000c     sysbios.aem3 : BIOS.obj (.text:ti_sysbios_knl_Queue_dequeue__E)
                  000064f8    0000000c                  : BIOS.obj (.text:ti_sysbios_knl_Queue_enqueue__E)
                  00006504    0000000c     flash_debug_pem3.oem3 (.text:ti_sysbios_knl_Semaphore_Params__init__S)
                  00006510    0000000c     flash_debug_pem3.oem3 (.text:ti_sysbios_knl_Swi_Params__init__S)
                  0000651c    0000000c     sysbios.aem3 : BIOS.obj (.text:ti_sysbios_knl_Swi_getTrigger__E)
                  00006528    0000000c     flash_debug_pem3.oem3 (.text:ti_sysbios_knl_Task_Params__init__S)
                  00006534    0000000c     sysbios.aem3 : BIOS.obj (.text:ti_sysbios_knl_Task_getIdleTask__E)
                  00006540    0000000c                  : BIOS.obj (.text:ti_sysbios_knl_Task_self__E)
                  0000654c    0000000c                  : BIOS.obj (.text:ti_sysbios_utils_Load_getCPULoad__E)
                  00006558    0000000c                  : BIOS.obj (.text:ti_sysbios_utils_Load_taskRegHook__E)
                  00006564    0000000c                  : BIOS.obj (.text:xdc_runtime_Gate_enterSystem__E)
                  00006570    0000000c                  : BIOS.obj (.text:xdc_runtime_Memory_calloc__E)
                  0000657c    0000000c                  : BIOS.obj (.text:xdc_runtime_Memory_getMaxDefaultTypeAlign__E)
                  00006588    0000000c                  : BIOS.obj (.text:xdc_runtime_Startup_rtsDone__E)
                  00006594    0000000a     drivers_cc26xxware.aem3 : List.oem3 (.text:List_empty)
                  0000659e    0000000a     flash_debug_pem3.oem3 (.text:xdc_runtime_IHeap_alloc)
                  000065a8    0000000a     flash_debug_pem3.oem3 (.text:xdc_runtime_IHeap_free)
                  000065b2    00000008     sysbios.aem3 : BIOS.obj (.text:ti_sysbios_family_arm_m3_Hwi_doSwiRestore__I)
                  000065ba    00000008                  : BIOS.obj (.text:ti_sysbios_family_arm_m3_Hwi_startup__E)
                  000065c2    00000008                  : BIOS.obj (.text:ti_sysbios_knl_Idle_loop__E)
                  000065ca    00000008                  : BIOS.obj (.text:ti_sysbios_knl_Task_getHookContext__E)
                  000065d2    00000008                  : BIOS.obj (.text:ti_sysbios_knl_Task_setHookContext__E)
                  000065da    00000006     driverlib.lib : cpu.obj (.text:NOROM_CPUdelay)
                  000065e0    00000006     sysbios.aem3 : BIOS.obj (.text:ti_sysbios_family_arm_m3_Hwi_doTaskRestore__I)
                  000065e6    00000006                  : BIOS.obj (.text:ti_sysbios_family_arm_m3_Hwi_restoreFxn__E)
                  000065ec    00000006                  : BIOS.obj (.text:ti_sysbios_gates_GateHwi_leave__E)
                  000065f2    00000006                  : BIOS.obj (.text:ti_sysbios_heaps_HeapMem_isBlocking__E)
                  000065f8    00000006                  : BIOS.obj (.text:ti_sysbios_knl_Queue_Instance_init__E)
                  000065fe    00000006                  : BIOS.obj (.text:ti_sysbios_knl_Queue_elemClear__E)
                  00006604    00000006                  : BIOS.obj (.text:ti_sysbios_knl_Swi_startup__E)
                  0000660a    00000006                  : BIOS.obj (.text:xdc_runtime_System_Module_startup__E)
                  00006610    00000004     drivers_cc26xxware.aem3 : List.oem3 (.text:List_head)
                  00006614    00000004                             : List.oem3 (.text:List_next)
                  00006618    00000004                             : PowerCC26XX.oem3 (.text:nopResourceHandler)
                  0000661c    00000004     flash_debug_pem3.oem3 (.text:ti_sysbios_BIOS_RtsGateProxy_enter__E)
                  00006620    00000004     flash_debug_pem3.oem3 (.text:ti_sysbios_BIOS_RtsGateProxy_leave__E)
                  00006624    00000004     sysbios.aem3 : BIOS.obj (.text:ti_sysbios_family_arm_cc26xx_Timer_getCount64__E)
                  00006628    00000004                  : BIOS.obj (.text:ti_sysbios_family_arm_cc26xx_Timer_setPeriod__E)
                  0000662c    00000004     flash_debug_pem3.oem3 (.text:ti_sysbios_family_arm_m3_TaskSupport_Module__startupDone__S)
                  00006630    00000004     sysbios.aem3 : BIOS.obj (.text:ti_sysbios_gates_GateHwi_query__E)
                  00006634    00000004                  : BIOS.obj (.text:ti_sysbios_gates_GateMutex_query__E)
                  00006638    00000004     flash_debug_pem3.oem3 (.text:ti_sysbios_heaps_HeapMem_Module_GateProxy_enter__E)
                  0000663c    00000004     flash_debug_pem3.oem3 (.text:ti_sysbios_heaps_HeapMem_Module_GateProxy_leave__E)
                  00006640    00000004     flash_debug_pem3.oem3 (.text:ti_sysbios_knl_Clock_TimerProxy_getCurrentTick__E)
                  00006644    00000004     flash_debug_pem3.oem3 (.text:ti_sysbios_knl_Clock_TimerProxy_getMaxTicks__E)
                  00006648    00000004     flash_debug_pem3.oem3 (.text:ti_sysbios_knl_Clock_TimerProxy_setNextTick__E)
                  0000664c    00000004     sysbios.aem3 : BIOS.obj (.text:ti_sysbios_knl_Clock_removeI__E)
                  00006650    00000004                  : BIOS.obj (.text:ti_sysbios_knl_Clock_setTimeout__E)
                  00006654    00000004     flash_debug_pem3.oem3 (.text:ti_sysbios_knl_Queue_destruct)
                  00006658    00000004     sysbios.aem3 : BIOS.obj (.text:ti_sysbios_knl_Queue_head__E)
                  0000665c    00000004                  : BIOS.obj (.text:ti_sysbios_knl_Queue_next__E)
                  00006660    00000004     flash_debug_pem3.oem3 (.text:ti_sysbios_knl_Semaphore_destruct)
                  00006664    00000004     sysbios.aem3 : BIOS.obj (.text:ti_sysbios_knl_Task_startup__E)
                  00006668    00000004     ti.uia.loggers.aem3 : LoggerStopMode.oem3 (.text:ti_uia_loggers_LoggerStopMode_getContents__E)
                  0000666c    00000004     flash_debug_pem3.oem3 (.text:ti_uia_loggers_LoggerStopMode_getFilterLevel__E)
                  00006670    00000004     ti.uia.loggers.aem3 : LoggerStopMode.oem3 (.text:ti_uia_loggers_LoggerStopMode_getInstanceId__E)
                  00006674    00000004                         : LoggerStopMode.oem3 (.text:ti_uia_loggers_LoggerStopMode_getMaxLength__E)
                  00006678    00000004                         : LoggerStopMode.oem3 (.text:ti_uia_loggers_LoggerStopMode_getPriority__E)
                  0000667c    00000004                         : LoggerStopMode.oem3 (.text:ti_uia_loggers_LoggerStopMode_getTransferType__E)
                  00006680    00000004     flash_debug_pem3.oem3 (.text:xdc_runtime_System_Module_GateProxy_enter__E)
                  00006684    00000004     flash_debug_pem3.oem3 (.text:xdc_runtime_System_Module_GateProxy_leave__E)
                  00006688    00000002     sysbios.aem3 : BIOS.obj (.text:ti_sysbios_knl_Clock_triggerFunc__I)
                  0000668a    00000002     flash_debug_pem3.oem3 (.text:ti_uia_loggers_LoggerStopMode_setFilterLevel__E)
                  0000668c    00000002     ti.uia.loggers.aem3 : LoggerStopMode.oem3 (.text:ti_uia_loggers_LoggerStopMode_setPriority__E)
                  0000668e    00000002     sysbios.aem3 : BIOS.obj (.text:xdc_runtime_Error_policySpin__E)
                  00006690    00000002                  : BIOS.obj (.text:xdc_runtime_System_abortSpin__E)
                  00006692    00000002                  : BIOS.obj (.text:xdc_runtime_System_exitSpin__E)

.const     0    00006694    0000071a     
                  00006694    00000060     flash_debug_pem3.oem3 (.const:ti_uia_loggers_LoggerStopMode_Module__FXNS__C)
                  000066f4    0000004c     drivers_cc26xxware.aem3 : PowerCC26XX.oem3 (.const:resourceDB)
                  00006740    00000048     flash_debug_pem3.oem3 (.const:.string)
                  00006788    0000003c     flash_debug_pem3.oem3 (.const:ti_sysbios_knl_Task_Object__PARAMS__C)
                  000067c4    00000030     flash_debug_pem3.oem3 (.const:ti_sysbios_family_arm_m3_Hwi_Object__PARAMS__C)
                  000067f4    0000002c     CC2650_LAUNCHXL.obj (.const:BoardGpioInitTable)
                  00006820    00000028     flash_debug_pem3.oem3 (.const:ti_sysbios_heaps_HeapMem_Module__FXNS__C)
                  00006848    00000028     flash_debug_pem3.oem3 (.const:ti_sysbios_knl_Swi_Object__PARAMS__C)
                  00006870    00000028     flash_debug_pem3.oem3 (.const:ti_uia_loggers_LoggerStopMode_Object__PARAMS__C)
                  00006898    00000028     flash_debug_pem3.oem3 (.const:xdc_runtime_Startup_sfxnTab__A)
                  000068c0    00000024     flash_debug_pem3.oem3 (.const:ti_sysbios_gates_GateHwi_Module__FXNS__C)
                  000068e4    00000024     flash_debug_pem3.oem3 (.const:ti_sysbios_gates_GateMutex_Module__FXNS__C)
                  00006908    00000024     flash_debug_pem3.oem3 (.const:ti_sysbios_heaps_HeapMem_Object__PARAMS__C)
                  0000692c    00000024     flash_debug_pem3.oem3 (.const:ti_sysbios_knl_Clock_Object__PARAMS__C)
                  00006950    00000024     flash_debug_pem3.oem3 (.const:ti_sysbios_knl_Semaphore_Object__PARAMS__C)
                  00006974    00000020     flash_debug_pem3.oem3 (.const:ti_sysbios_family_arm_m3_Hwi_Object__DESC__C)
                  00006994    00000020     flash_debug_pem3.oem3 (.const:ti_sysbios_gates_GateHwi_Object__DESC__C)
                  000069b4    00000020     flash_debug_pem3.oem3 (.const:ti_sysbios_gates_GateMutex_Object__DESC__C)
                  000069d4    00000020     flash_debug_pem3.oem3 (.const:ti_sysbios_heaps_HeapMem_Object__DESC__C)
                  000069f4    00000020     flash_debug_pem3.oem3 (.const:ti_sysbios_knl_Clock_Object__DESC__C)
                  00006a14    00000020     flash_debug_pem3.oem3 (.const:ti_sysbios_knl_Queue_Object__DESC__C)
                  00006a34    00000020     flash_debug_pem3.oem3 (.const:ti_sysbios_knl_Semaphore_Object__DESC__C)
                  00006a54    00000020     flash_debug_pem3.oem3 (.const:ti_sysbios_knl_Swi_Object__DESC__C)
                  00006a74    00000020     flash_debug_pem3.oem3 (.const:ti_sysbios_knl_Task_Object__DESC__C)
                  00006a94    00000020     flash_debug_pem3.oem3 (.const:ti_uia_loggers_LoggerStopMode_Object__DESC__C)
                  00006ab4    00000018     flash_debug_pem3.oem3 (.const:ti_sysbios_gates_GateHwi_Object__PARAMS__C)
                  00006acc    00000018     flash_debug_pem3.oem3 (.const:ti_sysbios_gates_GateMutex_Object__PARAMS__C)
                  00006ae4    00000018     flash_debug_pem3.oem3 (.const:ti_sysbios_knl_Queue_Object__PARAMS__C)
                  00006afc    00000018     flash_debug_pem3.oem3 (.const:ti_sysbios_knl_Swi_hooks__A)
                  00006b14    00000018     flash_debug_pem3.oem3 (.const:ti_sysbios_knl_Task_hooks__A)
                  00006b2c    00000014     flash_debug_pem3.oem3 (.const:ti_sysbios_family_arm_m3_Hwi_hooks__A)
                  00006b40    00000014     flash_debug_pem3.oem3 (.const:xdc_runtime_Startup_sfxnRts__A)
                  00006b54    00000010     CC2650_LAUNCHXL.obj (.const:PowerCC26XX_config)
                  00006b64    0000000c     flash_debug_pem3.oem3 (.const:xdc_runtime_Startup_firstFxns__A)
                  00006b70    00000008     CC2650_LAUNCHXL.obj (.const:PINCC26XX_hwAttrs)
                  00006b78    00000008     flash_debug_pem3.oem3 (.const:ti_sysbios_family_arm_m3_Hwi_hooks__C)
                  00006b80    00000008     flash_debug_pem3.oem3 (.const:ti_sysbios_knl_Idle_funcList__A)
                  00006b88    00000008     flash_debug_pem3.oem3 (.const:ti_sysbios_knl_Idle_funcList__C)
                  00006b90    00000008     flash_debug_pem3.oem3 (.const:ti_sysbios_knl_Swi_hooks__C)
                  00006b98    00000008     flash_debug_pem3.oem3 (.const:ti_sysbios_knl_Task_hooks__C)
                  00006ba0    00000008     flash_debug_pem3.oem3 (.const:xdc_runtime_Startup_firstFxns__C)
                  00006ba8    00000008     flash_debug_pem3.oem3 (.const:xdc_runtime_Startup_lastFxns__C)
                  00006bb0    00000004     flash_debug_pem3.oem3 (.const)
                  00006bb4    00000004     flash_debug_pem3.oem3 (.const:ti_sysbios_family_arm_cc26xx_Timer_startupNeeded__C)
                  00006bb8    00000004     flash_debug_pem3.oem3 (.const:ti_sysbios_family_arm_m3_Hwi_E_alreadyDefined__C)
                  00006bbc    00000004     flash_debug_pem3.oem3 (.const:ti_sysbios_family_arm_m3_Hwi_LD_end__C)
                  00006bc0    00000004     flash_debug_pem3.oem3 (.const:ti_sysbios_family_arm_m3_Hwi_LM_begin__C)
                  00006bc4    00000004     flash_debug_pem3.oem3 (.const:ti_sysbios_family_arm_m3_Hwi_Module__diagsEnabled__C)
                  00006bc8    00000004     flash_debug_pem3.oem3 (.const:ti_sysbios_family_arm_m3_Hwi_Module__diagsIncluded__C)
                  00006bcc    00000004     flash_debug_pem3.oem3 (.const:ti_sysbios_family_arm_m3_Hwi_Module__diagsMask__C)
                  00006bd0    00000004     flash_debug_pem3.oem3 (.const:ti_sysbios_family_arm_m3_Hwi_Module__loggerFxn1__C)
                  00006bd4    00000004     flash_debug_pem3.oem3 (.const:ti_sysbios_family_arm_m3_Hwi_Module__loggerFxn8__C)
                  00006bd8    00000004     flash_debug_pem3.oem3 (.const:ti_sysbios_family_arm_m3_Hwi_Module__loggerObj__C)
                  00006bdc    00000004     flash_debug_pem3.oem3 (.const:ti_sysbios_family_arm_m3_Hwi_NUM_INTERRUPTS__C)
                  00006be0    00000004     flash_debug_pem3.oem3 (.const:ti_sysbios_family_arm_m3_Hwi_Object__count__C)
                  00006be4    00000004     flash_debug_pem3.oem3 (.const:ti_sysbios_family_arm_m3_Hwi_Object__heap__C)
                  00006be8    00000004     flash_debug_pem3.oem3 (.const:ti_sysbios_family_arm_m3_Hwi_ccr__C)
                  00006bec    00000004     flash_debug_pem3.oem3 (.const:ti_sysbios_family_arm_m3_Hwi_excHandlerFunc__C)
                  00006bf0    00000004     flash_debug_pem3.oem3 (.const:ti_sysbios_family_arm_m3_Hwi_nullIsrFunc__C)
                  00006bf4    00000004     flash_debug_pem3.oem3 (.const:ti_sysbios_family_arm_m3_Hwi_priGroup__C)
                  00006bf8    00000004     flash_debug_pem3.oem3 (.const:ti_sysbios_family_arm_m3_TaskSupport_stackAlignment__C)
                  00006bfc    00000004     flash_debug_pem3.oem3 (.const:ti_sysbios_gates_GateMutex_Instance_State_sem__O)
                  00006c00    00000004     flash_debug_pem3.oem3 (.const:ti_sysbios_heaps_HeapMem_E_memory__C)
                  00006c04    00000004     flash_debug_pem3.oem3 (.const:ti_sysbios_heaps_HeapMem_Module__gateObj__C)
                  00006c08    00000004     flash_debug_pem3.oem3 (.const:ti_sysbios_heaps_HeapMem_Object__count__C)
                  00006c0c    00000004     flash_debug_pem3.oem3 (.const:ti_sysbios_heaps_HeapMem_reqAlign__C)
                  00006c10    00000004     flash_debug_pem3.oem3 (.const:ti_sysbios_knl_Clock_LM_begin__C)
                  00006c14    00000004     flash_debug_pem3.oem3 (.const:ti_sysbios_knl_Clock_LM_tick__C)
                  00006c18    00000004     flash_debug_pem3.oem3 (.const:ti_sysbios_knl_Clock_Module_State_clockQ__O)
                  00006c1c    00000004     flash_debug_pem3.oem3 (.const:ti_sysbios_knl_Clock_Module__diagsEnabled__C)
                  00006c20    00000004     flash_debug_pem3.oem3 (.const:ti_sysbios_knl_Clock_Module__diagsIncluded__C)
                  00006c24    00000004     flash_debug_pem3.oem3 (.const:ti_sysbios_knl_Clock_Module__diagsMask__C)
                  00006c28    00000004     flash_debug_pem3.oem3 (.const:ti_sysbios_knl_Clock_Module__loggerFxn1__C)
                  00006c2c    00000004     flash_debug_pem3.oem3 (.const:ti_sysbios_knl_Clock_Module__loggerFxn2__C)
                  00006c30    00000004     flash_debug_pem3.oem3 (.const:ti_sysbios_knl_Clock_Module__loggerObj__C)
                  00006c34    00000004     flash_debug_pem3.oem3 (.const:ti_sysbios_knl_Clock_tickPeriod__C)
                  00006c38    00000004     flash_debug_pem3.oem3 (.const:ti_sysbios_knl_Clock_triggerClock__C)
                  00006c3c    00000004     flash_debug_pem3.oem3 (.const:ti_sysbios_knl_Semaphore_Instance_State_pendQ__O)
                  00006c40    00000004     flash_debug_pem3.oem3 (.const:ti_sysbios_knl_Semaphore_LM_pend__C)
                  00006c44    00000004     flash_debug_pem3.oem3 (.const:ti_sysbios_knl_Semaphore_LM_post__C)
                  00006c48    00000004     flash_debug_pem3.oem3 (.const:ti_sysbios_knl_Semaphore_Module__diagsEnabled__C)
                  00006c4c    00000004     flash_debug_pem3.oem3 (.const:ti_sysbios_knl_Semaphore_Module__diagsIncluded__C)
                  00006c50    00000004     flash_debug_pem3.oem3 (.const:ti_sysbios_knl_Semaphore_Module__diagsMask__C)
                  00006c54    00000004     flash_debug_pem3.oem3 (.const:ti_sysbios_knl_Semaphore_Module__loggerFxn2__C)
                  00006c58    00000004     flash_debug_pem3.oem3 (.const:ti_sysbios_knl_Semaphore_Module__loggerFxn4__C)
                  00006c5c    00000004     flash_debug_pem3.oem3 (.const:ti_sysbios_knl_Semaphore_Module__loggerObj__C)
                  00006c60    00000004     flash_debug_pem3.oem3 (.const:ti_sysbios_knl_Swi_LD_end__C)
                  00006c64    00000004     flash_debug_pem3.oem3 (.const:ti_sysbios_knl_Swi_LM_begin__C)
                  00006c68    00000004     flash_debug_pem3.oem3 (.const:ti_sysbios_knl_Swi_LM_post__C)
                  00006c6c    00000004     flash_debug_pem3.oem3 (.const:ti_sysbios_knl_Swi_Module__diagsEnabled__C)
                  00006c70    00000004     flash_debug_pem3.oem3 (.const:ti_sysbios_knl_Swi_Module__diagsIncluded__C)
                  00006c74    00000004     flash_debug_pem3.oem3 (.const:ti_sysbios_knl_Swi_Module__diagsMask__C)
                  00006c78    00000004     flash_debug_pem3.oem3 (.const:ti_sysbios_knl_Swi_Module__loggerFxn1__C)
                  00006c7c    00000004     flash_debug_pem3.oem3 (.const:ti_sysbios_knl_Swi_Module__loggerFxn4__C)
                  00006c80    00000004     flash_debug_pem3.oem3 (.const:ti_sysbios_knl_Swi_Module__loggerObj__C)
                  00006c84    00000004     flash_debug_pem3.oem3 (.const:ti_sysbios_knl_Swi_Object__count__C)
                  00006c88    00000004     flash_debug_pem3.oem3 (.const:ti_sysbios_knl_Swi_Object__heap__C)
                  00006c8c    00000004     flash_debug_pem3.oem3 (.const:ti_sysbios_knl_Swi_numConstructedSwis__C)
                  00006c90    00000004     flash_debug_pem3.oem3 (.const:ti_sysbios_knl_Task_LD_block__C)
                  00006c94    00000004     flash_debug_pem3.oem3 (.const:ti_sysbios_knl_Task_LD_exit__C)
                  00006c98    00000004     flash_debug_pem3.oem3 (.const:ti_sysbios_knl_Task_LD_ready__C)
                  00006c9c    00000004     flash_debug_pem3.oem3 (.const:ti_sysbios_knl_Task_LM_switch__C)
                  00006ca0    00000004     flash_debug_pem3.oem3 (.const:ti_sysbios_knl_Task_Module_State_inactiveQ__O)
                  00006ca4    00000004     flash_debug_pem3.oem3 (.const:ti_sysbios_knl_Task_Module__diagsEnabled__C)
                  00006ca8    00000004     flash_debug_pem3.oem3 (.const:ti_sysbios_knl_Task_Module__diagsIncluded__C)
                  00006cac    00000004     flash_debug_pem3.oem3 (.const:ti_sysbios_knl_Task_Module__diagsMask__C)
                  00006cb0    00000004     flash_debug_pem3.oem3 (.const:ti_sysbios_knl_Task_Module__loggerFxn2__C)
                  00006cb4    00000004     flash_debug_pem3.oem3 (.const:ti_sysbios_knl_Task_Module__loggerFxn4__C)
                  00006cb8    00000004     flash_debug_pem3.oem3 (.const:ti_sysbios_knl_Task_Module__loggerObj__C)
                  00006cbc    00000004     flash_debug_pem3.oem3 (.const:ti_sysbios_knl_Task_Object__count__C)
                  00006cc0    00000004     flash_debug_pem3.oem3 (.const:ti_sysbios_knl_Task_Object__heap__C)
                  00006cc4    00000004     flash_debug_pem3.oem3 (.const:ti_sysbios_knl_Task_allBlockedFunc__C)
                  00006cc8    00000004     flash_debug_pem3.oem3 (.const:ti_sysbios_knl_Task_defaultStackHeap__C)
                  00006ccc    00000004     flash_debug_pem3.oem3 (.const:ti_sysbios_knl_Task_defaultStackSize__C)
                  00006cd0    00000004     flash_debug_pem3.oem3 (.const:ti_sysbios_knl_Task_numConstructedTasks__C)
                  00006cd4    00000004     flash_debug_pem3.oem3 (.const:ti_sysbios_utils_Load_LS_cpuLoad__C)
                  00006cd8    00000004     flash_debug_pem3.oem3 (.const:ti_sysbios_utils_Load_LS_hwiLoad__C)
                  00006cdc    00000004     flash_debug_pem3.oem3 (.const:ti_sysbios_utils_Load_LS_swiLoad__C)
                  00006ce0    00000004     flash_debug_pem3.oem3 (.const:ti_sysbios_utils_Load_LS_taskLoad__C)
                  00006ce4    00000004     flash_debug_pem3.oem3 (.const:ti_sysbios_utils_Load_Module_State_taskList__O)
                  00006ce8    00000004     flash_debug_pem3.oem3 (.const:ti_sysbios_utils_Load_Module__diagsEnabled__C)
                  00006cec    00000004     flash_debug_pem3.oem3 (.const:ti_sysbios_utils_Load_Module__diagsIncluded__C)
                  00006cf0    00000004     flash_debug_pem3.oem3 (.const:ti_sysbios_utils_Load_Module__diagsMask__C)
                  00006cf4    00000004     flash_debug_pem3.oem3 (.const:ti_sysbios_utils_Load_Module__loggerFxn1__C)
                  00006cf8    00000004     flash_debug_pem3.oem3 (.const:ti_sysbios_utils_Load_Module__loggerFxn2__C)
                  00006cfc    00000004     flash_debug_pem3.oem3 (.const:ti_sysbios_utils_Load_Module__loggerFxn4__C)
                  00006d00    00000004     flash_debug_pem3.oem3 (.const:ti_sysbios_utils_Load_Module__loggerObj__C)
                  00006d04    00000004     flash_debug_pem3.oem3 (.const:ti_sysbios_utils_Load_postUpdate__C)
                  00006d08    00000004     flash_debug_pem3.oem3 (.const:ti_sysbios_utils_Load_windowInMs__C)
                  00006d0c    00000004     flash_debug_pem3.oem3 (.const:ti_uia_loggers_LoggerStopMode_Module__diagsEnabled__C)
                  00006d10    00000004     flash_debug_pem3.oem3 (.const:ti_uia_loggers_LoggerStopMode_Module__diagsIncluded__C)
                  00006d14    00000004     flash_debug_pem3.oem3 (.const:ti_uia_loggers_LoggerStopMode_Module__diagsMask__C)
                  00006d18    00000004     flash_debug_pem3.oem3 (.const:ti_uia_loggers_LoggerStopMode_Object__count__C)
                  00006d1c    00000004     flash_debug_pem3.oem3 (.const:ti_uia_runtime_ILoggerSnapshot_Interface__BASE__C)
                  00006d20    00000004     flash_debug_pem3.oem3 (.const:ti_uia_runtime_IUIATransfer_Interface__BASE__C)
                  00006d24    00000004     flash_debug_pem3.oem3 (.const:xdc_runtime_Assert_E_assertFailed__C)
                  00006d28    00000004     flash_debug_pem3.oem3 (.const:xdc_runtime_Error_E_memory__C)
                  00006d2c    00000004     flash_debug_pem3.oem3 (.const:xdc_runtime_Error_policyFxn__C)
                  00006d30    00000004     flash_debug_pem3.oem3 (.const:xdc_runtime_IFilterLogger_Interface__BASE__C)
                  00006d34    00000004     flash_debug_pem3.oem3 (.const:xdc_runtime_IGateProvider_Interface__BASE__C)
                  00006d38    00000004     flash_debug_pem3.oem3 (.const:xdc_runtime_IHeap_Interface__BASE__C)
                  00006d3c    00000004     flash_debug_pem3.oem3 (.const:xdc_runtime_ILogger_Interface__BASE__C)
                  00006d40    00000004     flash_debug_pem3.oem3 (.const:xdc_runtime_IModule_Interface__BASE__C)
                  00006d44    00000004     flash_debug_pem3.oem3 (.const:xdc_runtime_Memory_defaultHeapInstance__C)
                  00006d48    00000004     flash_debug_pem3.oem3 (.const:xdc_runtime_Startup_execImpl__C)
                  00006d4c    00000004     flash_debug_pem3.oem3 (.const:xdc_runtime_Startup_maxPasses__C)
                  00006d50    00000004     flash_debug_pem3.oem3 (.const:xdc_runtime_Startup_sfxnRts__C)
                  00006d54    00000004     flash_debug_pem3.oem3 (.const:xdc_runtime_Startup_sfxnTab__C)
                  00006d58    00000004     flash_debug_pem3.oem3 (.const:xdc_runtime_SysMin_bufSize__C)
                  00006d5c    00000004     flash_debug_pem3.oem3 (.const:xdc_runtime_SysMin_outputFunc__C)
                  00006d60    00000004     flash_debug_pem3.oem3 (.const:xdc_runtime_System_Module__gateObj__C)
                  00006d64    00000004     flash_debug_pem3.oem3 (.const:xdc_runtime_System_abortFxn__C)
                  00006d68    00000004     flash_debug_pem3.oem3 (.const:xdc_runtime_System_exitFxn__C)
                  00006d6c    00000004     flash_debug_pem3.oem3 (.const:xdc_runtime_System_maxAtexitHandlers__C)
                  00006d70    00000004     flash_debug_pem3.oem3 (.const:xdc_runtime_Text_charTab__C)
                  00006d74    00000004     flash_debug_pem3.oem3 (.const:xdc_runtime_Text_nameEmpty__C)
                  00006d78    00000004     flash_debug_pem3.oem3 (.const:xdc_runtime_Text_nameStatic__C)
                  00006d7c    00000004     flash_debug_pem3.oem3 (.const:xdc_runtime_Text_nameUnknown__C)
                  00006d80    00000002     flash_debug_pem3.oem3 (.const:ti_sysbios_family_arm_cc26xx_TimestampProvider_useClockTimer__C)
                  00006d82    00000002     flash_debug_pem3.oem3 (.const:ti_sysbios_family_arm_m3_Hwi_Module__id__C)
                  00006d84    00000002     flash_debug_pem3.oem3 (.const:ti_sysbios_family_arm_m3_Hwi_Module__loggerDefined__C)
                  00006d86    00000002     flash_debug_pem3.oem3 (.const:ti_sysbios_heaps_HeapMem_Module__id__C)
                  00006d88    00000002     flash_debug_pem3.oem3 (.const:ti_sysbios_knl_Clock_Module__id__C)
                  00006d8a    00000002     flash_debug_pem3.oem3 (.const:ti_sysbios_knl_Clock_Module__loggerDefined__C)
                  00006d8c    00000002     flash_debug_pem3.oem3 (.const:ti_sysbios_knl_Semaphore_Module__id__C)
                  00006d8e    00000002     flash_debug_pem3.oem3 (.const:ti_sysbios_knl_Semaphore_Module__loggerDefined__C)
                  00006d90    00000002     flash_debug_pem3.oem3 (.const:ti_sysbios_knl_Swi_Module__id__C)
                  00006d92    00000002     flash_debug_pem3.oem3 (.const:ti_sysbios_knl_Swi_Module__loggerDefined__C)
                  00006d94    00000002     flash_debug_pem3.oem3 (.const:ti_sysbios_knl_Task_Module__id__C)
                  00006d96    00000002     flash_debug_pem3.oem3 (.const:ti_sysbios_knl_Task_Module__loggerDefined__C)
                  00006d98    00000002     flash_debug_pem3.oem3 (.const:ti_sysbios_utils_Load_Module__id__C)
                  00006d9a    00000002     flash_debug_pem3.oem3 (.const:ti_sysbios_utils_Load_Module__loggerDefined__C)
                  00006d9c    00000002     flash_debug_pem3.oem3 (.const:ti_sysbios_utils_Load_autoAddTasks__C)
                  00006d9e    00000002     flash_debug_pem3.oem3 (.const:ti_sysbios_utils_Load_updateInIdle__C)
                  00006da0    00000002     flash_debug_pem3.oem3 (.const:ti_uia_loggers_LoggerStopMode_Module__id__C)
                  00006da2    00000002     flash_debug_pem3.oem3 (.const:ti_uia_loggers_LoggerStopMode_isTimestampEnabled__C)
                  00006da4    00000002     flash_debug_pem3.oem3 (.const:xdc_runtime_Memory_Module__id__C)
                  00006da6    00000002     flash_debug_pem3.oem3 (.const:xdc_runtime_SysMin_flushAtExit__C)
                  00006da8    00000002     flash_debug_pem3.oem3 (.const:xdc_runtime_Text_charCnt__C)
                  00006daa    00000002     flash_debug_pem3.oem3 (.const:xdc_runtime_Text_isLoaded__C)
                  00006dac    00000001     flash_debug_pem3.oem3 (.const:xdc_runtime_Error_policy__C)
                  00006dad    00000001     flash_debug_pem3.oem3 (.const:xdc_runtime_Text_charTab__A)

.cinit     0    00006db0    00000208     
                  00006db0    000001e2     (.cinit..data.load) [load image, compression = lzss]
                  00006f92    00000002     --HOLE-- [fill = 0]
                  00006f94    0000000c     (__TI_handler_table)
                  00006fa0    00000008     (.cinit..bss.load) [load image, compression = zero_init]
                  00006fa8    00000010     (__TI_cinit_table)

.init_array 
*          0    00000000    00000000     UNINITIALIZED

.ccfg      0    0001ffa8    00000058     
                  0001ffa8    00000058     ccfg.obj (.ccfg:retain)

.resetVecs 
*          0    00000000    0000003c     
                  00000000    0000003c     flash_debug_pem3.oem3 (.resetVecs)

.vecs      0    20000000    000000c8     NOLOAD SECTION
                  20000000    000000c8     flash_debug_pem3.oem3 (.vecs)

.bss       0    20000100    00002530     UNINITIALIZED
                  20000100    00001000     (.common:ti_uia_loggers_LoggerStopMode_Instance_State_2_packetArray__A)
                  20001100    00000400     (.common:ti_sysbios_heaps_HeapMem_Instance_State_0_buf__A)
                  20001500    00000400     (.common:ti_uia_loggers_LoggerStopMode_Instance_State_0_packetArray__A)
                  20001900    00000400     (.common:ti_uia_loggers_LoggerStopMode_Instance_State_1_packetArray__A)
                  20001d00    00000200     flash_debug_pem3.oem3 (.bss:taskStackSection)
                  20001f00    00000120     rtsv7M3_T_le_eabi.lib : trgmsg.obj (.bss:_CIOBUF_)
                  20002020    00000100     lab1-main.obj (.bss:urgentTaskStack)
                  20002120    00000100     lab1-main.obj (.bss:workTaskStack)
                  20002220    000000c8     (.common:ti_sysbios_family_arm_m3_Hwi_dispatchTable)
                  200022e8    00000080     (.common:xdc_runtime_SysMin_Module_State_0_outbuf__A)
                  20002368    0000007c     drivers_cc26xxware.aem3 : PINCC26XX.oem3 (.bss:PIN_HandleTable)
                  200023e4    00000050     (.common:urgentTask)
                  20002434    00000050     (.common:workTask)
                  20002484    00000034                             : PINCC26XX.oem3 (.bss:PinSwi)
                  200024b8    00000020     (.common:PinGpioConfigTable)
                  200024d8    0000001c     (.common:PinHwi)
                  200024f4    0000000c     lab1-main.obj (.bss:pinState)
                  20002500    00000030     (.common:ti_uia_loggers_LoggerStopMode_Instance_State_0_hdr__A)
                  20002530    0000001c     (.common:PinSem)
                  2000254c    00000014     driverlib.lib : osc.obj (.bss:oscHfGlobals)
                  20002560    00000008     rtsv7M3_T_le_eabi.lib : trgdrv.obj (.bss:parmbuf)
                  20002568    00000008     driverlib.lib : sys_ctrl.obj (.bss:powerQualGlobals)
                  20002570    00000004     lab1-main.obj (.bss)
                  20002574    00000004     (.common:PIN_NumPins)
                  20002578    00000004     (.common:pPinGpio)
                  2000257c    00000004     (.common:ti_sysbios_family_arm_m3_Hwi_Instance_State_0_hookEnv__A)
                  20002580    00000030     (.common:ti_uia_loggers_LoggerStopMode_Instance_State_1_hdr__A)
                  200025b0    00000004     (.common:ti_sysbios_knl_Swi_Instance_State_0_hookEnv__A)
                  200025b4    00000004     (.common:ti_sysbios_knl_Task_Instance_State_0_hookEnv__A)
                  200025b8    00000001     (.common:driverlib_release_0_46593)
                  200025b9    00000047     --HOLE--
                  20002600    00000030     (.common:ti_uia_loggers_LoggerStopMode_Instance_State_2_hdr__A)

.data      0    20002630    000005ca     UNINITIALIZED
                  20002630    00000110     drivers_cc26xxware.aem3 : PowerCC26XX.oem3 (.data:PowerCC26XX_module)
                  20002740    0000009c     flash_debug_pem3.oem3 (.data:ti_uia_loggers_LoggerStopMode_Object__table__V)
                  200027dc    00000098     flash_debug_pem3.oem3 (.data:ti_sysbios_utils_Load_Module__state__V)
                  20002874    00000050     flash_debug_pem3.oem3 (.data:ti_sysbios_knl_Task_Object__table__V)
                  200028c4    00000004     rtsv7M3_T_le_eabi.lib : stkdepth_vars.obj (.data)
                  200028c8    00000048     flash_debug_pem3.oem3 (.data:ti_sysbios_family_arm_cc26xx_Timer_Object__table__V)
                  20002910    00000044     flash_debug_pem3.oem3 (.data:ti_sysbios_knl_Task_Module__state__V)
                  20002954    00000038     flash_debug_pem3.oem3 (.data:ti_sysbios_gates_GateMutex_Object__table__V)
                  2000298c    00000034     flash_debug_pem3.oem3 (.data:ti_sysbios_family_arm_m3_Hwi_Module__state__V)
                  200029c0    00000030     flash_debug_pem3.oem3 (.data:ti_sysbios_knl_Swi_Module_State_0_readyQ__A)
                  200029f0    00000030     flash_debug_pem3.oem3 (.data:ti_sysbios_knl_Swi_Object__table__V)
                  20002a20    0000002c     flash_debug_pem3.oem3 (.data:ti_sysbios_knl_Clock_Module__state__V)
                  20002a4c    00000024     flash_debug_pem3.oem3 (.data:ti_sysbios_BIOS_Module__state__V)
                  20002a70    00000020     flash_debug_pem3.oem3 (.data:ti_sysbios_knl_Clock_Object__table__V)
                  20002a90    00000020     flash_debug_pem3.oem3 (.data:ti_sysbios_knl_Task_Module_State_0_readyQ__A)
                  20002ab0    0000001c     flash_debug_pem3.oem3 (.data:ti_sysbios_knl_Swi_Module__state__V)
                  20002acc    0000001c     flash_debug_pem3.oem3 (.data:ti_sysbios_utils_Load_Module_State_0_taskEnv__A)
                  20002ae8    00000018     flash_debug_pem3.oem3 (.data:ti_sysbios_family_arm_m3_Hwi_Object__table__V)
                  20002b00    00000018     flash_debug_pem3.oem3 (.data:ti_sysbios_heaps_HeapMem_Object__table__V)
                  20002b18    00000014     flash_debug_pem3.oem3 (.data:ti_sysbios_knl_Semaphore_Object__table__V)
                  20002b2c    00000010     lab1-main.obj (.data:pinTable)
                  20002b3c    0000000c     flash_debug_pem3.oem3 (.data:ti_sysbios_knl_Task_Module__root__V)
                  20002b48    0000000c     flash_debug_pem3.oem3 (.data:ti_uia_runtime_QueueDescriptor_Module__state__V)
                  20002b54    0000000c     flash_debug_pem3.oem3 (.data:xdc_runtime_SysMin_Module__state__V)
                  20002b60    00000008     rtsv7M3_T_le_eabi.lib : _lock.obj (.data:$O1$$)
                  20002b68    00000008     ti.uia.runtime.aem3 : QueueDescriptor.oem3 (.data)
                  20002b70    00000008     flash_debug_pem3.oem3 (.data:ti_sysbios_family_arm_cc26xx_Timer_Module__state__V)
                  20002b78    00000008     flash_debug_pem3.oem3 (.data:ti_sysbios_family_arm_m3_Hwi_Module__root__V)
                  20002b80    00000008     flash_debug_pem3.oem3 (.data:ti_sysbios_gates_GateHwi_Module__root__V)
                  20002b88    00000008     flash_debug_pem3.oem3 (.data:ti_sysbios_gates_GateMutex_Module__root__V)
                  20002b90    00000008     flash_debug_pem3.oem3 (.data:ti_sysbios_heaps_HeapMem_Module__root__V)
                  20002b98    00000008     flash_debug_pem3.oem3 (.data:ti_sysbios_knl_Clock_Module__root__V)
                  20002ba0    00000008     flash_debug_pem3.oem3 (.data:ti_sysbios_knl_Queue_Module__root__V)
                  20002ba8    00000008     flash_debug_pem3.oem3 (.data:ti_sysbios_knl_Semaphore_Module__root__V)
                  20002bb0    00000008     flash_debug_pem3.oem3 (.data:ti_sysbios_knl_Swi_Module__root__V)
                  20002bb8    00000008     flash_debug_pem3.oem3 (.data:ti_uia_loggers_LoggerStopMode_Module__root__V)
                  20002bc0    00000008     flash_debug_pem3.oem3 (.data:xdc_runtime_Startup_Module__state__V)
                  20002bc8    00000008     flash_debug_pem3.oem3 (.data:xdc_runtime_System_Module_State_0_atexitHandlers__A)
                  20002bd0    00000008     flash_debug_pem3.oem3 (.data:xdc_runtime_System_Module__state__V)
                  20002bd8    00000004     flash_debug_pem3.oem3 (.data:ti_sysbios_family_arm_cc26xx_TimestampProvider_Module__state__V)
                  20002bdc    00000004     flash_debug_pem3.oem3 (.data:ti_sysbios_family_arm_m3_Hwi_Module_State_0_excContext__A)
                  20002be0    00000004     flash_debug_pem3.oem3 (.data:ti_sysbios_family_arm_m3_Hwi_Module_State_0_excStack__A)
                  20002be4    00000004     flash_debug_pem3.oem3 (.data:ti_sysbios_gates_GateHwi_Object__table__V)
                  20002be8    00000004     flash_debug_pem3.oem3 (.data:ti_sysbios_knl_Task_Module_State_0_idleTask__A)
                  20002bec    00000004     flash_debug_pem3.oem3 (.data:ti_sysbios_utils_Load_Module_State_0_runningTask__A)
                  20002bf0    00000004     flash_debug_pem3.oem3 (.data:ti_sysbios_utils_Load_Module_State_0_taskStartTime__A)
                  20002bf4    00000004     flash_debug_pem3.oem3 (.data:xdc_runtime_Memory_Module__state__V)
                  20002bf8    00000002     flash_debug_pem3.oem3 (.data:ti_sysbios_family_arm_m3_Hwi_Module_State_0_excActive__A)

.stack     0    20004d00    00000300     UNINITIALIZED
                  20004d00    00000300     --HOLE--

.bootVecs 
*          0    00000000    00000008     DSECT
                  00000000    00000008     boot.aem3 : boot.oem3 (.bootVecs)

xdc.meta   0    00000000    000000f9     COPY SECTION
                  00000000    000000f9     flash_debug_pem3.oem3 (xdc.meta)

xdc.noload 
*          0    00000000    00000000     COPY SECTION

MODULE SUMMARY

       Module                            code    ro data   rw data
       ------                            ----    -------   -------
    .\
       lab1-main.obj                     398     0         704    
       ccfg.obj                          0       88        0      
       CC2650_LAUNCHXL.obj               0       68        0      
    +--+---------------------------------+-------+---------+---------+
       Total:                            398     156       704    
                                                                  
    C:\Users\csxwin\workspace_v7\tirtos_lab1_cc2650launchxl\Debug\configPkg\package\cfg\
       flash_debug_pem3.oem3             3082    1734      9538   
    +--+---------------------------------+-------+---------+---------+
       Total:                            3082    1734      9538   
                                                                  
    C:/ti/tirtos_cc13xx_cc26xx_2_20_01_08/products/cc26xxware_2_24_02_17393/driverlib/bin/ccs/driverlib.lib
       setup.obj                         1682    0         0      
       sys_ctrl.obj                      712     0         8      
       osc.obj                           332     0         20     
       chipinfo.obj                      228     0         0      
       ddi.obj                           180     0         0      
       aon_rtc.obj                       44      0         0      
       adi.obj                           40      0         0      
       aon_batmon.obj                    40      0         0      
       cpu.obj                           30      0         0      
       vims.obj                          14      0         0      
       driverlib_release.obj             0       0         1      
    +--+---------------------------------+-------+---------+---------+
       Total:                            3302    0         29     
                                                                  
    C:/ti/tirtos_cc13xx_cc26xx_2_20_01_08/products/tidrivers_cc13xx_cc26xx_2_20_01_10/packages/ti/drivers/lib/drivers_cc26xxware.aem3
       PowerCC26XX.oem3                  1992    76        272    
       PINCC26XX.oem3                    1128    0         272    
       PowerCC26XX_calibrateRCOSC.oem3   1400    0         0      
       List.oem3                         18      0         0      
    +--+---------------------------------+-------+---------+---------+
       Total:                            4538    76        544    
                                                                  
    C:/ti/tirtos_cc13xx_cc26xx_2_20_01_08/products/tidrivers_cc13xx_cc26xx_2_20_01_10/packages/ti/drivers/lib/power_cc26xx_tirtos.aem3
       PowerCC26XX_tirtos.oem3           188     0         0      
    +--+---------------------------------+-------+---------+---------+
       Total:                            188     0         0      
                                                                  
    C:\Users\csxwin\workspace_v7\tirtos_lab1_cc2650launchxl\src\sysbios\sysbios.aem3
       BIOS.obj                          11326   0         0      
       m3_Hwi_asm.obj                    258     0         0      
       m3_TaskSupport_asm.obj            108     0         0      
       m3_Hwi_asm_switch.obj             102     0         0      
    +--+---------------------------------+-------+---------+---------+
       Total:                            11794   0         0      
                                                                  
    C:\ti\tirtos_cc13xx_cc26xx_2_20_01_08\products\bios_6_46_01_38\packages\ti\targets\arm\rtsarm\lib\auto_init.aem3
       auto_init.oem3                    160     0         0      
    +--+---------------------------------+-------+---------+---------+
       Total:                            160     0         0      
                                                                  
    C:\ti\tirtos_cc13xx_cc26xx_2_20_01_08\products\bios_6_46_01_38\packages\ti\targets\arm\rtsarm\lib\boot.aem3
       boot.oem3                         68      0         0      
    +--+---------------------------------+-------+---------+---------+
       Total:                            68      0         0      
                                                                  
    C:\ti\tirtos_cc13xx_cc26xx_2_20_01_08\products\uia_2_00_06_52\packages\ti\uia\loggers\lib\release\ti.uia.loggers.aem3
       LoggerStopMode.oem3               552     0         0      
    +--+---------------------------------+-------+---------+---------+
       Total:                            552     0         0      
                                                                  
    C:\ti\tirtos_cc13xx_cc26xx_2_20_01_08\products\uia_2_00_06_52\packages\ti\uia\runtime\lib\release\ti.uia.runtime.aem3
[...]
000067c4  ti_sysbios_family_arm_m3_Hwi_Object__PARAMS__C                  
000067f4  BoardGpioInitTable                                              
00006820  ti_sysbios_heaps_HeapMem_Module__FXNS__C                        
00006848  ti_sysbios_knl_Swi_Object__PARAMS__C                            
00006870  ti_uia_loggers_LoggerStopMode_Object__PARAMS__C                 
00006898  xdc_runtime_Startup_sfxnTab__A                                  
000068c0  ti_sysbios_gates_GateHwi_Module__FXNS__C                        
000068e4  ti_sysbios_gates_GateMutex_Module__FXNS__C                      
00006908  ti_sysbios_heaps_HeapMem_Object__PARAMS__C                      
0000692c  ti_sysbios_knl_Clock_Object__PARAMS__C                          
00006950  ti_sysbios_knl_Semaphore_Object__PARAMS__C                      
00006974  ti_sysbios_family_arm_m3_Hwi_Object__DESC__C                    
00006994  ti_sysbios_gates_GateHwi_Object__DESC__C                        
000069b4  ti_sysbios_gates_GateMutex_Object__DESC__C                      
000069d4  ti_sysbios_heaps_HeapMem_Object__DESC__C                        
000069f4  ti_sysbios_knl_Clock_Object__DESC__C                            
00006a14  ti_sysbios_knl_Queue_Object__DESC__C                            
00006a34  ti_sysbios_knl_Semaphore_Object__DESC__C                        
00006a54  ti_sysbios_knl_Swi_Object__DESC__C                              
00006a74  ti_sysbios_knl_Task_Object__DESC__C                             
00006a94  ti_uia_loggers_LoggerStopMode_Object__DESC__C                   
00006ab4  ti_sysbios_gates_GateHwi_Object__PARAMS__C                      
00006acc  ti_sysbios_gates_GateMutex_Object__PARAMS__C                    
00006ae4  ti_sysbios_knl_Queue_Object__PARAMS__C                          
00006afc  ti_sysbios_knl_Swi_hooks__A                                     
00006b14  ti_sysbios_knl_Task_hooks__A                                    
00006b2c  ti_sysbios_family_arm_m3_Hwi_hooks__A                           
00006b40  xdc_runtime_Startup_sfxnRts__A                                  
00006b54  PowerCC26XX_config                                              
00006b64  xdc_runtime_Startup_firstFxns__A                                
00006b70  PINCC26XX_hwAttrs                                               
00006b78  ti_sysbios_family_arm_m3_Hwi_hooks__C                           
00006b80  ti_sysbios_knl_Idle_funcList__A                                 
00006b88  ti_sysbios_knl_Idle_funcList__C                                 
00006b90  ti_sysbios_knl_Swi_hooks__C                                     
00006b98  ti_sysbios_knl_Task_hooks__C                                    
00006ba0  xdc_runtime_Startup_firstFxns__C                                
00006ba8  xdc_runtime_Startup_lastFxns__C                                 
00006bb0  urgentWorkSem                                                   
00006bb4  ti_sysbios_family_arm_cc26xx_Timer_startupNeeded__C             
00006bb8  ti_sysbios_family_arm_m3_Hwi_E_alreadyDefined__C                
00006bbc  ti_sysbios_family_arm_m3_Hwi_LD_end__C                          
00006bc0  ti_sysbios_family_arm_m3_Hwi_LM_begin__C                        
00006bc4  ti_sysbios_family_arm_m3_Hwi_Module__diagsEnabled__C            
00006bc8  ti_sysbios_family_arm_m3_Hwi_Module__diagsIncluded__C           
00006bcc  ti_sysbios_family_arm_m3_Hwi_Module__diagsMask__C               
00006bd0  ti_sysbios_family_arm_m3_Hwi_Module__loggerFxn1__C              
00006bd4  ti_sysbios_family_arm_m3_Hwi_Module__loggerFxn8__C              
00006bd8  ti_sysbios_family_arm_m3_Hwi_Module__loggerObj__C               
00006bdc  ti_sysbios_family_arm_m3_Hwi_NUM_INTERRUPTS__C                  
00006be0  ti_sysbios_family_arm_m3_Hwi_Object__count__C                   
00006be4  ti_sysbios_family_arm_m3_Hwi_Object__heap__C                    
00006be8  ti_sysbios_family_arm_m3_Hwi_ccr__C                             
00006bec  ti_sysbios_family_arm_m3_Hwi_excHandlerFunc__C                  
00006bf0  ti_sysbios_family_arm_m3_Hwi_nullIsrFunc__C                     
00006bf4  ti_sysbios_family_arm_m3_Hwi_priGroup__C                        
00006bf8  ti_sysbios_family_arm_m3_TaskSupport_stackAlignment__C          
00006bfc  ti_sysbios_gates_GateMutex_Instance_State_sem__O                
00006c00  ti_sysbios_heaps_HeapMem_E_memory__C                            
00006c04  ti_sysbios_heaps_HeapMem_Module__gateObj__C                     
00006c08  ti_sysbios_heaps_HeapMem_Object__count__C                       
00006c0c  ti_sysbios_heaps_HeapMem_reqAlign__C                            
00006c10  ti_sysbios_knl_Clock_LM_begin__C                                
00006c14  ti_sysbios_knl_Clock_LM_tick__C                                 
00006c18  ti_sysbios_knl_Clock_Module_State_clockQ__O                     
00006c1c  ti_sysbios_knl_Clock_Module__diagsEnabled__C                    
00006c20  ti_sysbios_knl_Clock_Module__diagsIncluded__C                   
00006c24  ti_sysbios_knl_Clock_Module__diagsMask__C                       
00006c28  ti_sysbios_knl_Clock_Module__loggerFxn1__C                      
00006c2c  ti_sysbios_knl_Clock_Module__loggerFxn2__C                      
00006c30  ti_sysbios_knl_Clock_Module__loggerObj__C                       
00006c34  ti_sysbios_knl_Clock_tickPeriod__C                              
00006c38  ti_sysbios_knl_Clock_triggerClock__C                            
00006c3c  ti_sysbios_knl_Semaphore_Instance_State_pendQ__O                
00006c40  ti_sysbios_knl_Semaphore_LM_pend__C                             
00006c44  ti_sysbios_knl_Semaphore_LM_post__C                             
00006c48  ti_sysbios_knl_Semaphore_Module__diagsEnabled__C                
00006c4c  ti_sysbios_knl_Semaphore_Module__diagsIncluded__C               
00006c50  ti_sysbios_knl_Semaphore_Module__diagsMask__C                   
00006c54  ti_sysbios_knl_Semaphore_Module__loggerFxn2__C                  
00006c58  ti_sysbios_knl_Semaphore_Module__loggerFxn4__C                  
00006c5c  ti_sysbios_knl_Semaphore_Module__loggerObj__C                   
00006c60  ti_sysbios_knl_Swi_LD_end__C                                    
00006c64  ti_sysbios_knl_Swi_LM_begin__C                                  
00006c68  ti_sysbios_knl_Swi_LM_post__C                                   
00006c6c  ti_sysbios_knl_Swi_Module__diagsEnabled__C                      
00006c70  ti_sysbios_knl_Swi_Module__diagsIncluded__C                     
00006c74  ti_sysbios_knl_Swi_Module__diagsMask__C                         
00006c78  ti_sysbios_knl_Swi_Module__loggerFxn1__C                        
00006c7c  ti_sysbios_knl_Swi_Module__loggerFxn4__C                        
00006c80  ti_sysbios_knl_Swi_Module__loggerObj__C                         
00006c84  ti_sysbios_knl_Swi_Object__count__C                             
00006c88  ti_sysbios_knl_Swi_Object__heap__C                              
00006c8c  ti_sysbios_knl_Swi_numConstructedSwis__C                        
00006c90  ti_sysbios_knl_Task_LD_block__C                                 
00006c94  ti_sysbios_knl_Task_LD_exit__C                                  
00006c98  ti_sysbios_knl_Task_LD_ready__C                                 
00006c9c  ti_sysbios_knl_Task_LM_switch__C                                
00006ca0  ti_sysbios_knl_Task_Module_State_inactiveQ__O                   
00006ca4  ti_sysbios_knl_Task_Module__diagsEnabled__C                     
00006ca8  ti_sysbios_knl_Task_Module__diagsIncluded__C                    
00006cac  ti_sysbios_knl_Task_Module__diagsMask__C                        
00006cb0  ti_sysbios_knl_Task_Module__loggerFxn2__C                       
00006cb4  ti_sysbios_knl_Task_Module__loggerFxn4__C                       
00006cb8  ti_sysbios_knl_Task_Module__loggerObj__C                        
00006cbc  ti_sysbios_knl_Task_Object__count__C                            
00006cc0  ti_sysbios_knl_Task_Object__heap__C                             
00006cc4  ti_sysbios_knl_Task_allBlockedFunc__C                           
00006cc8  ti_sysbios_knl_Task_defaultStackHeap__C                         
00006ccc  ti_sysbios_knl_Task_defaultStackSize__C                         
00006cd0  ti_sysbios_knl_Task_numConstructedTasks__C                      
00006cd4  ti_sysbios_utils_Load_LS_cpuLoad__C                             
00006cd8  ti_sysbios_utils_Load_LS_hwiLoad__C                             
00006cdc  ti_sysbios_utils_Load_LS_swiLoad__C                             
00006ce0  ti_sysbios_utils_Load_LS_taskLoad__C                            
00006ce4  ti_sysbios_utils_Load_Module_State_taskList__O                  
00006ce8  ti_sysbios_utils_Load_Module__diagsEnabled__C                   
00006cec  ti_sysbios_utils_Load_Module__diagsIncluded__C                  
00006cf0  ti_sysbios_utils_Load_Module__diagsMask__C                      
00006cf4  ti_sysbios_utils_Load_Module__loggerFxn1__C                     
00006cf8  ti_sysbios_utils_Load_Module__loggerFxn2__C                     
00006cfc  ti_sysbios_utils_Load_Module__loggerFxn4__C                     
00006d00  ti_sysbios_utils_Load_Module__loggerObj__C                      
00006d04  ti_sysbios_utils_Load_postUpdate__C                             
00006d08  ti_sysbios_utils_Load_windowInMs__C                             
00006d0c  ti_uia_loggers_LoggerStopMode_Module__diagsEnabled__C           
00006d10  ti_uia_loggers_LoggerStopMode_Module__diagsIncluded__C          
00006d14  ti_uia_loggers_LoggerStopMode_Module__diagsMask__C              
00006d18  ti_uia_loggers_LoggerStopMode_Object__count__C                  
00006d1c  ti_uia_runtime_ILoggerSnapshot_Interface__BASE__C               
00006d20  ti_uia_runtime_IUIATransfer_Interface__BASE__C                  
00006d24  xdc_runtime_Assert_E_assertFailed__C                            
00006d28  xdc_runtime_Error_E_memory__C                                   
00006d2c  xdc_runtime_Error_policyFxn__C                                  
00006d30  xdc_runtime_IFilterLogger_Interface__BASE__C                    
00006d34  xdc_runtime_IGateProvider_Interface__BASE__C                    
00006d38  xdc_runtime_IHeap_Interface__BASE__C                            
00006d3c  xdc_runtime_ILogger_Interface__BASE__C                          
00006d40  xdc_runtime_IModule_Interface__BASE__C                          
00006d44  xdc_runtime_Memory_defaultHeapInstance__C                       
00006d48  xdc_runtime_Startup_execImpl__C                                 
00006d4c  xdc_runtime_Startup_maxPasses__C                                
00006d50  xdc_runtime_Startup_sfxnRts__C                                  
00006d54  xdc_runtime_Startup_sfxnTab__C                                  
00006d58  xdc_runtime_SysMin_bufSize__C                                   
00006d5c  xdc_runtime_SysMin_outputFunc__C                                
00006d60  xdc_runtime_System_Module__gateObj__C                           
00006d64  xdc_runtime_System_abortFxn__C                                  
00006d68  xdc_runtime_System_exitFxn__C                                   
00006d6c  xdc_runtime_System_maxAtexitHandlers__C                         
00006d70  xdc_runtime_Text_charTab__C                                     
00006d74  xdc_runtime_Text_nameEmpty__C                                   
00006d78  xdc_runtime_Text_nameStatic__C                                  
00006d7c  xdc_runtime_Text_nameUnknown__C                                 
00006d80  ti_sysbios_family_arm_cc26xx_TimestampProvider_useClockTimer__C 
00006d82  ti_sysbios_family_arm_m3_Hwi_Module__id__C                      
00006d84  ti_sysbios_family_arm_m3_Hwi_Module__loggerDefined__C           
00006d86  ti_sysbios_heaps_HeapMem_Module__id__C                          
00006d88  ti_sysbios_knl_Clock_Module__id__C                              
00006d8a  ti_sysbios_knl_Clock_Module__loggerDefined__C                   
00006d8c  ti_sysbios_knl_Semaphore_Module__id__C                          
00006d8e  ti_sysbios_knl_Semaphore_Module__loggerDefined__C               
00006d90  ti_sysbios_knl_Swi_Module__id__C                                
00006d92  ti_sysbios_knl_Swi_Module__loggerDefined__C                     
00006d94  ti_sysbios_knl_Task_Module__id__C                               
00006d96  ti_sysbios_knl_Task_Module__loggerDefined__C                    
00006d98  ti_sysbios_utils_Load_Module__id__C                             
00006d9a  ti_sysbios_utils_Load_Module__loggerDefined__C                  
00006d9c  ti_sysbios_utils_Load_autoAddTasks__C                           
00006d9e  ti_sysbios_utils_Load_updateInIdle__C                           
00006da0  ti_uia_loggers_LoggerStopMode_Module__id__C                     
00006da2  ti_uia_loggers_LoggerStopMode_isTimestampEnabled__C             
00006da4  xdc_runtime_Memory_Module__id__C                                
00006da6  xdc_runtime_SysMin_flushAtExit__C                               
00006da8  xdc_runtime_Text_charCnt__C                                     
00006daa  xdc_runtime_Text_isLoaded__C                                    
00006dac  xdc_runtime_Error_policy__C                                     
00006dad  xdc_runtime_Text_charTab__A                                     
00006db0  __TI_static_base__                                              
00006f94  __TI_Handler_Table_Base                                         
00006fa0  __TI_Handler_Table_Limit                                        
00006fa8  __TI_CINIT_Base                                                 
00006fb8  __TI_CINIT_Limit                                                
0001ffa8  __ccfg                                                          
20000000  ti_sysbios_family_arm_m3_Hwi_ramVectors                         
20000100  ti_uia_loggers_LoggerStopMode_Instance_State_2_packetArray__A   
20001100  ti_sysbios_heaps_HeapMem_Instance_State_0_buf__A                
20001500  ti_uia_loggers_LoggerStopMode_Instance_State_0_packetArray__A   
20001900  ti_uia_loggers_LoggerStopMode_Instance_State_1_packetArray__A   
20001d00  ti_sysbios_knl_Task_Instance_State_0_stack__A                   
20001f00  __CIOBUF_                                                       
20002220  ti_sysbios_family_arm_m3_Hwi_dispatchTable                      
200022e8  xdc_runtime_SysMin_Module_State_0_outbuf__A                     
20002368  PIN_HandleTable                                                 
200023e4  urgentTask                                                      
20002434  workTask                                                        
20002500  ti_uia_loggers_LoggerStopMode_Instance_State_0_hdr__A           
20002574  PIN_NumPins                                                     
2000257c  ti_sysbios_family_arm_m3_Hwi_Instance_State_0_hookEnv__A        
20002580  ti_uia_loggers_LoggerStopMode_Instance_State_1_hdr__A           
200025b0  ti_sysbios_knl_Swi_Instance_State_0_hookEnv__A                  
200025b4  ti_sysbios_knl_Task_Instance_State_0_hookEnv__A                 
200025b8  driverlib_release_0_46593                                       
20002600  ti_uia_loggers_LoggerStopMode_Instance_State_2_hdr__A           
20002630  PowerCC26XX_module                                              
20002740  ti_uia_loggers_LoggerStopMode_Object__table__V                  
200027dc  ti_sysbios_utils_Load_Module__state__V                          
20002874  ti_sysbios_knl_Task_Object__table__V                            
200028c4  main_func_sp                                                    
200028c8  ti_sysbios_family_arm_cc26xx_Timer_Object__table__V             
20002910  ti_sysbios_knl_Task_Module__state__V                            
20002954  ti_sysbios_gates_GateMutex_Object__table__V                     
2000298c  ti_sysbios_family_arm_m3_Hwi_Module__state__V                   
200029c0  ti_sysbios_knl_Swi_Module_State_0_readyQ__A                     
200029f0  ti_sysbios_knl_Swi_Object__table__V                             
20002a20  ti_sysbios_knl_Clock_Module__state__V                           
20002a4c  ti_sysbios_BIOS_Module__state__V                                
20002a70  ti_sysbios_knl_Clock_Object__table__V                           
20002a90  ti_sysbios_knl_Task_Module_State_0_readyQ__A                    
20002ab0  ti_sysbios_knl_Swi_Module__state__V                             
20002acc  ti_sysbios_utils_Load_Module_State_0_taskEnv__A                 
20002ae8  ti_sysbios_family_arm_m3_Hwi_Object__table__V                   
20002b00  ti_sysbios_heaps_HeapMem_Object__table__V                       
20002b18  ti_sysbios_knl_Semaphore_Object__table__V                       
20002b2c  pinTable                                                        
20002b3c  ti_sysbios_knl_Task_Module__root__V                             
20002b48  ti_uia_runtime_QueueDescriptor_Module__state__V                 
20002b54  xdc_runtime_SysMin_Module__state__V                             
20002b60  _lock                                                           
20002b64  _unlock                                                         
20002b68  ti_uia_runtime_QueueDescriptor_gPtrToFirstDescriptor            
20002b6c  ti_uia_runtime_QueueDescriptor_gUpdateCount                     
20002b70  ti_sysbios_family_arm_cc26xx_Timer_Module__state__V             
20002b78  ti_sysbios_family_arm_m3_Hwi_Module__root__V                    
20002b80  ti_sysbios_gates_GateHwi_Module__root__V                        
20002b88  ti_sysbios_gates_GateMutex_Module__root__V                      
20002b90  ti_sysbios_heaps_HeapMem_Module__root__V                        
20002b98  ti_sysbios_knl_Clock_Module__root__V                            
20002ba0  ti_sysbios_knl_Queue_Module__root__V                            
20002ba8  ti_sysbios_knl_Semaphore_Module__root__V                        
20002bb0  ti_sysbios_knl_Swi_Module__root__V                              
20002bb8  ti_uia_loggers_LoggerStopMode_Module__root__V                   
20002bc0  xdc_runtime_Startup_Module__state__V                            
20002bc8  xdc_runtime_System_Module_State_0_atexitHandlers__A             
20002bd0  xdc_runtime_System_Module__state__V                             
20002bd8  ti_sysbios_family_arm_cc26xx_TimestampProvider_Module__state__V 
20002bdc  ti_sysbios_family_arm_m3_Hwi_Module_State_0_excContext__A       
20002be0  ti_sysbios_family_arm_m3_Hwi_Module_State_0_excStack__A         
20002be4  ti_sysbios_gates_GateHwi_Object__table__V                       
20002be8  ti_sysbios_knl_Task_Module_State_0_idleTask__A                  
20002bec  ti_sysbios_utils_Load_Module_State_0_runningTask__A             
20002bf0  ti_sysbios_utils_Load_Module_State_0_taskStartTime__A           
20002bf4  xdc_runtime_Memory_Module__state__V                             
20002bf8  ti_sysbios_family_arm_m3_Hwi_Module_State_0_excActive__A        
20004d00  __stack                                                         
20005000  __STACK_END                                                     
20005000  __STACK_TOP                                                     
e000e000  ti_sysbios_family_arm_m3_Hwi_nvic                               
ffffffff  __TI_pprof_out_hndl                                             
ffffffff  __TI_prof_data_size                                             
ffffffff  __TI_prof_data_start                                            
ffffffff  __binit__                                                       
ffffffff  __c_args__                                                      
ffffffff  binit                                                           
UNDEFED   SHT$$INIT_ARRAY$$Base                                           
UNDEFED   SHT$$INIT_ARRAY$$Limit                                          

[712 symbols]
