******************************************************************************
                  TI ARM Linker PC v16.9.0                     
******************************************************************************
>> Linked Sat Jan 14 21:53:03 2017

OUTPUT FILE NAME:   <host_test_cc2650em_stack.out>
ENTRY POINT SYMBOL: "startup_entry"  address: 00008001


MEMORY CONFIGURATION

         name            origin    length      used     unused   attr    fill
----------------------  --------  ---------  --------  --------  ----  --------
  FLASH                 00000000   0001f000  00016228  00008dd8  R  X
  SRAM                  20000000   000048e7  0000057c  0000436b  RW X


SEGMENT ALLOCATION MAP

run origin  load origin   length   init length attrs members
----------  ----------- ---------- ----------- ----- -------
00008000    00008000    00015228   00015228    r-x
  00008000    00008000    00000360   00000360    r-x EntrySection
  00008360    00008360    00014088   00014088    r-x .text
  0001c3e8    0001c3e8    000006f4   000006f4    r-- .const
  0001cadc    0001cadc    000002e0   000002e0    r-- .rodata
  0001cdc0    0001cdc0    00000468   00000468    r-- .cinit
0001e000    0001e000    00001000   00001000    r--
  0001e000    0001e000    00001000   00001000    r-- .TI.bound:NV_FLASH
20004368    20004368    0000057c   00000000    rw-
  20004368    20004368    00000148   00000000    rw- .bss
  200044b0    200044b0    00000434   00000000    rw- .data


SECTION ALLOCATION MAP

 output                                  attributes/
section   page    origin      length       input sections
--------  ----  ----------  ----------   ----------------
EntrySection 
*          0    00008000    00000360     
                  00008000    000002a0     icall_startup.obj (EntrySection)
                  000082a0    00000008     rtsv7M3_T_le_eabi.lib : autoinit.obj (.tramp.__TI_auto_init.1)
                  000082a8    00000008     host_pcxx.a : l2cap_if.o (.tramp.L2CAP_SetUserConfig.1)
                  000082b0    00000008     <whole-program> (.tramp.ICall_enrollService$21.1)
                  000082b8    00000008     <whole-program> (.tramp.halAssertHandlerExt.1)
                  000082c0    00000008     <whole-program> (.tramp.HalFlashRead.1)
                  000082c8    00000008     <whole-program> (.tramp.findOffset$13.1)
                  000082d0    00000008     <whole-program> (.tramp.compactPage$13.1)
                  000082d8    00000008     <whole-program> (.tramp.erasePage$13.1)
                  000082e0    00000008     <whole-program> (.tramp.setActivePage$13.1)
                  000082e8    00000008     <whole-program> (.tramp.ICall_getTicks$14.1)
                  000082f0    00000008     <whole-program> (.tramp.osal_mem_alloc.1)
                  000082f8    00000008     <whole-program> (.tramp.osal_memset.1)
                  00008300    00000008     cc2640_ctrl_pcxx_41c.a : ll_patch.o (.tramp.LL_Init.1)
                  00008308    00000008     cc26xx_hci_tl_full_v41.a : hci_tl.o (.tramp.HCI_Init.1)
                  00008310    00000008     host_pcxx.a : l2cap_task.o (.tramp.L2CAP_Init.1)
                  00008318    00000008                 : gap_task.o (.tramp.GAP_Init.1)
                  00008320    00000008                 : sm_task.o (.tramp.SM_Init.1)
                  00008328    00000008                 : gatt_task.o (.tramp.GATT_Init.1)
                  00008330    00000008                 : gattservapp.o (.tramp.GATTServApp_Init.1)
                  00008338    00000008                 : gatt_task.o (.tramp.GATT_RegisterForMsgs.1)
                  00008340    00000008                 : gatt_client.o (.tramp.GATT_RegisterForInd.1)
                  00008348    00000008                 : gattservapp.o (.tramp.GATTServApp_RegisterForMsg.1)
                  00008350    00000008     <whole-program> (.tramp.osal_snv_read.1)
                  00008358    00000008     <whole-program> (.tramp.osal_start_system.1)

.text      0    00008360    00014088     
                  00008360    000001a4     host_pcxx.a : att_client.o (.text)
                  00008504    000001ec                 : att_server.o (.text)
                  000086f0    000005cc                 : att_util.o (.text)
                  00008cbc    00000544                 : gap_centdevmgr.o (.text)
                  00009200    0000024e                 : gap_centlinkmgr.o (.text)
                  0000944e    00000002     rtsv7M3_T_le_eabi.lib : startup.obj (.text)
                  00009450    00000348     host_pcxx.a : gap_configmgr.o (.text)
                  00009798    000000b0                 : gap_devmgr.o (.text)
                  00009848    000009bc                 : gap_linkmgr.o (.text)
                  0000a204    00000624                 : gap_peridevmgr.o (.text)
                  0000a828    00000110                 : gap_perilinkmgr.o (.text)
                  0000a938    000002ec                 : gap_task.o (.text)
                  0000ac24    0000032c                 : gapgattserver.o (.text)
                  0000af50    00000d34                 : gatt_client.o (.text)
                  0000bc84    00000b16                 : gatt_server.o (.text)
                  0000c79a    00000002     --HOLE-- [fill = 0]
                  0000c79c    000002f6                 : gatt_task.o (.text)
                  0000ca92    00000002     --HOLE-- [fill = 0]
                  0000ca94    0000013e                 : gatt_uuid.o (.text)
                  0000cbd2    00000002     --HOLE-- [fill = 0]
                  0000cbd4    00000fcc                 : gattservapp.o (.text)
                  0000dba0    0000017e                 : l2cap_if.o (.text)
                  0000dd1e    00000002     --HOLE-- [fill = 0]
                  0000dd20    000002b0                 : l2cap_task.o (.text)
                  0000dfd0    0000068c                 : l2cap_util.o (.text)
                  0000e65c    000002ec                 : linkdb.o (.text)
                  0000e948    00000588                 : sm_intpairing.o (.text)
                  0000eed0    000006a0                 : sm_mgr.o (.text)
                  0000f570    000007e4                 : sm_pairing.o (.text)
                  0000fd54    00000570                 : sm_rsppairing.o (.text)
                  000102c4    000000e8                 : sm_task.o (.text)
                  000103ac    0000039c                 : smp.o (.text)
                  00010748    00000abc     cc2640_ctrl_pcxx_41c.a : ble_patch.o (.text)
                  00011204    000000a8                            : hci_data_patch.o (.text)
                  000112ac    000005f4                            : hci_event_patch.o (.text)
                  000118a0    000003a0                            : hci_patch.o (.text)
                  00011c40    00000042                            : ll_access_address_patch.o (.text)
                  00011c82    00000002     --HOLE-- [fill = 0]
                  00011c84    00000546                            : ll_adv_end_causes_patch.o (.text)
                  000121ca    00000002     --HOLE-- [fill = 0]
                  000121cc    000014bc                            : ll_common_patch.o (.text)
                  00013688    0000014c                            : ll_enc_patch.o (.text)
                  000137d4    00000328                            : ll_init_end_causes_patch.o (.text)
                  00013afc    000006aa                            : ll_master_end_causes_patch.o (.text)
                  000141a6    00000002     --HOLE-- [fill = 0]
                  000141a8    00002074                            : ll_patch.o (.text)
                  0001621c    00000010                            : ll_rat_patch.o (.text)
                  0001622c    000000e8                            : ll_scan_end_causes_patch.o (.text)
                  00016314    000001a8                            : ll_scheduler_patch.o (.text)
                  000164bc    00000946                            : ll_slave_end_causes_patch.o (.text)
                  00016e02    00000002     --HOLE-- [fill = 0]
                  00016e04    00000046                            : ll_sleep.o (.text)
                  00016e4a    000000ae                            : ll_wl_patch.o (.text)
                  00016ef8    0000058c                            : ll_isr.o (.text)
                  00017484    00000ad6     cc26xx_hci_tl_full_v41.a : hci_tl.o (.text)
                  00017f5a    00000002     --HOLE-- [fill = 0]
                  00017f5c    00000070     rtsv7M3_T_le_eabi.lib : autoinit.obj (.text)
                  00017fcc    00000018                           : ll_mul_t2.obj (.text)
                  00017fe4    0000009c                           : memcpy_t2.obj (.text)
                  00018080    0000007a                           : memset_t2.obj (.text)
                  000180fa    000001f4                           : ull_div_t2.obj (.text)
                  000182ee    0000000c     driverlib.lib : cpu.obj (.text:NOROM_CPUcpsie)
                  000182fa    0000000c                   : cpu.obj (.text:NOROM_CPUcpsid)
                  00018306    00000002     --HOLE-- [fill = 0]
                  00018308    000002f8     osal_timers.obj (.text)
                  00018600    00000036     rom_jt.obj (.text)
                  00018636    00000002     --HOLE-- [fill = 0]
                  00018638    00000078     hal_trng_wrapper.obj (.text)
                  000186b0    00000020     hal_assert.obj (.text)
                  000186d0    00000068     driverlib.lib : interrupt.obj (.text:NOROM_IntDisable)
                  00018738    0000005c                   : interrupt.obj (.text:NOROM_IntEnable)
                  00018794    00000004     onboard.obj (.text)
                  00018798    000000c8     osal_bufmgr.obj (.text)
                  00018860    00000668     osal.obj (.text)
                  00018ec8    00000058     hal_flash_wrapper.obj (.text)
                  00018f20    000001e8     osal_cbtimer.obj (.text)
                  00019108    000003cc     osal_snv_wrapper.obj (.text)
                  000194d4    00000014     driverlib.lib : vims.obj (.text:NOROM_VIMSModeGet)
                  000194e8    0000001c                   : flash.obj (.text:NOROM_FlashProgram)
                  00019504    0000001c                   : flash.obj (.text:NOROM_FlashSectorErase)
                  00019520    00002712     ble_dispatch.obj (.text)
                  0001bc32    00000064     gap.obj (.text)
                  0001bc96    00000002     --HOLE-- [fill = 0]
                  0001bc98    00000090     osal_pwrmgr.obj (.text)
                  0001bd28    00000044     osal_memory_icall.obj (.text)
                  0001bd6c    00000038     osal_icall_ble.obj (.text)
                  0001bda4    0000004c     rtsv7M3_T_le_eabi.lib : cpy_tbl.obj (.text)
                  0001bdf0    0000000c                           : copy_zero_init.obj (.text:decompress:ZI)
                  0001bdfc    0000000e                           : copy_decompress_none.obj (.text:decompress:none)
                  0001be0a    00000068                           : copy_decompress_lzss.obj (.text:decompress:lzss)
                  0001be72    00000002     --HOLE-- [fill = 0]
                  0001be74    0000005c     npi.obj (.text)
                  0001bed0    00000060     gattservapp_util.obj (.text)
                  0001bf30    00000008     ble_rom_patch.symbols (.tramp.HCI_LE_SetScanParamCmd.1)
                  0001bf38    00000008     ble_rom_patch.symbols (.tramp.HCI_LE_SetScanEnableCmd.1)
                  0001bf40    00000008     ble_rom_patch.symbols (.tramp.HCI_LE_CreateConnCmd.1)
                  0001bf48    00000008     ble_rom_patch.symbols (.tramp.HCI_LE_CreateConnCancelCmd.1)
                  0001bf50    00000008     ble_rom_patch.symbols (.tramp.HCI_ReadBDADDRCmd.1)
                  0001bf58    00000008     ble_rom_patch.symbols (.tramp.HCI_LE_SetRandomAddressCmd.1)
                  0001bf60    00000008     ble_rom_patch.symbols (.tramp.LL_ReadBDADDR.1)
                  0001bf68    00000008     ble_rom_patch.symbols (.tramp.HCI_DisconnectCmd.1)
                  0001bf70    00000008     ble_rom_patch.symbols (.tramp.HCI_LE_SetAdvDataCmd.1)
                  0001bf78    00000008     ble_rom_patch.symbols (.tramp.HCI_LE_SetScanRspDataCmd.1)
                  0001bf80    00000008     ble_rom_patch.symbols (.tramp.HCI_LE_SetAdvEnableCmd.1)
                  0001bf88    00000008     ble_rom_patch.symbols (.tramp.HCI_LE_SetAdvParamCmd.1)
                  0001bf90    00000008     ble_rom_patch.symbols (.tramp.HCI_SetControllerToHostFlowCtrlCmd.1)
                  0001bf98    00000008     ble_rom_patch.symbols (.tramp.HCI_HostBufferSizeCmd.1)
                  0001bfa0    00000008     ble_rom_patch.symbols (.tramp.HCI_HostNumCompletedPktCmd.1)
                  0001bfa8    00000008     ble_rom_patch.symbols (.tramp.HCI_SendDataPkt.1)
                  0001bfb0    00000008     ble_rom_patch.symbols (.tramp.HCI_bm_alloc.1)
                  0001bfb8    00000008     ble_rom_patch.symbols (.tramp.HCI_LE_StartEncyptCmd.1)
                  0001bfc0    00000008     ble_rom_patch.symbols (.tramp.LL_Encrypt.1)
                  0001bfc8    00000008     ble_rom_patch.symbols (.tramp.HCI_LE_LtkReqReplyCmd.1)
                  0001bfd0    00000008     ble_rom_patch.symbols (.tramp.HCI_LE_LtkReqNegReplyCmd.1)
                  0001bfd8    00000008     ble_rom_patch.symbols (.tramp.llMemCopySrc.1)
                  0001bfe0    00000008     ble_rom_patch.symbols (.tramp.LL_ENC_ReverseBytes.1)
                  0001bfe8    00000008     ble_rom_patch.symbols (.tramp.LL_ENC_GenDeviceSKD.1)
                  0001bff0    00000008     ble_rom_patch.symbols (.tramp.LL_ENC_GenDeviceIV.1)
                  0001bff8    00000008     ble_rom_patch.symbols (.tramp.llEnqueueCtrlPkt.1)
                  0001c000    00000008     ble_rom_patch.symbols (.tramp.llSetupUnknownRsp.1)
                  0001c008    00000008     ble_rom_patch.symbols (.tramp.LL_ENC_AES128_Encrypt.1)
                  0001c010    00000008     ble_rom_patch.symbols (.tramp.LL_EncKeyRefreshCback.1)
                  0001c018    00000008     ble_rom_patch.symbols (.tramp.LL_EncChangeCback.1)
                  0001c020    00000008     ble_rom_patch.symbols (.tramp.llMoveTempTxDataEntries.1)
                  0001c028    00000008     ble_rom_patch.symbols (.tramp.LL_RX_bm_alloc.1)
                  0001c030    00000008     ble_rom_patch.symbols (.tramp.llPatchCM0.1)
                  0001c038    00000008     ble_rom_patch.symbols (.tramp.RFHAL_AllocRatChan.1)
                  0001c040    00000008     ble_rom_patch.symbols (.tramp.RFHAL_RegisterRatChanCallback.1)
                  0001c048    00000008     ble_rom_patch.symbols (.tramp.LL_CtrlToHostFlowControl.1)
                  0001c050    00000008     ble_rom_patch.symbols (.tramp.HCI_SendCommandCompleteEvent.1)
                  0001c058    00000008     ble_rom_patch.symbols (.tramp.HCI_CommandCompleteEvent.1)
                  0001c060    00000008     ble_rom_patch.symbols (.tramp.HCI_CommandStatusEvent.1)
                  0001c068    00000008     ble_rom_patch.symbols (.tramp.LL_EXT_ResetSystem.1)
                  0001c070    00000008     ble_rom_patch.symbols (.tramp.LL_ReadLocalVersionInfo.1)
                  0001c078    00000008     ble_rom_patch.symbols (.tramp.llEqAlreadyValidAddr.1)
                  0001c080    00000008     ble_rom_patch.symbols (.tramp.llGtSixConsecZerosOrOnes.1)
                  0001c088    00000008     ble_rom_patch.symbols (.tramp.llEqSynchWord.1)
                  0001c090    00000008     ble_rom_patch.symbols (.tramp.llOneBitSynchWordDiffer.1)
                  0001c098    00000008     ble_rom_patch.symbols (.tramp.llEqualBytes.1)
                  0001c0a0    00000008     ble_rom_patch.symbols (.tramp.llGtTwentyFourTransitions.1)
                  0001c0a8    00000008     ble_rom_patch.symbols (.tramp.llLtTwoChangesInLastSixBits.1)
                  0001c0b0    00000008     ble_rom_patch.symbols (.tramp.llFreeTask.1)
                  0001c0b8    00000008     ble_rom_patch.symbols (.tramp.LL_ENC_GeneratePseudoRandNum.1)
                  0001c0c0    00000008     ble_rom_patch.symbols (.tramp.llScheduler.1)
                  0001c0c8    00000008     ble_rom_patch.symbols (.tramp.llConvertLstoToEvent.1)
                  0001c0d0    00000008     ble_rom_patch.symbols (.tramp.llConvertCtrlProcTimeoutToEvent.1)
                  0001c0d8    00000008     ble_rom_patch.symbols (.tramp.llCalcScaFactor.1)
                  0001c0e0    00000008     ble_rom_patch.symbols (.tramp.llConnTerminate.1)
                  0001c0e8    00000008     ble_rom_patch.symbols (.tramp.RFHAL_InitDataQueue.1)
                  0001c0f0    00000008     ble_rom_patch.symbols (.tramp.llEventDelta.1)
                  0001c0f8    00000008     ble_rom_patch.symbols (.tramp.LL_TX_bm_alloc.1)
                  0001c100    00000008     ble_rom_patch.symbols (.tramp.RFHAL_FreeNextTxDataEntry.1)
                  0001c108    00000008     ble_rom_patch.symbols (.tramp.RFHAL_GetNextDataEntry.1)
                  0001c110    00000008     ble_rom_patch.symbols (.tramp.RFHAL_GetTempDataEntry.1)
                  0001c118    00000008     ble_rom_patch.symbols (.tramp.llReleaseConnId.1)
                  0001c120    00000008     ble_rom_patch.symbols (.tramp.llTimeCompare.1)
                  0001c128    00000008     ble_rom_patch.symbols (.tramp.llTimeDelta.1)
                  0001c130    00000008     ble_rom_patch.symbols (.tramp.HCI_HardwareErrorEvent.1)
                  0001c138    00000008     ble_rom_patch.symbols (.tramp.llGetCurrentTask.1)
                  0001c140    00000008     ble_rom_patch.symbols (.tramp.LL_ConnActive.1)
                  0001c148    00000008     ble_rom_patch.symbols (.tramp.llSetupRejectInd.1)
                  0001c150    00000008     ble_rom_patch.symbols (.tramp.LL_ENC_Init.1)
                  0001c158    00000008     ble_rom_patch.symbols (.tramp.LL_ENC_LoadKey.1)
                  0001c160    00000008     ble_rom_patch.symbols (.tramp.LL_ENC_GenerateNonce.1)
                  0001c168    00000008     ble_rom_patch.symbols (.tramp.LL_ENC_EncryptMsg.1)
                  0001c170    00000008     ble_rom_patch.symbols (.tramp.LL_ENC_DecryptMsg.1)
                  0001c178    00000008     ble_rom_patch.symbols (.tramp.llSetupUpdateParamReq.1)
                  0001c180    00000008     ble_rom_patch.symbols (.tramp.llSetupEncReq.1)
                  0001c188    00000008     ble_rom_patch.symbols (.tramp.llSetupStartEncRsp.1)
                  0001c190    00000008     ble_rom_patch.symbols (.tramp.llSetupPauseEncReq.1)
                  0001c198    00000008     ble_rom_patch.symbols (.tramp.llSetupPauseEncRsp.1)
                  0001c1a0    00000008     ble_rom_patch.symbols (.tramp.LL_ReadRemoteVersionInfoCback.1)
                  0001c1a8    00000008     ble_rom_patch.symbols (.tramp.llSetupVersionIndReq.1)
                  0001c1b0    00000008     ble_rom_patch.symbols (.tramp.WL_Init.1)
                  0001c1b8    00000008     ble_rom_patch.symbols (.tramp.LL_ClearWhiteList.1)
                  0001c1c0    00000008     ble_rom_patch.symbols (.tramp.llReleaseAllConnId.1)
                  0001c1c8    00000008     ble_rom_patch.symbols (.tramp.LL_ENC_GenerateTrueRandNum.1)
                  0001c1d0    00000008     ble_rom_patch.symbols (.tramp.HCI_DataBufferOverflowEvent.1)
                  0001c1d8    00000008     ble_rom_patch.symbols (.tramp.LL_DirectTestEndDoneCback.1)
                  0001c1e0    00000008     ble_rom_patch.symbols (.tramp.llSetupAdv.1)
                  0001c1e8    00000008     ble_rom_patch.symbols (.tramp.llGetNumTasks.1)
                  0001c1f0    00000008     ble_rom_patch.symbols (.tramp.llSetupScan.1)
                  0001c1f8    00000008     ble_rom_patch.symbols (.tramp.llPendingUpdateParam.1)
                  0001c200    00000008     ble_rom_patch.symbols (.tramp.llGenerateCRC.1)
                  0001c208    00000008     ble_rom_patch.symbols (.tramp.llGenerateValidAccessAddr.1)
                  0001c210    00000008     ble_rom_patch.symbols (.tramp.llSetupInit.1)
                  0001c218    00000008     ble_rom_patch.symbols (.tramp.llAtLeastTwoChans.1)
                  0001c220    00000008     ble_rom_patch.symbols (.tramp.llGetAdvChanPDU.1)
                  0001c228    00000008     ble_rom_patch.symbols (.tramp.WL_AddEntry.1)
                  0001c230    00000008     ble_rom_patch.symbols (.tramp.LL_AdvReportCback.1)
                  0001c238    00000008     ble_rom_patch.symbols (.tramp.RFHAL_NextDataEntryDone.1)
                  0001c240    00000008     ble_rom_patch.symbols (.tramp.llCheckForLstoDuringSL.1)
                  0001c248    00000008     ble_rom_patch.symbols (.tramp.llEventInRange.1)
                  0001c250    00000008     ble_rom_patch.symbols (.tramp.LL_EncLtkReqCback.1)
                  0001c258    00000008     ble_rom_patch.symbols (.tramp.llSetupEncRsp.1)
                  0001c260    00000008     ble_rom_patch.symbols (.tramp.WL_ClearEntry.1)
                  0001c268    00000008     ble_rom_patch.symbols (.tramp.HCI_ReadRemoteVersionInfoCmd.1)
                  0001c270    00000008     ble_rom_patch.symbols (.tramp.HCI_SetEventMaskCmd.1)
                  0001c278    00000008     ble_rom_patch.symbols (.tramp.HCI_ReadTransmitPowerLevelCmd.1)
                  0001c280    00000008     ble_rom_patch.symbols (.tramp.HCI_ReadLocalSupportedFeaturesCmd.1)
                  0001c288    00000008     ble_rom_patch.symbols (.tramp.HCI_LE_ReadLocalSupportedFeaturesCmd.1)
                  0001c290    00000008     ble_rom_patch.symbols (.tramp.HCI_LE_ReadAdvChanTxPowerCmd.1)
                  0001c298    00000008     ble_rom_patch.symbols (.tramp.HCI_LE_ReadWhiteListSizeCmd.1)
                  0001c2a0    00000008     ble_rom_patch.symbols (.tramp.HCI_LE_ClearWhiteListCmd.1)
                  0001c2a8    00000008     ble_rom_patch.symbols (.tramp.HCI_LE_AddWhiteListCmd.1)
                  0001c2b0    00000008     ble_rom_patch.symbols (.tramp.HCI_LE_RemoveWhiteListCmd.1)
                  0001c2b8    00000008     ble_rom_patch.symbols (.tramp.HCI_LE_SetHostChanClassificationCmd.1)
                  0001c2c0    00000008     ble_rom_patch.symbols (.tramp.HCI_LE_ReadChannelMapCmd.1)
                  0001c2c8    00000008     ble_rom_patch.symbols (.tramp.HCI_ReverseBytes.1)
                  0001c2d0    00000008     ble_rom_patch.symbols (.tramp.HCI_LE_EncryptCmd.1)
                  0001c2d8    00000008     ble_rom_patch.symbols (.tramp.HCI_LE_RandCmd.1)
                  0001c2e0    00000008     ble_rom_patch.symbols (.tramp.HCI_LE_ReadSupportedStatesCmd.1)
                  0001c2e8    00000008     ble_rom_patch.symbols (.tramp.HCI_LE_TestEndCmd.1)
                  0001c2f0    00000008     ble_rom_patch.symbols (.tramp.HCI_EXT_SetRxGainCmd.1)
                  0001c2f8    00000008     ble_rom_patch.symbols (.tramp.HCI_EXT_SetTxPowerCmd.1)
                  0001c300    00000008     ble_rom_patch.symbols (.tramp.HCI_EXT_ExtendRfRangeCmd.1)
                  0001c308    00000008     ble_rom_patch.symbols (.tramp.HCI_EXT_HaltDuringRfCmd.1)
                  0001c310    00000008     ble_rom_patch.symbols (.tramp.HCI_EXT_SetMaxDtmTxPowerCmd.1)
                  0001c318    00000008     ble_rom_patch.symbols (.tramp.HCI_EXT_MapPmIoPortCmd.1)
                  0001c320    00000008     ble_rom_patch.symbols (.tramp.HCI_EXT_DisconnectImmedCmd.1)
                  0001c328    00000008     ble_rom_patch.symbols (.tramp.HCI_EXT_PacketErrorRateCmd.1)
                  0001c330    00000008     ble_rom_patch.symbols (.tramp.HCI_EXT_OverlappedProcessingCmd.1)
                  0001c338    00000008     ble_rom_patch.symbols (.tramp.HCI_EXT_NumComplPktsLimitCmd.1)
                  0001c340    00000008     ble_rom_patch.symbols (.tramp.HCI_EXT_OnePktPerEvtCmd.1)
                  0001c348    00000008     ble_rom_patch.symbols (.tramp.HCI_EXT_ClkDivOnHaltCmd.1)
                  0001c350    00000008     ble_rom_patch.symbols (.tramp.HCI_EXT_DeclareNvUsageCmd.1)
                  0001c358    00000008     ble_rom_patch.symbols (.tramp.HCI_EXT_DecryptCmd.1)
                  0001c360    00000008     ble_rom_patch.symbols (.tramp.HCI_EXT_SetLocalSupportedFeaturesCmd.1)
                  0001c368    00000008     ble_rom_patch.symbols (.tramp.HCI_EXT_SetFastTxResponseTimeCmd.1)
                  0001c370    00000008     ble_rom_patch.symbols (.tramp.HCI_EXT_SetSlaveLatencyOverrideCmd.1)
                  0001c378    00000008     ble_rom_patch.symbols (.tramp.HCI_EXT_SetSCACmd.1)
                  0001c380    00000008     ble_rom_patch.symbols (.tramp.HCI_EXT_BuildRevisionCmd.1)
                  0001c388    00000008     ble_rom_patch.symbols (.tramp.HCI_EXT_ModemTestTxCmd.1)
                  0001c390    00000008     ble_rom_patch.symbols (.tramp.HCI_EXT_ModemHopTestTxCmd.1)
                  0001c398    00000008     ble_rom_patch.symbols (.tramp.HCI_EXT_ModemTestRxCmd.1)
                  0001c3a0    00000008     ble_rom_patch.symbols (.tramp.HCI_EXT_EndModemTestCmd.1)
                  0001c3a8    00000008     ble_rom_patch.symbols (.tramp.HCI_EXT_SetBDADDRCmd.1)
                  0001c3b0    00000008     ble_rom_patch.symbols (.tramp.HCI_EXT_EnablePTMCmd.1)
                  0001c3b8    00000008     ble_rom_patch.symbols (.tramp.HCI_EXT_SetFreqTuneCmd.1)
                  0001c3c0    00000008     ble_rom_patch.symbols (.tramp.HCI_EXT_SaveFreqTuneCmd.1)
                  0001c3c8    00000008     ble_rom_patch.symbols (.tramp.LL_PseudoRand.1)
                  0001c3d0    00000008     ble_rom_patch.symbols (.tramp.HCI_SendControllerToHostEvent.1)
                  0001c3d8    00000008     ble_rom_patch.symbols (.tramp.HCI_EXT_AdvEventNoticeCmd.1)
                  0001c3e0    00000008     ble_rom_patch.symbols (.tramp.HCI_EXT_PERbyChanCmd.1)

.const     0    0001c3e8    000006f4     
                  0001c3e8    00000024     osal_icall_ble.obj (.const:tasksArr)
                  0001c40c    000006d0     rom_jt.obj (.const:$O12$$)

.constdata 
*          0    0001cadc    00000000     UNINITIALIZED

.rodata    0    0001cadc    000002e0     
                  0001cadc    00000008     host_pcxx.a : gapgattserver.o (.rodata)
                  0001cae4    00000008                 : gattservapp.o (.rodata)
                  0001caec    0000005c     cc2640_ctrl_pcxx_41c.a : ll_config.o (.rodata)
                  0001cb48    00000002                            : ll_patch.o (.rodata)
                  0001cb4a    00000002     --HOLE-- [fill = 0]
                  0001cb4c    00000270     cc26xx_hci_tl_full_v41.a : hci_tl.o (.rodata)

.cinit     0    0001cdc0    00000468     
                  0001cdc0    0000000c     (__TI_handler_table)
                  0001cdcc    00000010     (__TI_cinit_table)
                  0001cddc    00000004     --HOLE-- [fill = 0]
                  0001cde0    0000043c     (.cinit..data.load) [load image]
                  0001d21c    00000004     --HOLE-- [fill = 0]
                  0001d220    00000008     (.cinit..bss.load) [load image, compression = zero_init]

.pinit     0    0001d228    00000000     UNINITIALIZED

.init_array 
*          0    0001d228    00000000     UNINITIALIZED

.emb_text 
*          0    0001d228    00000000     UNINITIALIZED

.TI.bound:NV_FLASH 
*          0    0001e000    00001000     
                  0001e000    00001000     osal_snv_wrapper.obj (.TI.bound:NV_FLASH)

.bss       0    20004368    00000148     UNINITIALIZED
                  20004368    00000004     host_pcxx.a : att_client.o (.bss)
                  2000436c    00000004                 : att_server.o (.bss)
                  20004370    00000004                 : gap_devmgr.o (.bss)
                  20004374    00000004                 : gap_devmgr.o (.bss)
                  20004378    00000001                 : gap_devmgr.o (.bss)
                  20004379    00000002                 : gatt_task.o (.bss)
                  2000437b    00000001                 : l2cap_if.o (.bss)
                  2000437c    00000004                 : gap_linkmgr.o (.bss)
                  20004380    00000004                 : gap_task.o (.bss)
                  20004384    00000004                 : gapgattserver.o (.bss)
                  20004388    00000004                 : gatt_client.o (.bss)
                  2000438c    00000004                 : gatt_server.o (.bss)
                  20004390    00000008                 : gatt_task.o (.bss)
                  20004398    00000024                 : gattservapp.o (.bss)
                  200043bc    00000004                 : gattservapp.o (.bss)
                  200043c0    00000030                 : l2cap_task.o (.bss)
                  200043f0    00000001                 : l2cap_util.o (.bss)
                  200043f1    00000001                 : sm_task.o (.bss)
                  200043f2    00000001     cc2640_ctrl_pcxx_41c.a : ll_common_patch.o (.bss)
                  200043f3    00000001     cc26xx_hci_tl_full_v41.a : hci_tl.o (.bss)
                  200043f4    00000038     host_pcxx.a : linkdb.o (.bss)
                  2000442c    0000000c                 : sm_pairing.o (.bss)
                  20004438    00000004     cc2640_ctrl_pcxx_41c.a : ble_patch.o (.bss)
                  2000443c    00000004                            : ble_patch.o (.bss)
                  20004440    00000010                            : hci_event_patch.o (.bss)
                  20004450    00000008                            : ll_patch.o (.bss)
                  20004458    00000028                            : ll_scan_end_causes_patch.o (.bss)
                  20004480    00000002                            : ll_slave_end_causes_patch.o (.bss)
                  20004482    00000001     cc26xx_hci_tl_full_v41.a : hci_tl.o (.bss)
                  20004483    00000001                              : hci_tl.o (.bss)
                  20004484    00000001                              : hci_tl.o (.bss)
                  20004485    00000001                              : hci_tl.o (.bss)
                  20004486    00000001                              : hci_tl.o (.bss)
                  20004487    00000001                              : hci_tl.o (.bss)
                  20004488    00000001                              : hci_tl.o (.bss)
                  20004489    00000001     --HOLE--
                  2000448a    00000002                              : hci_tl.o (.bss)
                  2000448c    00000002                              : hci_tl.o (.bss)
                  2000448e    00000002     --HOLE--
                  20004490    00000004     hal_trng_wrapper.obj (.bss)
                  20004494    0000000c     osal_timers.obj (.bss:$O9$$)
                  200044a0    0000000c     icall_startup.obj (.bss:$O11$$)
                  200044ac    00000004     (.common:tasksEvents)

.data      0    200044b0    00000434     UNINITIALIZED
                  200044b0    00000010     host_pcxx.a : gap_centdevmgr.o (.data)
                  200044c0    00000008                 : gap_centlinkmgr.o (.data)
                  200044c8    0000002c                 : gap_configmgr.o (.data)
                  200044f4    00000050                 : gap_configmgr.o (.data)
                  20004544    0000001c                 : gap_linkmgr.o (.data)
                  20004560    0000001c                 : gap_peridevmgr.o (.data)
                  2000457c    00000004                 : gap_perilinkmgr.o (.data)
                  20004580    0000000c                 : gap_task.o (.data)
                  2000458c    00000001                 : gapgattserver.o (.data)
                  2000458d    00000001                 : gapgattserver.o (.data)
                  2000458e    00000001                 : gapgattserver.o (.data)
                  2000458f    00000001                 : gatt_client.o (.data)
                  20004590    00000024                 : gapgattserver.o (.data)
                  200045b4    00000070                 : gapgattserver.o (.data)
                  20004624    00000001                 : gatt_server.o (.data)
                  20004625    00000001                 : gatt_task.o (.data)
                  20004626    00000001                 : gattservapp.o (.data)
                  20004627    00000001     npi.obj (.data)
                  20004628    00000008     host_pcxx.a : gatt_server.o (.data)
                  20004630    00000010                 : gattservapp.o (.data)
                  20004640    00000008                 : l2cap_task.o (.data)
                  20004648    00000002                 : l2cap_task.o (.data)
                  2000464a    00000002     --HOLE--
                  2000464c    0000000c                 : sm_intpairing.o (.data)
                  20004658    00000010                 : sm_rsppairing.o (.data)
                  20004668    0000000c     cc2640_ctrl_pcxx_41c.a : ll_common_patch.o (.data)
                  20004674    00000020                            : ll_config.o (.data)
                  20004694    00000004     osal_bufmgr.obj (.data)
                  20004698    00000100     cc2640_ctrl_pcxx_41c.a : ll_patch.o (.data)
                  20004798    00000008     hal_assert.obj (.data:$O1$$)
                  200047a0    00000090     ble_dispatch.obj (.data:$O3$$)
                  20004830    00000028     osal.obj (.data:$O4$$)
                  20004858    0000007c     osal_cbtimer.obj (.data:$O5$$)
                  200048d4    00000008     osal_clock.obj (.data:$O6$$)
                  200048dc    00000004     osal_pwrmgr.obj (.data:$O7$$)
                  200048e0    00000004     osal_snv_wrapper.obj (.data:$O8$$)

MODULE SUMMARY

       Module                         code    ro data   rw data
       ------                         ----    -------   -------
    .\HAL\Common\
       hal_assert.obj                 32      0         8      
    +--+------------------------------+-------+---------+---------+
       Total:                         32      0         8      
                                                               
    .\HAL\Target\CC2650\Drivers\
       hal_trng_wrapper.obj           120     0         4      
       hal_flash_wrapper.obj          88      0         0      
    +--+------------------------------+-------+---------+---------+
       Total:                         208     0         4      
                                                               
    .\ICallBLE\
       ble_dispatch.obj               10002   0         144    
    +--+------------------------------+-------+---------+---------+
       Total:                         10002   0         144    
                                                               
    .\NPI\
       npi.obj                        92      0         1      
    +--+------------------------------+-------+---------+---------+
       Total:                         92      0         1      
                                                               
    .\OSAL\
       osal_snv_wrapper.obj           972     4096      4      
       osal.obj                       1640    0         40     
       osal_timers.obj                760     0         12     
       osal_cbtimer.obj               488     0         124    
       osal_bufmgr.obj                200     0         4      
       osal_pwrmgr.obj                144     0         4      
       osal_memory_icall.obj          68      0         0      
       osal_clock.obj                 0       0         8      
    +--+------------------------------+-------+---------+---------+
       Total:                         4272    4096      196    
                                                               
    .\PROFILES\
       gap.obj                        100     0         0      
       gattservapp_util.obj           96      0         0      
    +--+------------------------------+-------+---------+---------+
       Total:                         196     0         0      
                                                               
    .\Startup\
       rom_jt.obj                     54      1744      0      
       icall_startup.obj              672     0         12     
       osal_icall_ble.obj             56      36        0      
    +--+------------------------------+-------+---------+---------+
       Total:                         782     1780      12     
                                                               
    .\TOOLS\
       onboard.obj                    4       0         0      
    +--+------------------------------+-------+---------+---------+
       Total:                         4       0         0      
                                                               
    C:\Users\csxwin\AppData\Local\Temp\
       031802                         96      0         4      
    +--+------------------------------+-------+---------+---------+
       Total:                         96      0         4      
                                                               
    C:\ti\simplelink\ble_sdk_2_02_01_18\src\rom\ble_rom_releases\04242014\
       ble_rom_patch.symbols          1208    0         0      
    +--+------------------------------+-------+---------+---------+
       Total:                         1208    0         0      
                                                               
    C:/ti/tirtos_cc13xx_cc26xx_2_20_01_08/products/cc26xxware_2_24_02_17393/driverlib/bin/ccs/driverlib.lib
       interrupt.obj                  196     0         0      
       flash.obj                      56      0         0      
       cpu.obj                        24      0         0      
       vims.obj                       20      0         0      
    +--+------------------------------+-------+---------+---------+
       Total:                         296     0         0      
                                                               
    C:\ti\simplelink\ble_sdk_2_02_01_18\blelib\ctrl\cc2640\cc2640_ctrl_pcxx_41c.a
       ll_patch.o                     8316    2         264    
       ll_common_patch.o              5308    0         13     
       ble_patch.o                    2748    0         8      
       ll_slave_end_causes_patch.o    2374    0         2      
       ll_master_end_causes_patch.o   1706    0         0      
       hci_event_patch.o              1524    0         16     
       ll_isr.o                       1420    0         0      
       ll_adv_end_causes_patch.o      1350    0         0      
       hci_patch.o                    928     0         0      
       ll_init_end_causes_patch.o     808     0         0      
       ll_scheduler_patch.o           424     0         0      
       ll_enc_patch.o                 332     0         0      
       ll_scan_end_causes_patch.o     232     0         40     
       ll_wl_patch.o                  174     0         0      
       hci_data_patch.o               168     0         0      
       ll_config.o                    0       92        32     
       ll_sleep.o                     70      0         0      
       ll_access_address_patch.o      66      0         0      
       ll_rat_patch.o                 16      0         0      
    +--+------------------------------+-------+---------+---------+
       Total:                         27964   94        375    
                                                               
    C:\ti\simplelink\ble_sdk_2_02_01_18\blelib\hci_tl\cc26xx\cc26xx_hci_tl_full_v41.a
       hci_tl.o                       2782    624       12     
    +--+------------------------------+-------+---------+---------+
       Total:                         2782    624       12     
                                                               
    C:\ti\simplelink\ble_sdk_2_02_01_18\blelib\host\host_pcxx.a
       gattservapp.o                  4060    8         57     
       gatt_client.o                  3388    0         5      
       gatt_server.o                  2838    0         13     
       gap_linkmgr.o                  2492    0         32     
       sm_pairing.o                   2020    0         12     
       sm_mgr.o                       1696    0         0      
       l2cap_util.o                   1676    0         1      
       gap_peridevmgr.o               1572    0         28     
       att_util.o                     1484    0         0      
       sm_intpairing.o                1416    0         12     
       sm_rsppairing.o                1392    0         16     
       gap_centdevmgr.o               1348    0         16     
       gapgattserver.o                812     8         155    
       gap_configmgr.o                840     0         124    
       smp.o                          924     0         0      
       linkdb.o                       748     0         56     
       gatt_task.o                    774     0         11     
       gap_task.o                     756     0         16     
       l2cap_task.o                   696     0         58     
       gap_centlinkmgr.o              590     0         8      
       att_server.o                   492     0         4      
       att_client.o                   420     0         4      
       l2cap_if.o                     390     0         1      
       gatt_uuid.o                    318     0         0      
       gap_perilinkmgr.o              272     0         4      
       sm_task.o                      240     0         1      
       gap_devmgr.o                   176     0         9      
    +--+------------------------------+-------+---------+---------+
       Total:                         33830   16        643    
                                                               
    D:\CCS7.0\ccsv7\tools\compiler\ti-cgt-arm_16.9.0.LTS\lib\rtsv7M3_T_le_eabi.lib
       ull_div_t2.obj                 500     0         0      
       memcpy_t2.obj                  156     0         0      
       memset_t2.obj                  122     0         0      
       autoinit.obj                   120     0         0      
       copy_decompress_lzss.obj       104     0         0      
       cpy_tbl.obj                    76      0         0      
       ll_mul_t2.obj                  24      0         0      
       copy_decompress_none.obj       14      0         0      
       copy_zero_init.obj             12      0         0      
       startup.obj                    2       0         0      
    +--+------------------------------+-------+---------+---------+
       Total:                         1130    0         0      
                                                               
       Linker Generated:              0       1120      0      
    +--+------------------------------+-------+---------+---------+
       Grand Total:                   82894   7730      1399   


LINKER GENERATED COPY TABLES

__TI_cinit_table @ 0001cdcc records: 2, size/record: 8, table size: 16
	.data: load addr=0001cde0, load size=0000043c bytes, run addr=200044b0, run size=00000434 bytes, compression=copy
	.bss: load addr=0001d220, load size=00000008 bytes, run addr=20004368, run size=00000148 bytes, compression=zero_init


LINKER GENERATED HANDLER TABLE

__TI_handler_table @ 0001cdc0 records: 3, size/record: 4, table size: 12
	index: 0, handler: __TI_decompress_lzss
	index: 1, handler: __TI_decompress_none
	index: 2, handler: __TI_zero_init


FAR CALL TRAMPOLINES

callee name               trampoline name
   callee addr  tramp addr   call addr  call info
--------------  -----------  ---------  ----------------
__TI_auto_init            $Tramp$TT$S$$__TI_auto_init
   00017f5d     000082a0     0000800c   icall_startup.obj (EntrySection)
L2CAP_SetUserConfig       $Tramp$TT$S$$L2CAP_SetUserConfig
   0000dd1d     000082a8     0000806c   icall_startup.obj (EntrySection)
ICall_enrollService$21    $Tramp$TT$S$$ICall_enrollService$21
   0001bd6d     000082b0     000080c6   icall_startup.obj (EntrySection)
                             000081f8   icall_startup.obj (EntrySection)
halAssertHandlerExt       $Tramp$TT$S$$halAssertHandlerExt
   000186b5     000082b8     000080d8   icall_startup.obj (EntrySection)
HalFlashRead              $Tramp$TT$S$$HalFlashRead
   00018ee3     000082c0     00008100   icall_startup.obj (EntrySection)
findOffset$13             $Tramp$TT$S$$findOffset$13
   0001949d     000082c8     00008112   icall_startup.obj (EntrySection)
                             0000812a   icall_startup.obj (EntrySection)
compactPage$13            $Tramp$TT$S$$compactPage$13
   00019269     000082d0     00008116   icall_startup.obj (EntrySection)
erasePage$13              $Tramp$TT$S$$erasePage$13
   0001921f     000082d8     0000811c   icall_startup.obj (EntrySection)
setActivePage$13          $Tramp$TT$S$$setActivePage$13
   00019255     000082e0     00008120   icall_startup.obj (EntrySection)
ICall_getTicks$14         $Tramp$TT$S$$ICall_getTicks$14
   00018391     000082e8     00008138   icall_startup.obj (EntrySection)
osal_mem_alloc            $Tramp$TT$S$$osal_mem_alloc
   0001bd29     000082f0     00008148   icall_startup.obj (EntrySection)
                             00008162   icall_startup.obj (EntrySection)
osal_memset               $Tramp$TT$S$$osal_memset
   00018861     000082f8     00008152   icall_startup.obj (EntrySection)
                             0000815c   icall_startup.obj (EntrySection)
                             00008170   icall_startup.obj (EntrySection)
                             00008192   icall_startup.obj (EntrySection)
LL_Init                   $Tramp$TT$S$$LL_Init
   0001485d     00008300     00008176   icall_startup.obj (EntrySection)
HCI_Init                  $Tramp$TT$S$$HCI_Init
   00017485     00008308     0000817c   icall_startup.obj (EntrySection)
L2CAP_Init                $Tramp$TT$S$$L2CAP_Init
   0000dd21     00008310     00008198   icall_startup.obj (EntrySection)
GAP_Init                  $Tramp$TT$S$$GAP_Init
   0000a93f     00008318     0000819e   icall_startup.obj (EntrySection)
SM_Init                   $Tramp$TT$S$$SM_Init
   000102c5     00008320     000081a4   icall_startup.obj (EntrySection)
GATT_Init                 $Tramp$TT$S$$GATT_Init
   0000c7e3     00008328     000081aa   icall_startup.obj (EntrySection)
GATTServApp_Init          $Tramp$TT$S$$GATTServApp_Init
   0000cbdd     00008330     000081b0   icall_startup.obj (EntrySection)
GATT_RegisterForMsgs      $Tramp$TT$S$$GATT_RegisterForMsgs
   0000c7a9     00008338     000081bc   icall_startup.obj (EntrySection)
GATT_RegisterForInd       $Tramp$TT$S$$GATT_RegisterForInd
   0000afd3     00008340     000081c2   icall_startup.obj (EntrySection)
GATTServApp_RegisterForMsg  $Tramp$TT$S$$GATTServApp_RegisterForMsg
   0000cbd5     00008348     000081c8   icall_startup.obj (EntrySection)
osal_snv_read             $Tramp$TT$S$$osal_snv_read
   00019471     00008350     000081d4   icall_startup.obj (EntrySection)
                             000081e0   icall_startup.obj (EntrySection)
                             000081ea   icall_startup.obj (EntrySection)
osal_start_system         $Tramp$TT$S$$osal_start_system
   00018c9d     00008358     0000824a   icall_startup.obj (EntrySection)
HCI_LE_SetScanParamCmd    $Tramp$TT$L$PI$$HCI_LE_SetScanParamCmd
   10009915     0001bf30     00008d3c   host_pcxx.a : gap_centdevmgr.o (.text)
                             00017b38   cc26xx_hci_tl_full_v41.a : hci_tl.o (.text)
HCI_LE_SetScanEnableCmd   $Tramp$TT$L$PI$$HCI_LE_SetScanEnableCmd
   10009941     0001bf38     000091fc   host_pcxx.a : gap_centdevmgr.o (.text)
                             00017b46   cc26xx_hci_tl_full_v41.a : hci_tl.o (.text)
HCI_LE_CreateConnCmd      $Tramp$TT$L$PI$$HCI_LE_CreateConnCmd
   1000995d     0001bf40     000092d4   host_pcxx.a : gap_centlinkmgr.o (.text)
                             00017bbc   cc26xx_hci_tl_full_v41.a : hci_tl.o (.text)
HCI_LE_CreateConnCancelCmd  $Tramp$TT$L$PI$$HCI_LE_CreateConnCancelCmd
   1000999d     0001bf48     00009386   host_pcxx.a : gap_centlinkmgr.o (.text)
                             00017bc8   cc26xx_hci_tl_full_v41.a : hci_tl.o (.text)
HCI_ReadBDADDRCmd         $Tramp$TT$L$PI$$HCI_ReadBDADDRCmd
   10009765     0001bf50     00009492   host_pcxx.a : gap_configmgr.o (.text)
                             00017efa   cc26xx_hci_tl_full_v41.a : hci_tl.o (.text)
                             0001bb52   ble_dispatch.obj (.text)
HCI_LE_SetRandomAddressCmd  $Tramp$TT$L$PI$$HCI_LE_SetRandomAddressCmd
   10009849     0001bf58     00009662   host_pcxx.a : gap_configmgr.o (.text)
                             00017aa2   cc26xx_hci_tl_full_v41.a : hci_tl.o (.text)
LL_ReadBDADDR             $Tramp$TT$L$PI$$LL_ReadBDADDR
   100056c9     0001bf60     00009730   host_pcxx.a : gap_configmgr.o (.text)
HCI_DisconnectCmd         $Tramp$TT$L$PI$$HCI_DisconnectCmd
   10009525     0001bf68     000098b2   host_pcxx.a : gap_linkmgr.o (.text)
                             00009e5e               : gap_linkmgr.o (.text)
                             00017978   cc26xx_hci_tl_full_v41.a : hci_tl.o (.text)
HCI_LE_SetAdvDataCmd      $Tramp$TT$L$PI$$HCI_LE_SetAdvDataCmd
   100098a1     0001bf70     0000a2ec   host_pcxx.a : gap_peridevmgr.o (.text)
                             0000a784               : gap_peridevmgr.o (.text)
                             00017ae8   cc26xx_hci_tl_full_v41.a : hci_tl.o (.text)
HCI_LE_SetScanRspDataCmd  $Tramp$TT$L$PI$$HCI_LE_SetScanRspDataCmd
   100098bd     0001bf78     0000a2f6   host_pcxx.a : gap_peridevmgr.o (.text)
                             0000a78e               : gap_peridevmgr.o (.text)
                             00017af6   cc26xx_hci_tl_full_v41.a : hci_tl.o (.text)
HCI_LE_SetAdvEnableCmd    $Tramp$TT$L$PI$$HCI_LE_SetAdvEnableCmd
   100098d9     0001bf80     0000a346   host_pcxx.a : gap_peridevmgr.o (.text)
                             0000a514               : gap_peridevmgr.o (.text)
                             00017b02   cc26xx_hci_tl_full_v41.a : hci_tl.o (.text)
HCI_LE_SetAdvParamCmd     $Tramp$TT$L$PI$$HCI_LE_SetAdvParamCmd
   1000986d     0001bf88     0000a65c   host_pcxx.a : gap_peridevmgr.o (.text)
                             00017ad8   cc26xx_hci_tl_full_v41.a : hci_tl.o (.text)
HCI_SetControllerToHostFlowCtrlCmd  $Tramp$TT$L$PI$$HCI_SetControllerToHostFlowCtrlCmd
   100095f5     0001bf90     0000dcb0   host_pcxx.a : l2cap_if.o (.text)
                             0000dcd0               : l2cap_if.o (.text)
                             000179d0   cc26xx_hci_tl_full_v41.a : hci_tl.o (.text)
HCI_HostBufferSizeCmd     $Tramp$TT$L$PI$$HCI_HostBufferSizeCmd
   10009631     0001bf98     0000dcc6   host_pcxx.a : l2cap_if.o (.text)
                             000179fe   cc26xx_hci_tl_full_v41.a : hci_tl.o (.text)
HCI_HostNumCompletedPktCmd  $Tramp$TT$L$PI$$HCI_HostNumCompletedPktCmd
   1000965d     0001bfa0     0000dce4   host_pcxx.a : l2cap_if.o (.text)
                             00017a0e   cc26xx_hci_tl_full_v41.a : hci_tl.o (.text)
HCI_SendDataPkt           $Tramp$TT$L$PI$$HCI_SendDataPkt
   100094e9     0001bfa8     0000e1c0   host_pcxx.a : l2cap_util.o (.text)
                             0001789a   cc26xx_hci_tl_full_v41.a : hci_tl.o (.text)
HCI_bm_alloc              $Tramp$TT$L$PI$$HCI_bm_alloc
   100094a1     0001bfb0     0000e642   host_pcxx.a : l2cap_util.o (.text)
                             00012da4   cc2640_ctrl_pcxx_41c.a : ll_common_patch.o (.text)
                             000177b0   cc26xx_hci_tl_full_v41.a : hci_tl.o (.text)
                             0001bbac   ble_dispatch.obj (.text)
HCI_LE_StartEncyptCmd     $Tramp$TT$L$PI$$HCI_LE_StartEncyptCmd
   10009ba9     0001bfb8     0000e9e8   host_pcxx.a : sm_intpairing.o (.text)
                             00017cd2   cc26xx_hci_tl_full_v41.a : hci_tl.o (.text)
LL_Encrypt                $Tramp$TT$L$PI$$LL_Encrypt
   100057d5     0001bfc0     0000f1f4   host_pcxx.a : sm_mgr.o (.text)
HCI_LE_LtkReqReplyCmd     $Tramp$TT$L$PI$$HCI_LE_LtkReqReplyCmd
   10009bc5     0001bfc8     0000fe0c   host_pcxx.a : sm_rsppairing.o (.text)
                             00017ce8   cc26xx_hci_tl_full_v41.a : hci_tl.o (.text)
HCI_LE_LtkReqNegReplyCmd  $Tramp$TT$L$PI$$HCI_LE_LtkReqNegReplyCmd
   10009be1     0001bfd0     0000fe26   host_pcxx.a : sm_rsppairing.o (.text)
                             00017cfc   cc26xx_hci_tl_full_v41.a : hci_tl.o (.text)
llMemCopySrc              $Tramp$TT$L$PI$$llMemCopySrc
   100089d9     0001bfd8     000107be   cc2640_ctrl_pcxx_41c.a : ble_patch.o (.text)
                             000107ca                          : ble_patch.o (.text)
                             000107d6                          : ble_patch.o (.text)
                             000107e2                          : ble_patch.o (.text)
                             00010806                          : ble_patch.o (.text)
                             0001084a                          : ble_patch.o (.text)
                             00010856                          : ble_patch.o (.text)
                             000108ae                          : ble_patch.o (.text)
                             000108ba                          : ble_patch.o (.text)
                             000108c8                          : ble_patch.o (.text)
                             000108e0                          : ble_patch.o (.text)
                             00010986                          : ble_patch.o (.text)
                             00010994                          : ble_patch.o (.text)
                             00010bde                          : ble_patch.o (.text)
                             00010bf6                          : ble_patch.o (.text)
                             00010ce2                          : ble_patch.o (.text)
                             00010cf0                          : ble_patch.o (.text)
LL_ENC_ReverseBytes       $Tramp$TT$L$PI$$LL_ENC_ReverseBytes
   1000b4ed     0001bfe0     000108d2   cc2640_ctrl_pcxx_41c.a : ble_patch.o (.text)
                             000108e8                          : ble_patch.o (.text)
                             00010be8                          : ble_patch.o (.text)
                             00010bfe                          : ble_patch.o (.text)
LL_ENC_GenDeviceSKD       $Tramp$TT$L$PI$$LL_ENC_GenDeviceSKD
   1000b541     0001bfe8     000108f0   cc2640_ctrl_pcxx_41c.a : ble_patch.o (.text)
                             00015014                          : ll_patch.o (.text)
LL_ENC_GenDeviceIV        $Tramp$TT$L$PI$$LL_ENC_GenDeviceIV
   1000b555     0001bff0     000108f8   cc2640_ctrl_pcxx_41c.a : ble_patch.o (.text)
                             0001501c                          : ll_patch.o (.text)
llEnqueueCtrlPkt          $Tramp$TT$L$PI$$llEnqueueCtrlPkt
   100080bd     0001bff8     0001092c   cc2640_ctrl_pcxx_41c.a : ble_patch.o (.text)
                             00010af0                          : ble_patch.o (.text)
                             00010e5a                          : ble_patch.o (.text)
                             00010f9c                          : ble_patch.o (.text)
                             00012ff4                          : ll_common_patch.o (.text)
                             00013ee2                          : ll_master_end_causes_patch.o (.text)
                             00015044                          : ll_patch.o (.text)
                             00015142                          : ll_patch.o (.text)
                             00015960                          : ll_patch.o (.text)
                             00016026                          : ll_patch.o (.text)
llSetupUnknownRsp         $Tramp$TT$L$PI$$llSetupUnknownRsp
   10008069     0001c000     00010b30   cc2640_ctrl_pcxx_41c.a : ble_patch.o (.text)
                             00010f30                          : ble_patch.o (.text)
                             00014116                          : ll_master_end_causes_patch.o (.text)
                             00016a46                          : ll_slave_end_causes_patch.o (.text)
LL_ENC_AES128_Encrypt     $Tramp$TT$L$PI$$LL_ENC_AES128_Encrypt
   1000b5f5     0001c008     00010c24   cc2640_ctrl_pcxx_41c.a : ble_patch.o (.text)
                             00016b52                          : ll_slave_end_causes_patch.o (.text)
LL_EncKeyRefreshCback     $Tramp$TT$L$PI$$LL_EncKeyRefreshCback
   100093dd     0001c010     00010c54   cc2640_ctrl_pcxx_41c.a : ble_patch.o (.text)
                             00013fd6                          : ll_master_end_causes_patch.o (.text)
                             00016b9a                          : ll_slave_end_causes_patch.o (.text)
LL_EncChangeCback         $Tramp$TT$L$PI$$LL_EncChangeCback
   1000933d     0001c018     00010c76   cc2640_ctrl_pcxx_41c.a : ble_patch.o (.text)
                             00013f34                          : ll_master_end_causes_patch.o (.text)
                             00013fe2                          : ll_master_end_causes_patch.o (.text)
                             00016bb8                          : ll_slave_end_causes_patch.o (.text)
llMoveTempTxDataEntries   $Tramp$TT$L$PI$$llMoveTempTxDataEntries
   1000afa1     0001c020     00010c80   cc2640_ctrl_pcxx_41c.a : ble_patch.o (.text)
                             00013f18                          : ll_master_end_causes_patch.o (.text)
                             00016dfe                          : ll_slave_end_causes_patch.o (.text)
LL_RX_bm_alloc            $Tramp$TT$L$PI$$LL_RX_bm_alloc
   1000556d     0001c028     00011000   cc2640_ctrl_pcxx_41c.a : ble_patch.o (.text)
                             00011042                          : ble_patch.o (.text)
                             00012e96                          : ll_common_patch.o (.text)
llPatchCM0                $Tramp$TT$L$PI$$llPatchCM0
   1000adb1     0001c030     000110ba   cc2640_ctrl_pcxx_41c.a : ble_patch.o (.text)
RFHAL_AllocRatChan        $Tramp$TT$L$PI$$RFHAL_AllocRatChan
   10018315     0001c038     000110be   cc2640_ctrl_pcxx_41c.a : ble_patch.o (.text)
RFHAL_RegisterRatChanCallback  $Tramp$TT$L$PI$$RFHAL_RegisterRatChanCallback
   10018391     0001c040     000110ca   cc2640_ctrl_pcxx_41c.a : ble_patch.o (.text)
LL_CtrlToHostFlowControl  $Tramp$TT$L$PI$$LL_CtrlToHostFlowControl
   100058d5     0001c048     00011226   cc2640_ctrl_pcxx_41c.a : hci_data_patch.o (.text)
HCI_SendCommandCompleteEvent  $Tramp$TT$L$PI$$HCI_SendCommandCompleteEvent
   10008c81     0001c050     0001187a   cc2640_ctrl_pcxx_41c.a : hci_event_patch.o (.text)
HCI_CommandCompleteEvent  $Tramp$TT$L$PI$$HCI_CommandCompleteEvent
   10008add     0001c058     0001190a   cc2640_ctrl_pcxx_41c.a : hci_patch.o (.text)
                             000119ca                          : hci_patch.o (.text)
                             000119f8                          : hci_patch.o (.text)
                             00011a2c                          : hci_patch.o (.text)
                             00011a7c                          : hci_patch.o (.text)
                             00011bc6                          : hci_patch.o (.text)
                             0001787c   cc26xx_hci_tl_full_v41.a : hci_tl.o (.text)
HCI_CommandStatusEvent    $Tramp$TT$L$PI$$HCI_CommandStatusEvent
   10008ba1     0001c060     00011a66   cc2640_ctrl_pcxx_41c.a : hci_patch.o (.text)
                             00011ae8                          : hci_patch.o (.text)
LL_EXT_ResetSystem        $Tramp$TT$L$PI$$LL_EXT_ResetSystem
   100070d5     0001c068     00011b02   cc2640_ctrl_pcxx_41c.a : hci_patch.o (.text)
LL_ReadLocalVersionInfo   $Tramp$TT$L$PI$$LL_ReadLocalVersionInfo
   1000589d     0001c070     00011b84   cc2640_ctrl_pcxx_41c.a : hci_patch.o (.text)
llEqAlreadyValidAddr      $Tramp$TT$L$PI$$llEqAlreadyValidAddr
   1000d795     0001c078     00011c44   cc2640_ctrl_pcxx_41c.a : ll_access_address_patch.o (.text)
llGtSixConsecZerosOrOnes  $Tramp$TT$L$PI$$llGtSixConsecZerosOrOnes
   1000d6b1     0001c080     00011c4c   cc2640_ctrl_pcxx_41c.a : ll_access_address_patch.o (.text)
llEqSynchWord             $Tramp$TT$L$PI$$llEqSynchWord
   1000d6e5     0001c088     00011c54   cc2640_ctrl_pcxx_41c.a : ll_access_address_patch.o (.text)
llOneBitSynchWordDiffer   $Tramp$TT$L$PI$$llOneBitSynchWordDiffer
   1000d6f5     0001c090     00011c5c   cc2640_ctrl_pcxx_41c.a : ll_access_address_patch.o (.text)
llEqualBytes              $Tramp$TT$L$PI$$llEqualBytes
   1000d709     0001c098     00011c64   cc2640_ctrl_pcxx_41c.a : ll_access_address_patch.o (.text)
llGtTwentyFourTransitions  $Tramp$TT$L$PI$$llGtTwentyFourTransitions
   1000d731     0001c0a0     00011c6c   cc2640_ctrl_pcxx_41c.a : ll_access_address_patch.o (.text)
llLtTwoChangesInLastSixBits  $Tramp$TT$L$PI$$llLtTwoChangesInLastSixBits
   1000d761     0001c0a8     00011c74   cc2640_ctrl_pcxx_41c.a : ll_access_address_patch.o (.text)
llFreeTask                $Tramp$TT$L$PI$$llFreeTask
   1000abed     0001c0b0     00011ca4   cc2640_ctrl_pcxx_41c.a : ll_adv_end_causes_patch.o (.text)
                             00011dc8                          : ll_adv_end_causes_patch.o (.text)
                             0001285e                          : ll_common_patch.o (.text)
                             00013800                          : ll_init_end_causes_patch.o (.text)
                             00015cfe                          : ll_patch.o (.text)
                             00015f60                          : ll_patch.o (.text)
LL_ENC_GeneratePseudoRandNum  $Tramp$TT$L$PI$$LL_ENC_GeneratePseudoRandNum
   1000b50d     0001c0b8     00011cb8   cc2640_ctrl_pcxx_41c.a : ll_adv_end_causes_patch.o (.text)
                             00011d56                          : ll_adv_end_causes_patch.o (.text)
                             00015ed8                          : ll_patch.o (.text)
llScheduler               $Tramp$TT$L$PI$$llScheduler
   1000a335     0001c0c0     00011ce2   cc2640_ctrl_pcxx_41c.a : ll_adv_end_causes_patch.o (.text)
                             00011d92                          : ll_adv_end_causes_patch.o (.text)
                             00012146                          : ll_adv_end_causes_patch.o (.text)
                             00013a60                          : ll_init_end_causes_patch.o (.text)
                             00013aba                          : ll_init_end_causes_patch.o (.text)
                             00013c6e                          : ll_master_end_causes_patch.o (.text)
                             00015b5e                          : ll_patch.o (.text)
                             00015b9c                          : ll_patch.o (.text)
                             00015c82                          : ll_patch.o (.text)
                             00015cc0                          : ll_patch.o (.text)
                             00015f12                          : ll_patch.o (.text)
                             00015f8a                          : ll_patch.o (.text)
                             00016260                          : ll_scan_end_causes_patch.o (.text)
                             000166da                          : ll_slave_end_causes_patch.o (.text)
llConvertLstoToEvent      $Tramp$TT$L$PI$$llConvertLstoToEvent
   10008721     0001c0c8     00011ee2   cc2640_ctrl_pcxx_41c.a : ll_adv_end_causes_patch.o (.text)
                             00012a0e                          : ll_common_patch.o (.text)
                             00013850                          : ll_init_end_causes_patch.o (.text)
                             00013cb8                          : ll_master_end_causes_patch.o (.text)
                             000167ce                          : ll_slave_end_causes_patch.o (.text)
llConvertCtrlProcTimeoutToEvent  $Tramp$TT$L$PI$$llConvertCtrlProcTimeoutToEvent
   10008741     0001c0d0     00011eec   cc2640_ctrl_pcxx_41c.a : ll_adv_end_causes_patch.o (.text)
                             00012a66                          : ll_common_patch.o (.text)
                             0001385a                          : ll_init_end_causes_patch.o (.text)
                             00013d08                          : ll_master_end_causes_patch.o (.text)
                             0001682c                          : ll_slave_end_causes_patch.o (.text)
llCalcScaFactor           $Tramp$TT$L$PI$$llCalcScaFactor
   1000d94d     0001c0d8     00011f06   cc2640_ctrl_pcxx_41c.a : ll_adv_end_causes_patch.o (.text)
llConnTerminate           $Tramp$TT$L$PI$$llConnTerminate
   10008631     0001c0e0     00012016   cc2640_ctrl_pcxx_41c.a : ll_adv_end_causes_patch.o (.text)
                             000138fe                          : ll_init_end_causes_patch.o (.text)
                             00013c42                          : ll_master_end_causes_patch.o (.text)
                             0001412c                          : ll_master_end_causes_patch.o (.text)
                             000161b6                          : ll_patch.o (.text)
                             00016656                          : ll_slave_end_causes_patch.o (.text)
                             000169e0                          : ll_slave_end_causes_patch.o (.text)
                             00016d48                          : ll_slave_end_causes_patch.o (.text)
RFHAL_InitDataQueue       $Tramp$TT$L$PI$$RFHAL_InitDataQueue
   100183b9     0001c0e8     00012028   cc2640_ctrl_pcxx_41c.a : ll_adv_end_causes_patch.o (.text)
                             0001280a                          : ll_common_patch.o (.text)
                             0001283a                          : ll_common_patch.o (.text)
                             00013910                          : ll_init_end_causes_patch.o (.text)
llEventDelta              $Tramp$TT$L$PI$$llEventDelta
   10008719     0001c0f0     00012238   cc2640_ctrl_pcxx_41c.a : ll_common_patch.o (.text)
                             000129a2                          : ll_common_patch.o (.text)
                             00012b20                          : ll_common_patch.o (.text)
                             0001321c                          : ll_common_patch.o (.text)
                             0001679c                          : ll_slave_end_causes_patch.o (.text)
                             000167e8                          : ll_slave_end_causes_patch.o (.text)
LL_TX_bm_alloc            $Tramp$TT$L$PI$$LL_TX_bm_alloc
   10005549     0001c0f8     000123f8   cc2640_ctrl_pcxx_41c.a : ll_common_patch.o (.text)
                             00012446                          : ll_common_patch.o (.text)
                             000124c6                          : ll_common_patch.o (.text)
                             00012522                          : ll_common_patch.o (.text)
                             0001259c                          : ll_common_patch.o (.text)
                             000125e0                          : ll_common_patch.o (.text)
                             0001268c                          : ll_common_patch.o (.text)
                             0001337a                          : ll_common_patch.o (.text)
RFHAL_FreeNextTxDataEntry  $Tramp$TT$L$PI$$RFHAL_FreeNextTxDataEntry
   10018485     0001c100     0001275e   cc2640_ctrl_pcxx_41c.a : ll_common_patch.o (.text)
                             000127d8                          : ll_common_patch.o (.text)
RFHAL_GetNextDataEntry    $Tramp$TT$L$PI$$RFHAL_GetNextDataEntry
   100184cd     0001c108     00012764   cc2640_ctrl_pcxx_41c.a : ll_common_patch.o (.text)
                             000127de                          : ll_common_patch.o (.text)
                             0001281e                          : ll_common_patch.o (.text)
                             00013860                          : ll_init_end_causes_patch.o (.text)
                             0001626c                          : ll_scan_end_causes_patch.o (.text)
                             000172be                          : ll_isr.o (.text)
RFHAL_GetTempDataEntry    $Tramp$TT$L$PI$$RFHAL_GetTempDataEntry
   100184d1     0001c110     000127e8   cc2640_ctrl_pcxx_41c.a : ll_common_patch.o (.text)
                             0001343a                          : ll_common_patch.o (.text)
llReleaseConnId           $Tramp$TT$L$PI$$llReleaseConnId
   10008429     0001c118     00012858   cc2640_ctrl_pcxx_41c.a : ll_common_patch.o (.text)
                             00015e3c                          : ll_patch.o (.text)
                             00015f72                          : ll_patch.o (.text)
llTimeCompare             $Tramp$TT$L$PI$$llTimeCompare
   1000d8c9     0001c120     00012922   cc2640_ctrl_pcxx_41c.a : ll_common_patch.o (.text)
                             00012976                          : ll_common_patch.o (.text)
                             000129ca                          : ll_common_patch.o (.text)
                             00012cf2                          : ll_common_patch.o (.text)
                             00012f4a                          : ll_common_patch.o (.text)
llTimeDelta               $Tramp$TT$L$PI$$llTimeDelta
   1000d8f5     0001c128     00012986   cc2640_ctrl_pcxx_41c.a : ll_common_patch.o (.text)
                             00012f62                          : ll_common_patch.o (.text)
HCI_HardwareErrorEvent    $Tramp$TT$L$PI$$HCI_HardwareErrorEvent
   10008bf5     0001c130     00012b92   cc2640_ctrl_pcxx_41c.a : ll_common_patch.o (.text)
                             00012bbe                          : ll_common_patch.o (.text)
                             00012dc8                          : ll_common_patch.o (.text)
                             00012ed2                          : ll_common_patch.o (.text)
                             0001309a                          : ll_common_patch.o (.text)
                             00013550                          : ll_common_patch.o (.text)
                             0001355a                          : ll_common_patch.o (.text)
                             00014ce0                          : ll_patch.o (.text)
                             00015236                          : ll_patch.o (.text)
llGetCurrentTask          $Tramp$TT$L$PI$$llGetCurrentTask
   1000ac3d     0001c138     00012f50   cc2640_ctrl_pcxx_41c.a : ll_common_patch.o (.text)
                             00014bae                          : ll_patch.o (.text)
                             00015b7c                          : ll_patch.o (.text)
                             00015ca0                          : ll_patch.o (.text)
                             00015f46                          : ll_patch.o (.text)
                             00016190                          : ll_patch.o (.text)
                             0001619a                          : ll_patch.o (.text)
LL_ConnActive             $Tramp$TT$L$PI$$LL_ConnActive
   1000678d     0001c140     00012fc2   cc2640_ctrl_pcxx_41c.a : ll_common_patch.o (.text)
                             00014eb4                          : ll_patch.o (.text)
                             00014f86                          : ll_patch.o (.text)
                             00014fa4                          : ll_patch.o (.text)
                             00015078                          : ll_patch.o (.text)
                             000150c6                          : ll_patch.o (.text)
                             00015102                          : ll_patch.o (.text)
                             00015240                          : ll_patch.o (.text)
                             000157d2                          : ll_patch.o (.text)
                             000158e2                          : ll_patch.o (.text)
                             000160de                          : ll_patch.o (.text)
                             0001610e                          : ll_patch.o (.text)
                             00016188                          : ll_patch.o (.text)
llSetupRejectInd          $Tramp$TT$L$PI$$llSetupRejectInd
   10007df5     0001c148     0001334e   cc2640_ctrl_pcxx_41c.a : ll_common_patch.o (.text)
                             00016c18                          : ll_slave_end_causes_patch.o (.text)
LL_ENC_Init               $Tramp$TT$L$PI$$LL_ENC_Init
   1000b4c9     0001c150     000136ca   cc2640_ctrl_pcxx_41c.a : ll_enc_patch.o (.text)
                             00013738                          : ll_enc_patch.o (.text)
                             00014d74                          : ll_patch.o (.text)
                             00016e18                          : ll_sleep.o (.text)
LL_ENC_LoadKey            $Tramp$TT$L$PI$$LL_ENC_LoadKey
   1000b58d     0001c158     000136d2   cc2640_ctrl_pcxx_41c.a : ll_enc_patch.o (.text)
                             00013740                          : ll_enc_patch.o (.text)
LL_ENC_GenerateNonce      $Tramp$TT$L$PI$$LL_ENC_GenerateNonce
   1000b569     0001c160     000136f4   cc2640_ctrl_pcxx_41c.a : ll_enc_patch.o (.text)
                             00013764                          : ll_enc_patch.o (.text)
LL_ENC_EncryptMsg         $Tramp$TT$L$PI$$LL_ENC_EncryptMsg
   1000b721     0001c168     00013700   cc2640_ctrl_pcxx_41c.a : ll_enc_patch.o (.text)
LL_ENC_DecryptMsg         $Tramp$TT$L$PI$$LL_ENC_DecryptMsg
   1000b851     0001c170     00013774   cc2640_ctrl_pcxx_41c.a : ll_enc_patch.o (.text)
llSetupUpdateParamReq     $Tramp$TT$L$PI$$llSetupUpdateParamReq
   100079c9     0001c178     00013e94   cc2640_ctrl_pcxx_41c.a : ll_master_end_causes_patch.o (.text)
llSetupEncReq             $Tramp$TT$L$PI$$llSetupEncReq
   10007aed     0001c180     00013f4c   cc2640_ctrl_pcxx_41c.a : ll_master_end_causes_patch.o (.text)
llSetupStartEncRsp        $Tramp$TT$L$PI$$llSetupStartEncRsp
   10007ca9     0001c188     00013f7e   cc2640_ctrl_pcxx_41c.a : ll_master_end_causes_patch.o (.text)
                             00016bca                          : ll_slave_end_causes_patch.o (.text)
llSetupPauseEncReq        $Tramp$TT$L$PI$$llSetupPauseEncReq
   10007cfd     0001c190     00013faa   cc2640_ctrl_pcxx_41c.a : ll_master_end_causes_patch.o (.text)
llSetupPauseEncRsp        $Tramp$TT$L$PI$$llSetupPauseEncRsp
   10007d55     0001c198     00013fea   cc2640_ctrl_pcxx_41c.a : ll_master_end_causes_patch.o (.text)
                             00016be4                          : ll_slave_end_causes_patch.o (.text)
LL_ReadRemoteVersionInfoCback  $Tramp$TT$L$PI$$LL_ReadRemoteVersionInfoCback
   100091e1     0001c1a0     00014064   cc2640_ctrl_pcxx_41c.a : ll_master_end_causes_patch.o (.text)
                             00014076                          : ll_master_end_causes_patch.o (.text)
                             00016ca0                          : ll_slave_end_causes_patch.o (.text)
                             00016cb2                          : ll_slave_end_causes_patch.o (.text)
llSetupVersionIndReq      $Tramp$TT$L$PI$$llSetupVersionIndReq
   10007f29     0001c1a8     00014082   cc2640_ctrl_pcxx_41c.a : ll_master_end_causes_patch.o (.text)
                             00016cbe                          : ll_slave_end_causes_patch.o (.text)
WL_Init                   $Tramp$TT$L$PI$$WL_Init
   1000d189     0001c1b0     00014d70   cc2640_ctrl_pcxx_41c.a : ll_patch.o (.text)
LL_ClearWhiteList         $Tramp$TT$L$PI$$LL_ClearWhiteList
   10005719     0001c1b8     00014d78   cc2640_ctrl_pcxx_41c.a : ll_patch.o (.text)
llReleaseAllConnId        $Tramp$TT$L$PI$$llReleaseAllConnId
   10008461     0001c1c0     00014dea   cc2640_ctrl_pcxx_41c.a : ll_patch.o (.text)
LL_ENC_GenerateTrueRandNum  $Tramp$TT$L$PI$$LL_ENC_GenerateTrueRandNum
   1000b51d     0001c1c8     0001505c   cc2640_ctrl_pcxx_41c.a : ll_patch.o (.text)
HCI_DataBufferOverflowEvent  $Tramp$TT$L$PI$$HCI_DataBufferOverflowEvent
   10008a2d     0001c1d0     0001525e   cc2640_ctrl_pcxx_41c.a : ll_patch.o (.text)
LL_DirectTestEndDoneCback  $Tramp$TT$L$PI$$LL_DirectTestEndDoneCback
   10009471     0001c1d8     00015780   cc2640_ctrl_pcxx_41c.a : ll_patch.o (.text)
                             000157b6                          : ll_patch.o (.text)
llSetupAdv                $Tramp$TT$L$PI$$llSetupAdv
   100073e5     0001c1e0     00015b1e   cc2640_ctrl_pcxx_41c.a : ll_patch.o (.text)
llGetNumTasks             $Tramp$TT$L$PI$$llGetNumTasks
   1000ace1     0001c1e8     00015b74   cc2640_ctrl_pcxx_41c.a : ll_patch.o (.text)
                             00015c98                          : ll_patch.o (.text)
                             00015f3e                          : ll_patch.o (.text)
llSetupScan               $Tramp$TT$L$PI$$llSetupScan
   100075fd     0001c1f0     00015c76   cc2640_ctrl_pcxx_41c.a : ll_patch.o (.text)
llPendingUpdateParam      $Tramp$TT$L$PI$$llPendingUpdateParam
   10008665     0001c1f8     00015dce   cc2640_ctrl_pcxx_41c.a : ll_patch.o (.text)
llGenerateCRC             $Tramp$TT$L$PI$$llGenerateCRC
   100086b9     0001c200     00015eb2   cc2640_ctrl_pcxx_41c.a : ll_patch.o (.text)
llGenerateValidAccessAddr  $Tramp$TT$L$PI$$llGenerateValidAccessAddr
   1000d695     0001c208     00015eb8   cc2640_ctrl_pcxx_41c.a : ll_patch.o (.text)
llSetupInit               $Tramp$TT$L$PI$$llSetupInit
   100077b5     0001c210     00015efc   cc2640_ctrl_pcxx_41c.a : ll_patch.o (.text)
llAtLeastTwoChans         $Tramp$TT$L$PI$$llAtLeastTwoChans
   100082f1     0001c218     00015fbe   cc2640_ctrl_pcxx_41c.a : ll_patch.o (.text)
llGetAdvChanPDU           $Tramp$TT$L$PI$$llGetAdvChanPDU
   1000d4ad     0001c220     00016292   cc2640_ctrl_pcxx_41c.a : ll_scan_end_causes_patch.o (.text)
WL_AddEntry               $Tramp$TT$L$PI$$WL_AddEntry
   1000d2d9     0001c228     000162c0   cc2640_ctrl_pcxx_41c.a : ll_scan_end_causes_patch.o (.text)
LL_AdvReportCback         $Tramp$TT$L$PI$$LL_AdvReportCback
   10008d81     0001c230     000162ee   cc2640_ctrl_pcxx_41c.a : ll_scan_end_causes_patch.o (.text)
RFHAL_NextDataEntryDone   $Tramp$TT$L$PI$$RFHAL_NextDataEntryDone
   100184d5     0001c238     000162f4   cc2640_ctrl_pcxx_41c.a : ll_scan_end_causes_patch.o (.text)
                             000173d8                          : ll_isr.o (.text)
llCheckForLstoDuringSL    $Tramp$TT$L$PI$$llCheckForLstoDuringSL
   1000c1b5     0001c240     0001673c   cc2640_ctrl_pcxx_41c.a : ll_slave_end_causes_patch.o (.text)
llEventInRange            $Tramp$TT$L$PI$$llEventInRange
   100086f1     0001c248     0001675e   cc2640_ctrl_pcxx_41c.a : ll_slave_end_causes_patch.o (.text)
                             0001677e                          : ll_slave_end_causes_patch.o (.text)
LL_EncLtkReqCback         $Tramp$TT$L$PI$$LL_EncLtkReqCback
   1000925d     0001c250     00016aec   cc2640_ctrl_pcxx_41c.a : ll_slave_end_causes_patch.o (.text)
llSetupEncRsp             $Tramp$TT$L$PI$$llSetupEncRsp
   10007b95     0001c258     00016af4   cc2640_ctrl_pcxx_41c.a : ll_slave_end_causes_patch.o (.text)
WL_ClearEntry             $Tramp$TT$L$PI$$WL_ClearEntry
   1000d1f5     0001c260     00016e5a   cc2640_ctrl_pcxx_41c.a : ll_wl_patch.o (.text)
HCI_ReadRemoteVersionInfoCmd  $Tramp$TT$L$PI$$HCI_ReadRemoteVersionInfoCmd
   10009541     0001c268     0001798c   cc26xx_hci_tl_full_v41.a : hci_tl.o (.text)
                             0001bb8c   ble_dispatch.obj (.text)
[...]
1000a0f1  HCI_EXT_AdvEventNoticeCmd             
1000a109  HCI_EXT_BuildRevisionCmd              
1000a195  HCI_EXT_OverlappedProcessingCmd       
1000a1b5  HCI_EXT_NumComplPktsLimitCmd          
1000a1d5  LL_RandCback                          
1000a201  LL_EXT_SetRxGainCback                 
1000a211  LL_EXT_SetTxPowerCback                
1000a259  LL_EXT_PacketErrorRateCback           
1000a2ad  LL_EXT_ExtendRfRangeCback             
1000a335  llScheduler                           
1000a895  llFindStartType                       
1000a939  llFindNextSecTask                     
1000abed  llFreeTask                            
1000ac3d  llGetCurrentTask                      
1000aca9  llGetActiveTasks                      
1000ace1  llGetNumTasks                         
1000adb1  llPatchCM0                            
1000ae41  llRatChanCBack_B                      
1000ae45  llRatChanCBack_C                      
1000ae49  llRatChanCBack_D                      
1000ae4d  llSetupScanDataEntryQueue             
1000ae95  llSetupInitDataEntryQueue             
1000aeb1  llSetupAdvDataEntryQueue              
1000afa1  llMoveTempTxDataEntries               
1000b009  llGetNumTxDataEntries                 
1000b4c9  LL_ENC_Init                           
1000b4ed  LL_ENC_ReverseBytes                   
1000b50d  LL_ENC_GeneratePseudoRandNum          
1000b51d  LL_ENC_GenerateTrueRandNum            
1000b541  LL_ENC_GenDeviceSKD                   
1000b555  LL_ENC_GenDeviceIV                    
1000b569  LL_ENC_GenerateNonce                  
1000b58d  LL_ENC_LoadKey                        
1000b5f5  LL_ENC_AES128_Encrypt                 
1000b639  LL_ENC_AES128_Decrypt                 
1000b721  LL_ENC_EncryptMsg                     
1000b851  LL_ENC_DecryptMsg                     
1000c1b5  llCheckForLstoDuringSL                
1000cd51  llAdv_TaskAbort                       
1000d189  WL_Init                               
1000d1f5  WL_ClearEntry                         
1000d229  WL_GetSize                            
1000d2d9  WL_AddEntry                           
1000d36d  WL_RemoveEntry                        
1000d4ad  llGetAdvChanPDU                       
1000d695  llGenerateValidAccessAddr             
1000d6b1  llGtSixConsecZerosOrOnes              
1000d6e5  llEqSynchWord                         
1000d6f5  llOneBitSynchWordDiffer               
1000d709  llEqualBytes                          
1000d731  llGtTwentyFourTransitions             
1000d761  llLtTwoChangesInLastSixBits           
1000d795  llEqAlreadyValidAddr                  
1000d7cd  HCI_ReverseBytes                      
1000d8c9  llTimeCompare                         
1000d8f5  llTimeDelta                           
1000d94d  llCalcScaFactor                       
1000d964  SCA                                   
1000d9b0  advChan                               
1000d9b4  advEvt2Cmd                            
1000d9c0  advEvt2State                          
1000d9e1  llTaskError                           
1000d9ec  Fill1_1                               
1000dffc  A3_rw_1                               
1000dffc  romRev                                
1000dffd  __checksum_end                        
1000dffe  A2_rw_1                               
1000dffe  P1_ro_2_1                             
1000dffe  __checksum                            
10014c00  A1_rw                                 
10014c00  __checksum_begin_CommonROM            
10014c01  COMMON_ROM_BASE_ADDR                  
10014c04  P1_ro                                 
10014c05  SCALARMUL_init                        
10014ced  SCALARMUL_core                        
10015019  SCALARMUL_final                       
100150e5  SCALARMUL                             
10015101  SAVEPOINT                             
10015141  GETBIT                                
10015155  GETDIGIT                              
100151a5  GETDIGITL2R                           
10015215  SelectReg                             
10015229  ATOMICPATTERN                         
100154f5  JACADD                                
1001568d  INVERT                                
10015821  SQUAREMULTIPLYWORD                    
1001588c  LUTOPCODE                             
10015894  LUTOPSIGN                             
100158ac  LUTC                                  
100158c4  LUTSE                                 
100158dc  LUTINCI                               
100158f4  LUTJ                                  
1001596c  LUTSTATE                              
100159a9  IMPORTLENGTH                          
100159ad  IMPORTMODULUS                         
100159d1  IMPORTOPERAND                         
10015a11  EXPORTOPERAND                         
10015a35  IMPORTDATA                            
10015a51  SETOPERAND                            
10015a6d  COPY                                  
10015a85  ZERO                                  
10015a91  SETWORD                               
10015a9d  mSET                                  
10015bcd  zSET                                  
10015bd5  mINVK                                 
10015d19  zADD                                  
10015d5d  zSUB                                  
10015de9  zMACC32                               
10015e69  zSUB32                                
10015eb5  zADD32                                
10015f0d  zMULT32                               
10015f81  mMULT                                 
10016551  mADD                                  
1001664d  mSUB                                  
10016749  mOUT                                  
10016975  ssp_KeyInit_Sw                        
10016979  sspAesEncrypt_Sw                      
10016985  sspKeyExpansion_Sw                    
10016a99  sspAesEncryptKeyExp_Sw                
10016af5  sspAesEncryptBasic_Sw                 
10016b79  RoundKey_Sw                           
10016c29  AddRoundKeySubBytes_Sw                
10016c45  ShiftRows_Sw                          
10016c79  MixColumns_Sw                         
10016d05  FFMult_Sw                             
10016d29  sspAesDecrypt_Sw                      
10016da1  InvAddRoundKey_Sw                     
10016dc9  InvRoundKey_Sw                        
10016e8d  InvSubBytes_Sw                        
10016ea1  InvShiftRows_Sw                       
10016ed5  InvMixColumns_Sw                      
10016f58  FFMult2                               
10017058  FFMult3                               
10017158  RCon                                  
10017164  Sbox                                  
10017264  InvSbox                               
10017365  SSP_CCM_Auth_Sw                       
100174fd  SSP_CCM_Encrypt_Sw                    
100175ed  SSP_CTR_Encrypt_Sw                    
1001767d  SSP_CCM_Decrypt_Sw                    
10017771  SSP_CTR_Decrypt_Sw                    
10017839  SSP_CCM_InvAuth_Sw                    
10017895  SSP_CCM_Auth_Encrypt_Sw               
100178f5  SSP_CCM_InvAuth_Decrypt_Sw            
10017959  ECC_allocWorkzone                     
10017961  ECC_setWin                            
10017969  ECDSA_sign                            
10017b01  ECDSA_verif                           
10017dbd  ECC_keyGen                            
10017ded  ECDH_commonKey                        
10017e39  SHA256_updateW                        
10017e75  SHA256_round                          
10017ef1  SHA256_nextState                      
10017f49  SHA256_saveBuffer                     
10017ffd  SHA256_init                           
10018019  SHA256_process                        
10018089  SHA256_final                          
10018129  SHA256_full                           
10018315  RFHAL_AllocRatChan                    
1001833d  RFHAL_FreeRatChan                     
10018369  RFHAL_MapRatChansToInt                
10018391  RFHAL_RegisterRatChanCallback         
100183b9  RFHAL_InitDataQueue                   
100183c5  RFHAL_QueueRFDataEntries              
10018485  RFHAL_FreeNextTxDataEntry             
100184a9  RFHAL_AllocDataEntryQueue             
100184c5  RFHAL_FreeDataEntryQueue              
100184cd  RFHAL_GetNextDataEntry                
100184d1  RFHAL_GetTempDataEntry                
100184d5  RFHAL_NextDataEntryDone               
100184f9  RFHAL_AllocDataEntry                  
10018549  RFHAL_FreeDataEntry                   
10018551  RFHAL_BuildRingBuffer                 
100185e1  RFHAL_BuildDataEntryRingBuffer        
10018669  RFHAL_BuildLinkedBuffer               
10018a19  AesCcm_authEncrypt_Sw                 
10018a35  AesCcm_decryptAuth_Sw                 
10018a99  Aes_encrypt_Sw                        
10018ac5  Aes_decrypt_Sw                        
10018b09  AesCcm_getNumBlocks_Sw                
10018b0c  NIST256_p                             
10018b30  NIST256_r                             
10018b54  NIST256_a                             
10018b78  NIST256_b                             
10018b9c  NIST256_Gx                            
10018bc0  NIST256_Gy                            
10018ced  __exit                                
10018d6c  Fill1                                 
10019ffc  A3_rw                                 
10019ffd  __checksum_end_CommonROM              
10019ffe  A2_rw                                 
10019ffe  P1_ro_2                               
10019ffe  __checksum_CommonROM                  
20004370  pGapDiscReq                           
20004374  pGapAdvertState                       
20004378  gapState                              
20004379  gattNumConns                          
2000437a  gattTaskID                            
2000437c  pfnPeripheralConnCBs                  
20004380  pfnBondMgrCBs                         
20004388  clientInfoTbl                         
2000438c  serverInfoTbl                         
200043b0  GATTServApp_TaskID                    
200043c0  l2capFixedChannels                    
200043f0  l2capId                               
200043f1  smTaskID                              
200043f2  nextConnId                            
200043f3  hciTaskID                             
200043f4  linkDBNumConns                        
2000442c  pPairingParams                        
20004430  pfnResponderCBs                       
20004438  linkCmd                               
2000443c  linkParam                             
20004440  pBleEvtMask                           
20004448  pHciEvtMask2                          
20004450  rfEvent                               
20004458  advPkt                                
20004482  hciTestTaskID                         
20004483  hciGapTaskID                          
20004484  hciL2capTaskID                        
20004485  hciSmpTaskID                          
20004486  hciExtTaskID                          
20004494  timerHead                             
20004498  osal_last_timestamp                   
200044a0  ICall_dispatcher                      
200044a4  ICall_enterCriticalSection            
200044a8  ICall_leaveCriticalSection            
200044ac  tasksEvents                           
200044e4  gapAppTaskID                          
200044e5  gapProfileRole                        
200044e6  gapDeviceAddrMode                     
200044e7  gapAutoAdvPrivateAddrChange           
200044e8  gapPrivateAddrChangeTimeout           
20004548  slaveUpdateReq                        
20004550  slaveConnHandle                       
20004554  pEstLink                              
20004558  pAuthLink                             
2000455c  pfnCentralConnCBs                     
20004580  gapTaskID                             
20004581  gapUnwantedTaskID                     
20004584  pfnPeripheralCBs                      
2000458f  indTaskId                             
20004624  reqTaskId                             
20004625  gattAppTaskID                         
20004626  appTaskID                             
20004640  l2capTaskID                           
20004641  l2capNumChannels                      
20004642  l2capNumDataPkts                      
20004644  l2capChannels                         
20004648  l2capMtuSize                          
20004674  llUserConfig                          
20004698  advInfoExt                            
2000469c  maxPduSize                            
2000469d  rfFeModeBias                          
2000469e  maxNumTxDataBufs                      
200046a0  scanInfoExt                           
200046a4  rfCmdHandle                           
200046a8  rfHandle                              
200046ac  rfDrvTblPtr                           
200046b0  llConnectionExt                       
200046b4  trngDrvTblPtr                         
200046b8  activeConns                           
200046bc  SysBootMsg                            
200046c0  sclkSrc                               
200046c4  rfMode                                
200046d4  rfParams                              
200046e8  rfSetup                               
20004700  rfObject                              
20004798  assertSubcause                        
20004799  legacyMode                            
2000479c  halAssertCback                        
200047a0  bleDispatch_TaskID                    
200047a4  hciExtSignCounter                     
200047f8  rspBuf                                
20004831  osal_entity                           
20004838  osal_qHead                            
2000483c  osal_eventloop_hook                   
20004840  osal_semaphore                        
20004844  osal_tickperiod                       
20004848  osal_max_msecs                        
20004858  baseTaskID                            
2000485c  cbTimers                              
200048d8  OSAL_timeSeconds                      
200048dc  pwrmgr_initialized                    
200048de  pwrmgr_attribute                      
200048e8  A4_rw_1                               
200048e8  RAM_BASE_ADDR                         
200048fc  P2_zi_1                               
200048fc  scanDataEntry                         
200049dc  scanDataQueue                         
200049ec  advInfo                               
20004a8c  wlTable                               
20004b10  wlTableScan                           
20004b94  initDataEntry                         
20004bcc  initDataQueue                         
20004bdc  advDataEntry                          
20004c14  advDataQueue                          
20004c24  advCmd                                
20004c6c  ownPublicAddr                         
20004c74  ownRandomAddr                         
20004c7c  ownSavedPublicAddr                    
20004c84  LL_TaskID                             
20004c85  maxTxPwrForDTM                        
20004c86  onePktPerEvt                          
20004c87  numComplPktsLimit                     
20004c88  numComplPktsFlush                     
20004c89  slOverride                            
20004c8a  rxFifoFlowCtrl                        
20004c8b  numTxDataBufs                         
20004c8c  verInfo                               
20004c94  rfCfgAdiVal                           
20004c96  sleepDelay                            
20004c98  buildInfo                             
20004c9c  peerInfo                              
20004ca8  chanMapUpdate                         
20004cb0  llConns                               
20004cb8  llState                               
20004cb9  curTxPowerVal                         
20004cba  numComplPkts                          
20004cbb  fastTxRespTime                        
20004cbc  maxNumConns                           
20004cbe  postRfOperations                      
20004cc0  rssiCorrection                        
20004cc4  taskEndAction                         
20004cf0  initParam                             
20004d14  scanParam                             
20004d38  slvParam                              
20004d58  advParam                              
20004d78  txModemTestCmd                        
20004d94  scanInfo                              
20004db0  initCmd                               
20004dc8  connReqData                           
20004de0  slvCmd                                
20004df8  scanCmd                               
20004e10  scanOutput                            
20004e28  trxTestCmd                            
20004e40  rxModemTestCmd                        
20004e58  initInfo                              
20004e70  connOutput                            
20004e84  rxTestParam                           
20004e98  advOutput                             
20004ea8  txTestParam                           
20004eb8  initOutput                            
20004ec4  rxTestOut                             
20004ed0  deviceFeatureSet                      
20004edc  dtmInfo                               
20004ee8  cachedTRNGdata                        
20004ef4  llTaskList                            
20004f00  pHciEvtMask                           
20004f08  bleEvtMask                            
20004f0a  taskEndStatus                         
20004f0c  rxDataQ                               
20004f10  rxRingBuf                             
20004f14  mstCmd                                
20004f18  mstParam                              
20004f1c  txDataQ                               
20004f20  txTestOut                             
20004f24  ctrlToHostEnable                      
20004f26  numHostBufs                           
20004f28  hciPTMenabled                         
20004f2c  A4_rw                                 
20004f2c  COMMON_RAM_BASE_ADDR                  
20004f40  P2_rw                                 
20004f40  P2_s0                                 
20004f40  win                                   
20004f44  workzone                              
20004f48  data_p                                
20004f4c  data_r                                
20004f50  data_a                                
20004f54  inScalar                              
20004f58  inPointX                              
20004f5c  inPointY                              
20004f60  outPointX                             
20004f64  outPointY                             
20004f68  SCAL                                  
20004f6c  EXPX                                  
20004f70  EXPY                                  
20004f74  EXPZ                                  
20004f78  EXPW                                  
20004f7c  ACCX                                  
20004f80  ACCY                                  
20004f84  ACCZ                                  
20004f88  TMP1                                  
20004f8c  TMP2                                  
20004f90  TMP3                                  
20004f94  TMP4                                  
20004f98  TMP5                                  
20004f9c  TMP6                                  
20004fa0  data_Gx                               
20004fa4  data_Gy                               
20004fa8  data_b                                
20004fac  P2_zi                                 
20004fac  ratChanInfo                           
20004fcc  fwInfoCmd                             
20004fd8  MSBMOD                                
20004fdc  aux64                                 
20004fe4  MOD                                   
20004fe8  LEN                                   
20004ffc  pSspAesEncrypt_Sw                     
ffffffff  __TI_pprof_out_hndl                   
ffffffff  __TI_prof_data_size                   
ffffffff  __TI_prof_data_start                  
ffffffff  __binit__                             
ffffffff  __c_args__                            
ffffffff  binit                                 
UNDEFED   SHT$$INIT_ARRAY$$Base                 
UNDEFED   SHT$$INIT_ARRAY$$Limit                

[1323 symbols]
